Archive member included to satisfy reference by file (symbol)

c:/st/stm32cubeide_1.2.0/stm32cubeide/plugins/com.st.stm32cube.ide.mcu.externaltools.gnu-tools-for-stm32.7-2018-q2-update.win32_1.0.0.201904181610/tools/bin/../lib/gcc/arm-none-eabi/7.3.1/../../../../arm-none-eabi/lib/thumb/v7e-m/fpv4-sp/hard\libc_nano.a(lib_a-errno.o)
                              Core/Src/syscalls.o (__errno)
c:/st/stm32cubeide_1.2.0/stm32cubeide/plugins/com.st.stm32cube.ide.mcu.externaltools.gnu-tools-for-stm32.7-2018-q2-update.win32_1.0.0.201904181610/tools/bin/../lib/gcc/arm-none-eabi/7.3.1/../../../../arm-none-eabi/lib/thumb/v7e-m/fpv4-sp/hard\libc_nano.a(lib_a-exit.o)
                              c:/st/stm32cubeide_1.2.0/stm32cubeide/plugins/com.st.stm32cube.ide.mcu.externaltools.gnu-tools-for-stm32.7-2018-q2-update.win32_1.0.0.201904181610/tools/bin/../lib/gcc/arm-none-eabi/7.3.1/../../../../arm-none-eabi/lib/thumb/v7e-m/fpv4-sp/hard/crt0.o (exit)
c:/st/stm32cubeide_1.2.0/stm32cubeide/plugins/com.st.stm32cube.ide.mcu.externaltools.gnu-tools-for-stm32.7-2018-q2-update.win32_1.0.0.201904181610/tools/bin/../lib/gcc/arm-none-eabi/7.3.1/../../../../arm-none-eabi/lib/thumb/v7e-m/fpv4-sp/hard\libc_nano.a(lib_a-impure.o)
                              c:/st/stm32cubeide_1.2.0/stm32cubeide/plugins/com.st.stm32cube.ide.mcu.externaltools.gnu-tools-for-stm32.7-2018-q2-update.win32_1.0.0.201904181610/tools/bin/../lib/gcc/arm-none-eabi/7.3.1/../../../../arm-none-eabi/lib/thumb/v7e-m/fpv4-sp/hard\libc_nano.a(lib_a-exit.o) (_global_impure_ptr)
c:/st/stm32cubeide_1.2.0/stm32cubeide/plugins/com.st.stm32cube.ide.mcu.externaltools.gnu-tools-for-stm32.7-2018-q2-update.win32_1.0.0.201904181610/tools/bin/../lib/gcc/arm-none-eabi/7.3.1/../../../../arm-none-eabi/lib/thumb/v7e-m/fpv4-sp/hard\libc_nano.a(lib_a-init.o)
                              c:/st/stm32cubeide_1.2.0/stm32cubeide/plugins/com.st.stm32cube.ide.mcu.externaltools.gnu-tools-for-stm32.7-2018-q2-update.win32_1.0.0.201904181610/tools/bin/../lib/gcc/arm-none-eabi/7.3.1/../../../../arm-none-eabi/lib/thumb/v7e-m/fpv4-sp/hard/crt0.o (__libc_init_array)
c:/st/stm32cubeide_1.2.0/stm32cubeide/plugins/com.st.stm32cube.ide.mcu.externaltools.gnu-tools-for-stm32.7-2018-q2-update.win32_1.0.0.201904181610/tools/bin/../lib/gcc/arm-none-eabi/7.3.1/../../../../arm-none-eabi/lib/thumb/v7e-m/fpv4-sp/hard\libc_nano.a(lib_a-memset.o)
                              c:/st/stm32cubeide_1.2.0/stm32cubeide/plugins/com.st.stm32cube.ide.mcu.externaltools.gnu-tools-for-stm32.7-2018-q2-update.win32_1.0.0.201904181610/tools/bin/../lib/gcc/arm-none-eabi/7.3.1/../../../../arm-none-eabi/lib/thumb/v7e-m/fpv4-sp/hard/crt0.o (memset)
c:/st/stm32cubeide_1.2.0/stm32cubeide/plugins/com.st.stm32cube.ide.mcu.externaltools.gnu-tools-for-stm32.7-2018-q2-update.win32_1.0.0.201904181610/tools/bin/../lib/gcc/arm-none-eabi/7.3.1/../../../../arm-none-eabi/lib/thumb/v7e-m/fpv4-sp/hard\libc_nano.a(lib_a-rand.o)
                              Core/Src/main.o (srand)
c:/st/stm32cubeide_1.2.0/stm32cubeide/plugins/com.st.stm32cube.ide.mcu.externaltools.gnu-tools-for-stm32.7-2018-q2-update.win32_1.0.0.201904181610/tools/bin/../lib/gcc/arm-none-eabi/7.3.1/../../../../arm-none-eabi/lib/thumb/v7e-m/fpv4-sp/hard\libc_nano.a(lib_a-sprintf.o)
                              Core/Src/main.o (sprintf)
c:/st/stm32cubeide_1.2.0/stm32cubeide/plugins/com.st.stm32cube.ide.mcu.externaltools.gnu-tools-for-stm32.7-2018-q2-update.win32_1.0.0.201904181610/tools/bin/../lib/gcc/arm-none-eabi/7.3.1/../../../../arm-none-eabi/lib/thumb/v7e-m/fpv4-sp/hard\libc_nano.a(lib_a-malloc.o)
                              c:/st/stm32cubeide_1.2.0/stm32cubeide/plugins/com.st.stm32cube.ide.mcu.externaltools.gnu-tools-for-stm32.7-2018-q2-update.win32_1.0.0.201904181610/tools/bin/../lib/gcc/arm-none-eabi/7.3.1/../../../../arm-none-eabi/lib/thumb/v7e-m/fpv4-sp/hard\libc_nano.a(lib_a-rand.o) (malloc)
c:/st/stm32cubeide_1.2.0/stm32cubeide/plugins/com.st.stm32cube.ide.mcu.externaltools.gnu-tools-for-stm32.7-2018-q2-update.win32_1.0.0.201904181610/tools/bin/../lib/gcc/arm-none-eabi/7.3.1/../../../../arm-none-eabi/lib/thumb/v7e-m/fpv4-sp/hard\libc_nano.a(lib_a-nano-freer.o)
                              c:/st/stm32cubeide_1.2.0/stm32cubeide/plugins/com.st.stm32cube.ide.mcu.externaltools.gnu-tools-for-stm32.7-2018-q2-update.win32_1.0.0.201904181610/tools/bin/../lib/gcc/arm-none-eabi/7.3.1/../../../../arm-none-eabi/lib/thumb/v7e-m/fpv4-sp/hard\libc_nano.a(lib_a-malloc.o) (_free_r)
c:/st/stm32cubeide_1.2.0/stm32cubeide/plugins/com.st.stm32cube.ide.mcu.externaltools.gnu-tools-for-stm32.7-2018-q2-update.win32_1.0.0.201904181610/tools/bin/../lib/gcc/arm-none-eabi/7.3.1/../../../../arm-none-eabi/lib/thumb/v7e-m/fpv4-sp/hard\libc_nano.a(lib_a-nano-mallocr.o)
[...]
Memory Configuration

Name             Origin             Length             Attributes
RAM              0x0000000020000000 0x0000000000050000 xrw
FLASH            0x0000000008000000 0x0000000000100000 xr
*default*        0x0000000000000000 0xffffffffffffffff

Linker script and memory map

LOAD c:/st/stm32cubeide_1.2.0/stm32cubeide/plugins/com.st.stm32cube.ide.mcu.externaltools.gnu-tools-for-stm32.7-2018-q2-update.win32_1.0.0.201904181610/tools/bin/../lib/gcc/arm-none-eabi/7.3.1/thumb/v7e-m/fpv4-sp/hard/crti.o
LOAD c:/st/stm32cubeide_1.2.0/stm32cubeide/plugins/com.st.stm32cube.ide.mcu.externaltools.gnu-tools-for-stm32.7-2018-q2-update.win32_1.0.0.201904181610/tools/bin/../lib/gcc/arm-none-eabi/7.3.1/thumb/v7e-m/fpv4-sp/hard/crtbegin.o
LOAD c:/st/stm32cubeide_1.2.0/stm32cubeide/plugins/com.st.stm32cube.ide.mcu.externaltools.gnu-tools-for-stm32.7-2018-q2-update.win32_1.0.0.201904181610/tools/bin/../lib/gcc/arm-none-eabi/7.3.1/../../../../arm-none-eabi/lib/thumb/v7e-m/fpv4-sp/hard/crt0.o
LOAD Core/Src/Menu.o
LOAD Core/Src/diode.o
LOAD Core/Src/dma.o
LOAD Core/Src/enemyControl.o
LOAD Core/Src/enemyShootingControl.o
LOAD Core/Src/game.o
LOAD Core/Src/gameOver.o
LOAD Core/Src/i2c-lcd.o
LOAD Core/Src/intro.o
LOAD Core/Src/joystick.o
LOAD Core/Src/lcdchars.o
LOAD Core/Src/lcdcommands.o
LOAD Core/Src/loading.o
LOAD Core/Src/main.o
LOAD Core/Src/objectRefresh.o
LOAD Core/Src/playerControl.o
LOAD Core/Src/playerShootingControl.o
LOAD Core/Src/spi.o
LOAD Core/Src/stm32f7xx_hal_msp.o
LOAD Core/Src/stm32f7xx_it.o
LOAD Core/Src/syscalls.o
LOAD Core/Src/sysmem.o
LOAD Core/Src/system_stm32f7xx.o
LOAD Core/Src/ws2812b.o
LOAD Core/Startup/startup_stm32f746zgtx.o
LOAD Drivers/STM32F7xx_HAL_Driver/Src/stm32f7xx_hal.o
LOAD Drivers/STM32F7xx_HAL_Driver/Src/stm32f7xx_hal_adc.o
LOAD Drivers/STM32F7xx_HAL_Driver/Src/stm32f7xx_hal_adc_ex.o
LOAD Drivers/STM32F7xx_HAL_Driver/Src/stm32f7xx_hal_cortex.o
LOAD Drivers/STM32F7xx_HAL_Driver/Src/stm32f7xx_hal_dma.o
LOAD Drivers/STM32F7xx_HAL_Driver/Src/stm32f7xx_hal_dma_ex.o
LOAD Drivers/STM32F7xx_HAL_Driver/Src/stm32f7xx_hal_exti.o
LOAD Drivers/STM32F7xx_HAL_Driver/Src/stm32f7xx_hal_flash.o
LOAD Drivers/STM32F7xx_HAL_Driver/Src/stm32f7xx_hal_flash_ex.o
LOAD Drivers/STM32F7xx_HAL_Driver/Src/stm32f7xx_hal_gpio.o
LOAD Drivers/STM32F7xx_HAL_Driver/Src/stm32f7xx_hal_i2c.o
LOAD Drivers/STM32F7xx_HAL_Driver/Src/stm32f7xx_hal_i2c_ex.o
LOAD Drivers/STM32F7xx_HAL_Driver/Src/stm32f7xx_hal_pwr.o
LOAD Drivers/STM32F7xx_HAL_Driver/Src/stm32f7xx_hal_pwr_ex.o
LOAD Drivers/STM32F7xx_HAL_Driver/Src/stm32f7xx_hal_rcc.o
LOAD Drivers/STM32F7xx_HAL_Driver/Src/stm32f7xx_hal_rcc_ex.o
LOAD Drivers/STM32F7xx_HAL_Driver/Src/stm32f7xx_hal_spi.o
LOAD Drivers/STM32F7xx_HAL_Driver/Src/stm32f7xx_hal_spi_ex.o
LOAD Drivers/STM32F7xx_HAL_Driver/Src/stm32f7xx_hal_tim.o
LOAD Drivers/STM32F7xx_HAL_Driver/Src/stm32f7xx_hal_tim_ex.o
START GROUP
LOAD c:/st/stm32cubeide_1.2.0/stm32cubeide/plugins/com.st.stm32cube.ide.mcu.externaltools.gnu-tools-for-stm32.7-2018-q2-update.win32_1.0.0.201904181610/tools/bin/../lib/gcc/arm-none-eabi/7.3.1/../../../../arm-none-eabi/lib/thumb/v7e-m/fpv4-sp/hard\libc_nano.a
LOAD c:/st/stm32cubeide_1.2.0/stm32cubeide/plugins/com.st.stm32cube.ide.mcu.externaltools.gnu-tools-for-stm32.7-2018-q2-update.win32_1.0.0.201904181610/tools/bin/../lib/gcc/arm-none-eabi/7.3.1/../../../../arm-none-eabi/lib/thumb/v7e-m/fpv4-sp/hard\libm.a
END GROUP
START GROUP
LOAD c:/st/stm32cubeide_1.2.0/stm32cubeide/plugins/com.st.stm32cube.ide.mcu.externaltools.gnu-tools-for-stm32.7-2018-q2-update.win32_1.0.0.201904181610/tools/bin/../lib/gcc/arm-none-eabi/7.3.1/thumb/v7e-m/fpv4-sp/hard\libgcc.a
LOAD c:/st/stm32cubeide_1.2.0/stm32cubeide/plugins/com.st.stm32cube.ide.mcu.externaltools.gnu-tools-for-stm32.7-2018-q2-update.win32_1.0.0.201904181610/tools/bin/../lib/gcc/arm-none-eabi/7.3.1/../../../../arm-none-eabi/lib/thumb/v7e-m/fpv4-sp/hard\libc_nano.a
END GROUP
START GROUP
LOAD c:/st/stm32cubeide_1.2.0/stm32cubeide/plugins/com.st.stm32cube.ide.mcu.externaltools.gnu-tools-for-stm32.7-2018-q2-update.win32_1.0.0.201904181610/tools/bin/../lib/gcc/arm-none-eabi/7.3.1/thumb/v7e-m/fpv4-sp/hard\libgcc.a
LOAD c:/st/stm32cubeide_1.2.0/stm32cubeide/plugins/com.st.stm32cube.ide.mcu.externaltools.gnu-tools-for-stm32.7-2018-q2-update.win32_1.0.0.201904181610/tools/bin/../lib/gcc/arm-none-eabi/7.3.1/../../../../arm-none-eabi/lib/thumb/v7e-m/fpv4-sp/hard\libc_nano.a
LOAD c:/st/stm32cubeide_1.2.0/stm32cubeide/plugins/com.st.stm32cube.ide.mcu.externaltools.gnu-tools-for-stm32.7-2018-q2-update.win32_1.0.0.201904181610/tools/bin/../lib/gcc/arm-none-eabi/7.3.1/../../../../arm-none-eabi/lib/thumb/v7e-m/fpv4-sp/hard\libnosys.a
END GROUP
START GROUP
LOAD c:/st/stm32cubeide_1.2.0/stm32cubeide/plugins/com.st.stm32cube.ide.mcu.externaltools.gnu-tools-for-stm32.7-2018-q2-update.win32_1.0.0.201904181610/tools/bin/../lib/gcc/arm-none-eabi/7.3.1/thumb/v7e-m/fpv4-sp/hard\libgcc.a
LOAD c:/st/stm32cubeide_1.2.0/stm32cubeide/plugins/com.st.stm32cube.ide.mcu.externaltools.gnu-tools-for-stm32.7-2018-q2-update.win32_1.0.0.201904181610/tools/bin/../lib/gcc/arm-none-eabi/7.3.1/../../../../arm-none-eabi/lib/thumb/v7e-m/fpv4-sp/hard\libc_nano.a
LOAD c:/st/stm32cubeide_1.2.0/stm32cubeide/plugins/com.st.stm32cube.ide.mcu.externaltools.gnu-tools-for-stm32.7-2018-q2-update.win32_1.0.0.201904181610/tools/bin/../lib/gcc/arm-none-eabi/7.3.1/../../../../arm-none-eabi/lib/thumb/v7e-m/fpv4-sp/hard\libnosys.a
END GROUP
LOAD c:/st/stm32cubeide_1.2.0/stm32cubeide/plugins/com.st.stm32cube.ide.mcu.externaltools.gnu-tools-for-stm32.7-2018-q2-update.win32_1.0.0.201904181610/tools/bin/../lib/gcc/arm-none-eabi/7.3.1/thumb/v7e-m/fpv4-sp/hard/crtend.o
LOAD c:/st/stm32cubeide_1.2.0/stm32cubeide/plugins/com.st.stm32cube.ide.mcu.externaltools.gnu-tools-for-stm32.7-2018-q2-update.win32_1.0.0.201904181610/tools/bin/../lib/gcc/arm-none-eabi/7.3.1/thumb/v7e-m/fpv4-sp/hard/crtn.o
                0x0000000020050000                _estack = (ORIGIN (RAM) + LENGTH (RAM))
                0x0000000000000200                _Min_Heap_Size = 0x200
                0x0000000000000400                _Min_Stack_Size = 0x400

.isr_vector     0x0000000008000000      0x1c8
                0x0000000008000000                . = ALIGN (0x4)
 *(.isr_vector)
 .isr_vector    0x0000000008000000      0x1c8 Core/Startup/startup_stm32f746zgtx.o
                0x0000000008000000                g_pfnVectors
                0x00000000080001c8                . = ALIGN (0x4)

.text           0x00000000080001c8     0xa960
                0x00000000080001c8                . = ALIGN (0x4)
 *(.text)
 .text          0x00000000080001c8       0x40 c:/st/stm32cubeide_1.2.0/stm32cubeide/plugins/com.st.stm32cube.ide.mcu.externaltools.gnu-tools-for-stm32.7-2018-q2-update.win32_1.0.0.201904181610/tools/bin/../lib/gcc/arm-none-eabi/7.3.1/thumb/v7e-m/fpv4-sp/hard/crtbegin.o
 .text          0x0000000008000208       0x30 c:/st/stm32cubeide_1.2.0/stm32cubeide/plugins/com.st.stm32cube.ide.mcu.externaltools.gnu-tools-for-stm32.7-2018-q2-update.win32_1.0.0.201904181610/tools/bin/../lib/gcc/arm-none-eabi/7.3.1/thumb/v7e-m/fpv4-sp/hard\libgcc.a(_aeabi_uldivmod.o)
                0x0000000008000208                __aeabi_uldivmod
 .text          0x0000000008000238      0x2cc c:/st/stm32cubeide_1.2.0/stm32cubeide/plugins/com.st.stm32cube.ide.mcu.externaltools.gnu-tools-for-stm32.7-2018-q2-update.win32_1.0.0.201904181610/tools/bin/../lib/gcc/arm-none-eabi/7.3.1/thumb/v7e-m/fpv4-sp/hard\libgcc.a(_udivmoddi4.o)
                0x0000000008000238                __udivmoddi4
 .text          0x0000000008000504        0x4 c:/st/stm32cubeide_1.2.0/stm32cubeide/plugins/com.st.stm32cube.ide.mcu.externaltools.gnu-tools-for-stm32.7-2018-q2-update.win32_1.0.0.201904181610/tools/bin/../lib/gcc/arm-none-eabi/7.3.1/thumb/v7e-m/fpv4-sp/hard\libgcc.a(_dvmd_tls.o)
                0x0000000008000504                __aeabi_idiv0
                0x0000000008000504                __aeabi_ldiv0
 *(.text*)
 .text.MENU     0x0000000008000508      0x3a4 Core/Src/Menu.o
                0x0000000008000508                MENU
 .text.MENU_Animation_TIM2
                0x00000000080008ac       0x68 Core/Src/Menu.o
                0x00000000080008ac                MENU_Animation_TIM2
 .text.MENU_Animation_TIM5
                0x0000000008000914       0x6c Core/Src/Menu.o
                0x0000000008000914                MENU_Animation_TIM5
 .text.textFade
                0x0000000008000980       0x68 Core/Src/Menu.o
                0x0000000008000980                textFade
 .text.showUpperText
                0x00000000080009e8       0x48 Core/Src/Menu.o
                0x00000000080009e8                showUpperText
 .text.main_Menu
                0x0000000008000a30      0x254 Core/Src/Menu.o
                0x0000000008000a30                main_Menu
 .text.main_Menu_Marked
                0x0000000008000c84      0x274 Core/Src/Menu.o
                0x0000000008000c84                main_Menu_Marked
 .text.level_Menu
                0x0000000008000ef8      0x188 Core/Src/Menu.o
                0x0000000008000ef8                level_Menu
 .text.level_Menu_Picked
                0x0000000008001080      0x160 Core/Src/Menu.o
                0x0000000008001080                level_Menu_Picked
 .text.Menu_Conditions
                0x00000000080011e0      0x210 Core/Src/Menu.o
                0x00000000080011e0                Menu_Conditions
 .text.highscoresAnimation
                0x00000000080013f0      0x330 Core/Src/Menu.o
                0x00000000080013f0                highscoresAnimation
 .text.hiscore_Menu
                0x0000000008001720      0x580 Core/Src/Menu.o
                0x0000000008001720                hiscore_Menu
 .text.creditsAnimation
                0x0000000008001ca0      0x284 Core/Src/Menu.o
                0x0000000008001ca0                creditsAnimation
 .text.leftArrowAnimation
                0x0000000008001f24       0xfc Core/Src/Menu.o
                0x0000000008001f24                leftArrowAnimation
 .text.credits_Menu
                0x0000000008002020      0x2a0 Core/Src/Menu.o
                0x0000000008002020                credits_Menu
 .text.credits_Menu_Marked
                0x00000000080022c0      0x1c0 Core/Src/Menu.o
                0x00000000080022c0                credits_Menu_Marked
 .text.diodeArrayInit
                0x0000000008002480       0x54 Core/Src/diode.o
                0x0000000008002480                diodeArrayInit
 .text.MX_DMA_Init
                0x00000000080024d4       0x4c Core/Src/dma.o
                0x00000000080024d4                MX_DMA_Init
 .text.lcd_create_char
                0x0000000008002520       0x48 Core/Src/i2c-lcd.o
                0x0000000008002520                lcd_create_char
 .text.lcd_send_cmd
                0x0000000008002568       0x60 Core/Src/i2c-lcd.o
                0x0000000008002568                lcd_send_cmd
 .text.lcd_send_data
                0x00000000080025c8       0x60 Core/Src/i2c-lcd.o
                0x00000000080025c8                lcd_send_data
 .text.lcd_clear
                0x0000000008002628       0x2c Core/Src/i2c-lcd.o
                0x0000000008002628                lcd_clear
 .text.lcd_init
                0x0000000008002654       0x7a Core/Src/i2c-lcd.o
                0x0000000008002654                lcd_init
 *fill*         0x00000000080026ce        0x2 
 .text.introAnimation
                0x00000000080026d0      0x738 Core/Src/intro.o
                0x00000000080026d0                introAnimation
 .text.UP       0x0000000008002e08       0x20 Core/Src/joystick.o
                0x0000000008002e08                UP
 .text.DOWN     0x0000000008002e28       0x20 Core/Src/joystick.o
                0x0000000008002e28                DOWN
 .text.RIGHT    0x0000000008002e48       0x20 Core/Src/joystick.o
                0x0000000008002e48                RIGHT
 .text.LEFT     0x0000000008002e68       0x20 Core/Src/joystick.o
                0x0000000008002e68                LEFT
 .text.blockJoystick
                0x0000000008002e88       0x40 Core/Src/joystick.o
                0x0000000008002e88                blockJoystick
 .text.unblockJoystick
                0x0000000008002ec8       0x40 Core/Src/joystick.o
                0x0000000008002ec8                unblockJoystick
 .text.getJoystickLed
                0x0000000008002f08      0x10c Core/Src/joystick.o
                0x0000000008002f08                getJoystickLed
 .text.getJoystickDirection
                0x0000000008003014       0x74 Core/Src/joystick.o
                0x0000000008003014                getJoystickDirection
 .text.createChar
                0x0000000008003088       0x2c Core/Src/lcdchars.o
                0x0000000008003088                createChar
 .text.createInvertedWord
                0x00000000080030b4      0xca0 Core/Src/lcdchars.o
                0x00000000080030b4                createInvertedWord
 .text.lcd_clear_1
                0x0000000008003d54       0x18 Core/Src/lcdcommands.o
                0x0000000008003d54                lcd_clear_1
 .text.lcd_clear_2
                0x0000000008003d6c       0x18 Core/Src/lcdcommands.o
                0x0000000008003d6c                lcd_clear_2
 .text.lcd_clear_3
                0x0000000008003d84       0x18 Core/Src/lcdcommands.o
                0x0000000008003d84                lcd_clear_3
 .text.lcd_clear_4
                0x0000000008003d9c       0x18 Core/Src/lcdcommands.o
                0x0000000008003d9c                lcd_clear_4
 .text.lcd_cls  0x0000000008003db4       0x3c Core/Src/lcdcommands.o
                0x0000000008003db4                lcd_cls
 .text.lcd_special_cls
                0x0000000008003df0       0x40 Core/Src/lcdcommands.o
                0x0000000008003df0                lcd_special_cls
 .text.lcd_clear_3_8_lines
                0x0000000008003e30       0x18 Core/Src/lcdcommands.o
                0x0000000008003e30                lcd_clear_3_8_lines
 .text.lcd_clear_4_8_lines
                0x0000000008003e48       0x18 Core/Src/lcdcommands.o
                0x0000000008003e48                lcd_clear_4_8_lines
 .text.LCD_SetLocalization
                0x0000000008003e60       0x20 Core/Src/lcdcommands.o
                0x0000000008003e60                LCD_SetLocalization
 .text.LCD_SendWord
                0x0000000008003e80       0x28 Core/Src/lcdcommands.o
                0x0000000008003e80                LCD_SendWord
 .text.printDots
                0x0000000008003ea8       0xec Core/Src/loading.o
                0x0000000008003ea8                printDots
 .text.enemyAboveWord
                0x0000000008003f94      0x490 Core/Src/loading.o
                0x0000000008003f94                enemyAboveWord
 .text.miniDuelOfSpaces
                0x0000000008004424      0x1f0 Core/Src/loading.o
                0x0000000008004424                miniDuelOfSpaces
 .text.HAL_TIM_PeriodElapsedCallback
                0x0000000008004614       0x78 Core/Src/main.o
                0x0000000008004614                HAL_TIM_PeriodElapsedCallback
 .text.main     0x000000000800468c      0x108 Core/Src/main.o
                0x000000000800468c                main
 .text.SystemClock_Config
                0x0000000008004794      0x120 Core/Src/main.o
                0x0000000008004794                SystemClock_Config
 .text.MX_ADC1_Init
                0x00000000080048b4       0xc0 Core/Src/main.o
 .text.MX_I2C2_Init
                0x0000000008004974       0x80 Core/Src/main.o
 .text.MX_TIM2_Init
                0x00000000080049f4       0x9c Core/Src/main.o
 .text.MX_TIM3_Init
                0x0000000008004a90       0x9c Core/Src/main.o
 .text.MX_TIM4_Init
                0x0000000008004b2c       0xa0 Core/Src/main.o
 .text.MX_TIM5_Init
                0x0000000008004bcc       0xa0 Core/Src/main.o
 .text.MX_TIM6_Init
                0x0000000008004c6c       0x70 Core/Src/main.o
 .text.MX_TIM7_Init
                0x0000000008004cdc       0x70 Core/Src/main.o
 .text.MX_TIM8_Init
                0x0000000008004d4c       0xa8 Core/Src/main.o
 .text.MX_TIM9_Init
                0x0000000008004df4       0x74 Core/Src/main.o
 .text.MX_TIM10_Init
                0x0000000008004e68       0x48 Core/Src/main.o
 .text.MX_TIM11_Init
                0x0000000008004eb0       0x48 Core/Src/main.o
 .text.MX_TIM12_Init
                0x0000000008004ef8       0x74 Core/Src/main.o
 .text.MX_TIM13_Init
                0x0000000008004f6c       0x48 Core/Src/main.o
 .text.MX_GPIO_Init
                0x0000000008004fb4       0xcc Core/Src/main.o
 .text.Error_Handler
                0x0000000008005080        0xe Core/Src/main.o
                0x0000000008005080                Error_Handler
 *fill*         0x000000000800508e        0x2 
 .text.MX_SPI1_Init
                0x0000000008005090       0x7c Core/Src/spi.o
                0x0000000008005090                MX_SPI1_Init
 .text.HAL_SPI_MspInit
                0x000000000800510c       0xfc Core/Src/spi.o
                0x000000000800510c                HAL_SPI_MspInit
 .text.HAL_MspInit
                0x0000000008005208       0x48 Core/Src/stm32f7xx_hal_msp.o
                0x0000000008005208                HAL_MspInit
 .text.HAL_ADC_MspInit
                0x0000000008005250       0xf8 Core/Src/stm32f7xx_hal_msp.o
                0x0000000008005250                HAL_ADC_MspInit
 .text.HAL_I2C_MspInit
                0x0000000008005348       0xa8 Core/Src/stm32f7xx_hal_msp.o
                0x0000000008005348                HAL_I2C_MspInit
 .text.HAL_TIM_Base_MspInit
                0x00000000080053f0      0x2c0 Core/Src/stm32f7xx_hal_msp.o
                0x00000000080053f0                HAL_TIM_Base_MspInit
 .text.NMI_Handler
                0x00000000080056b0        0xe Core/Src/stm32f7xx_it.o
                0x00000000080056b0                NMI_Handler
 .text.HardFault_Handler
                0x00000000080056be        0x6 Core/Src/stm32f7xx_it.o
                0x00000000080056be                HardFault_Handler
 .text.MemManage_Handler
                0x00000000080056c4        0x6 Core/Src/stm32f7xx_it.o
                0x00000000080056c4                MemManage_Handler
 .text.BusFault_Handler
                0x00000000080056ca        0x6 Core/Src/stm32f7xx_it.o
                0x00000000080056ca                BusFault_Handler
 .text.UsageFault_Handler
                0x00000000080056d0        0x6 Core/Src/stm32f7xx_it.o
                0x00000000080056d0                UsageFault_Handler
 .text.SVC_Handler
                0x00000000080056d6        0xe Core/Src/stm32f7xx_it.o
                0x00000000080056d6                SVC_Handler
 .text.DebugMon_Handler
                0x00000000080056e4        0xe Core/Src/stm32f7xx_it.o
                0x00000000080056e4                DebugMon_Handler
 .text.PendSV_Handler
                0x00000000080056f2        0xe Core/Src/stm32f7xx_it.o
                0x00000000080056f2                PendSV_Handler
 .text.SysTick_Handler
                0x0000000008005700       0x10 Core/Src/stm32f7xx_it.o
                0x0000000008005700                SysTick_Handler
 .text.ADC_IRQHandler
                0x0000000008005710       0x14 Core/Src/stm32f7xx_it.o
                0x0000000008005710                ADC_IRQHandler
 .text.TIM1_BRK_TIM9_IRQHandler
                0x0000000008005724       0x14 Core/Src/stm32f7xx_it.o
                0x0000000008005724                TIM1_BRK_TIM9_IRQHandler
 .text.TIM1_UP_TIM10_IRQHandler
                0x0000000008005738       0x14 Core/Src/stm32f7xx_it.o
                0x0000000008005738                TIM1_UP_TIM10_IRQHandler
 .text.TIM1_TRG_COM_TIM11_IRQHandler
                0x000000000800574c       0x14 Core/Src/stm32f7xx_it.o
                0x000000000800574c                TIM1_TRG_COM_TIM11_IRQHandler
 .text.TIM2_IRQHandler
                0x0000000008005760       0x14 Core/Src/stm32f7xx_it.o
                0x0000000008005760                TIM2_IRQHandler
 .text.TIM3_IRQHandler
                0x0000000008005774       0x14 Core/Src/stm32f7xx_it.o
                0x0000000008005774                TIM3_IRQHandler
 .text.TIM4_IRQHandler
                0x0000000008005788       0x14 Core/Src/stm32f7xx_it.o
                0x0000000008005788                TIM4_IRQHandler
 .text.I2C2_EV_IRQHandler
                0x000000000800579c       0x14 Core/Src/stm32f7xx_it.o
                0x000000000800579c                I2C2_EV_IRQHandler
 .text.I2C2_ER_IRQHandler
                0x00000000080057b0       0x14 Core/Src/stm32f7xx_it.o
                0x00000000080057b0                I2C2_ER_IRQHandler
 .text.SPI1_IRQHandler
                0x00000000080057c4       0x14 Core/Src/stm32f7xx_it.o
                0x00000000080057c4                SPI1_IRQHandler
 .text.TIM8_BRK_TIM12_IRQHandler
                0x00000000080057d8       0x1c Core/Src/stm32f7xx_it.o
                0x00000000080057d8                TIM8_BRK_TIM12_IRQHandler
 .text.TIM8_UP_TIM13_IRQHandler
                0x00000000080057f4       0x1c Core/Src/stm32f7xx_it.o
                0x00000000080057f4                TIM8_UP_TIM13_IRQHandler
 .text.TIM5_IRQHandler
                0x0000000008005810       0x14 Core/Src/stm32f7xx_it.o
                0x0000000008005810                TIM5_IRQHandler
 .text.TIM6_DAC_IRQHandler
                0x0000000008005824       0x14 Core/Src/stm32f7xx_it.o
                0x0000000008005824                TIM6_DAC_IRQHandler
 .text.TIM7_IRQHandler
                0x0000000008005838       0x14 Core/Src/stm32f7xx_it.o
                0x0000000008005838                TIM7_IRQHandler
 .text.DMA2_Stream0_IRQHandler
                0x000000000800584c       0x14 Core/Src/stm32f7xx_it.o
                0x000000000800584c                DMA2_Stream0_IRQHandler
 .text.DMA2_Stream3_IRQHandler
                0x0000000008005860       0x14 Core/Src/stm32f7xx_it.o
                0x0000000008005860                DMA2_Stream3_IRQHandler
 .text._sbrk    0x0000000008005874       0x58 Core/Src/sysmem.o
                0x0000000008005874                _sbrk
 .text.SystemInit
                0x00000000080058cc       0x6c Core/Src/system_stm32f7xx.o
                0x00000000080058cc                SystemInit
 .text.encode_byte
                0x0000000008005938       0x94 Core/Src/ws2812b.o
                0x0000000008005938                encode_byte
 .text.generate_ws_buffer
                0x00000000080059cc       0x6a Core/Src/ws2812b.o
                0x00000000080059cc                generate_ws_buffer
 *fill*         0x0000000008005a36        0x2 
 .text.Send_4812
                0x0000000008005a38       0x2c Core/Src/ws2812b.o
                0x0000000008005a38                Send_4812
 .text.setAllPixelColor
                0x0000000008005a64       0x3e Core/Src/ws2812b.o
                0x0000000008005a64                setAllPixelColor
 *fill*         0x0000000008005aa2        0x2 
 .text.initLEDMOSI
                0x0000000008005aa4       0x28 Core/Src/ws2812b.o
                0x0000000008005aa4                initLEDMOSI
 .text.Reset_Handler
                0x0000000008005acc       0x50 Core/Startup/startup_stm32f746zgtx.o
                0x0000000008005acc                Reset_Handler
 .text.Default_Handler
                0x0000000008005b1c        0x2 Core/Startup/startup_stm32f746zgtx.o
                0x0000000008005b1c                RTC_Alarm_IRQHandler
                0x0000000008005b1c                EXTI2_IRQHandler
                0x0000000008005b1c                TIM8_CC_IRQHandler
                0x0000000008005b1c                UART8_IRQHandler
                0x0000000008005b1c                SPI4_IRQHandler
                0x0000000008005b1c                TIM1_CC_IRQHandler
                0x0000000008005b1c                DMA2_Stream5_IRQHandler
                0x0000000008005b1c                DMA1_Stream5_IRQHandler
                0x0000000008005b1c                PVD_IRQHandler
                0x0000000008005b1c                TAMP_STAMP_IRQHandler
                0x0000000008005b1c                CAN2_RX1_IRQHandler
                0x0000000008005b1c                EXTI3_IRQHandler
                0x0000000008005b1c                TIM8_TRG_COM_TIM14_IRQHandler
                0x0000000008005b1c                I2C3_ER_IRQHandler
                0x0000000008005b1c                EXTI0_IRQHandler
                0x0000000008005b1c                DMA1_Stream2_IRQHandler
                0x0000000008005b1c                CAN1_RX0_IRQHandler
                0x0000000008005b1c                FPU_IRQHandler
                0x0000000008005b1c                OTG_HS_WKUP_IRQHandler
                0x0000000008005b1c                LTDC_ER_IRQHandler
                0x0000000008005b1c                CAN2_SCE_IRQHandler
                0x0000000008005b1c                DMA2_Stream2_IRQHandler
                0x0000000008005b1c                DCMI_IRQHandler
                0x0000000008005b1c                CAN2_RX0_IRQHandler
                0x0000000008005b1c                SAI2_IRQHandler
                0x0000000008005b1c                USART6_IRQHandler
                0x0000000008005b1c                USART3_IRQHandler
                0x0000000008005b1c                CAN1_RX1_IRQHandler
                0x0000000008005b1c                UART5_IRQHandler
                0x0000000008005b1c                QUADSPI_IRQHandler
                0x0000000008005b1c                I2C1_EV_IRQHandler
                0x0000000008005b1c                DMA1_Stream6_IRQHandler
                0x0000000008005b1c                DMA1_Stream1_IRQHandler
                0x0000000008005b1c                UART4_IRQHandler
                0x0000000008005b1c                RCC_IRQHandler
                0x0000000008005b1c                Default_Handler
                0x0000000008005b1c                CEC_IRQHandler
                0x0000000008005b1c                EXTI15_10_IRQHandler
                0x0000000008005b1c                DMA1_Stream7_IRQHandler
                0x0000000008005b1c                SPI5_IRQHandler
                0x0000000008005b1c                SDMMC1_IRQHandler
                0x0000000008005b1c                CAN2_TX_IRQHandler
                0x0000000008005b1c                DMA2_Stream7_IRQHandler
                0x0000000008005b1c                I2C3_EV_IRQHandler
                0x0000000008005b1c                EXTI9_5_IRQHandler
                0x0000000008005b1c                RTC_WKUP_IRQHandler
                0x0000000008005b1c                LTDC_IRQHandler
                0x0000000008005b1c                ETH_WKUP_IRQHandler
                0x0000000008005b1c                SPDIF_RX_IRQHandler
                0x0000000008005b1c                SPI2_IRQHandler
                0x0000000008005b1c                OTG_HS_EP1_IN_IRQHandler
                0x0000000008005b1c                DMA1_Stream0_IRQHandler
                0x0000000008005b1c                CAN1_TX_IRQHandler
                0x0000000008005b1c                EXTI4_IRQHandler
                0x0000000008005b1c                RNG_IRQHandler
                0x0000000008005b1c                ETH_IRQHandler
                0x0000000008005b1c                OTG_HS_EP1_OUT_IRQHandler
                0x0000000008005b1c                WWDG_IRQHandler
                0x0000000008005b1c                SPI6_IRQHandler
                0x0000000008005b1c                I2C4_EV_IRQHandler
                0x0000000008005b1c                OTG_FS_WKUP_IRQHandler
                0x0000000008005b1c                OTG_HS_IRQHandler
                0x0000000008005b1c                DMA2D_IRQHandler
                0x0000000008005b1c                EXTI1_IRQHandler
                0x0000000008005b1c                UART7_IRQHandler
                0x0000000008005b1c                USART2_IRQHandler
                0x0000000008005b1c                DMA2_Stream1_IRQHandler
                0x0000000008005b1c                CAN1_SCE_IRQHandler
                0x0000000008005b1c                FLASH_IRQHandler
                0x0000000008005b1c                DMA2_Stream4_IRQHandler
                0x0000000008005b1c                USART1_IRQHandler
                0x0000000008005b1c                OTG_FS_IRQHandler
                0x0000000008005b1c                SPI3_IRQHandler
                0x0000000008005b1c                DMA1_Stream4_IRQHandler
                0x0000000008005b1c                I2C1_ER_IRQHandler
                0x0000000008005b1c                FMC_IRQHandler
                0x0000000008005b1c                LPTIM1_IRQHandler
                0x0000000008005b1c                I2C4_ER_IRQHandler
                0x0000000008005b1c                DMA2_Stream6_IRQHandler
                0x0000000008005b1c                SAI1_IRQHandler
                0x0000000008005b1c                DMA1_Stream3_IRQHandler
 .text.HAL_Init
                0x0000000008005b1e       0x1a Drivers/STM32F7xx_HAL_Driver/Src/stm32f7xx_hal.o
                0x0000000008005b1e                HAL_Init
 .text.HAL_InitTick
                0x0000000008005b38       0x60 Drivers/STM32F7xx_HAL_Driver/Src/stm32f7xx_hal.o
                0x0000000008005b38                HAL_InitTick
 .text.HAL_IncTick
                0x0000000008005b98       0x28 Drivers/STM32F7xx_HAL_Driver/Src/stm32f7xx_hal.o
                0x0000000008005b98                HAL_IncTick
 .text.HAL_GetTick
                0x0000000008005bc0       0x18 Drivers/STM32F7xx_HAL_Driver/Src/stm32f7xx_hal.o
                0x0000000008005bc0                HAL_GetTick
 .text.HAL_Delay
                0x0000000008005bd8       0x44 Drivers/STM32F7xx_HAL_Driver/Src/stm32f7xx_hal.o
                0x0000000008005bd8                HAL_Delay
 .text.HAL_ADC_Init
                0x0000000008005c1c       0x88 Drivers/STM32F7xx_HAL_Driver/Src/stm32f7xx_hal_adc.o
                0x0000000008005c1c                HAL_ADC_Init
 .text.HAL_ADC_IRQHandler
                0x0000000008005ca4      0x282 Drivers/STM32F7xx_HAL_Driver/Src/stm32f7xx_hal_adc.o
                0x0000000008005ca4                HAL_ADC_IRQHandler
 *fill*         0x0000000008005f26        0x2 
 .text.HAL_ADC_Start_DMA
                0x0000000008005f28      0x1dc Drivers/STM32F7xx_HAL_Driver/Src/stm32f7xx_hal_adc.o
                0x0000000008005f28                HAL_ADC_Start_DMA
 .text.HAL_ADC_ConvCpltCallback
                0x0000000008006104       0x14 Drivers/STM32F7xx_HAL_Driver/Src/stm32f7xx_hal_adc.o
                0x0000000008006104                HAL_ADC_ConvCpltCallback
 .text.HAL_ADC_ConvHalfCpltCallback
                0x0000000008006118       0x14 Drivers/STM32F7xx_HAL_Driver/Src/stm32f7xx_hal_adc.o
                0x0000000008006118                HAL_ADC_ConvHalfCpltCallback
 .text.HAL_ADC_LevelOutOfWindowCallback
                0x000000000800612c       0x14 Drivers/STM32F7xx_HAL_Driver/Src/stm32f7xx_hal_adc.o
                0x000000000800612c                HAL_ADC_LevelOutOfWindowCallback
 .text.HAL_ADC_ErrorCallback
                0x0000000008006140       0x14 Drivers/STM32F7xx_HAL_Driver/Src/stm32f7xx_hal_adc.o
                0x0000000008006140                HAL_ADC_ErrorCallback
 .text.HAL_ADC_ConfigChannel
                0x0000000008006154      0x268 Drivers/STM32F7xx_HAL_Driver/Src/stm32f7xx_hal_adc.o
                0x0000000008006154                HAL_ADC_ConfigChannel
 .text.ADC_Init
                0x00000000080063bc      0x1f4 Drivers/STM32F7xx_HAL_Driver/Src/stm32f7xx_hal_adc.o
 .text.ADC_DMAConvCplt
                0x00000000080065b0       0xba Drivers/STM32F7xx_HAL_Driver/Src/stm32f7xx_hal_adc.o
 .text.ADC_DMAHalfConvCplt
                0x000000000800666a       0x1c Drivers/STM32F7xx_HAL_Driver/Src/stm32f7xx_hal_adc.o
 .text.ADC_DMAError
                0x0000000008006686       0x2e Drivers/STM32F7xx_HAL_Driver/Src/stm32f7xx_hal_adc.o
 .text.HAL_ADCEx_InjectedConvCpltCallback
                0x00000000080066b4       0x14 Drivers/STM32F7xx_HAL_Driver/Src/stm32f7xx_hal_adc_ex.o
                0x00000000080066b4                HAL_ADCEx_InjectedConvCpltCallback
 .text.__NVIC_SetPriorityGrouping
                0x00000000080066c8       0x48 Drivers/STM32F7xx_HAL_Driver/Src/stm32f7xx_hal_cortex.o
 .text.__NVIC_GetPriorityGrouping
                0x0000000008006710       0x1c Drivers/STM32F7xx_HAL_Driver/Src/stm32f7xx_hal_cortex.o
 .text.__NVIC_EnableIRQ
                0x000000000800672c       0x3c Drivers/STM32F7xx_HAL_Driver/Src/stm32f7xx_hal_cortex.o
 .text.__NVIC_SetPriority
                0x0000000008006768       0x54 Drivers/STM32F7xx_HAL_Driver/Src/stm32f7xx_hal_cortex.o
 .text.NVIC_EncodePriority
                0x00000000080067bc       0x66 Drivers/STM32F7xx_HAL_Driver/Src/stm32f7xx_hal_cortex.o
 *fill*         0x0000000008006822        0x2 
 .text.SysTick_Config
                0x0000000008006824       0x44 Drivers/STM32F7xx_HAL_Driver/Src/stm32f7xx_hal_cortex.o
 .text.HAL_NVIC_SetPriorityGrouping
                0x0000000008006868       0x16 Drivers/STM32F7xx_HAL_Driver/Src/stm32f7xx_hal_cortex.o
                0x0000000008006868                HAL_NVIC_SetPriorityGrouping
 .text.HAL_NVIC_SetPriority
                0x000000000800687e       0x38 Drivers/STM32F7xx_HAL_Driver/Src/stm32f7xx_hal_cortex.o
                0x000000000800687e                HAL_NVIC_SetPriority
 .text.HAL_NVIC_EnableIRQ
                0x00000000080068b6       0x1c Drivers/STM32F7xx_HAL_Driver/Src/stm32f7xx_hal_cortex.o
                0x00000000080068b6                HAL_NVIC_EnableIRQ
 .text.HAL_SYSTICK_Config
                0x00000000080068d2       0x18 Drivers/STM32F7xx_HAL_Driver/Src/stm32f7xx_hal_cortex.o
                0x00000000080068d2                HAL_SYSTICK_Config
 .text.HAL_SYSTICK_Callback
                0x00000000080068ea        0xe Drivers/STM32F7xx_HAL_Driver/Src/stm32f7xx_hal_cortex.o
                0x00000000080068ea                HAL_SYSTICK_Callback
 .text.HAL_DMA_Init
                0x00000000080068f8      0x15c Drivers/STM32F7xx_HAL_Driver/Src/stm32f7xx_hal_dma.o
                0x00000000080068f8                HAL_DMA_Init
 .text.HAL_DMA_Start_IT
                0x0000000008006a54       0xc0 Drivers/STM32F7xx_HAL_Driver/Src/stm32f7xx_hal_dma.o
                0x0000000008006a54                HAL_DMA_Start_IT
 .text.HAL_DMA_Abort_IT
                0x0000000008006b14       0x44 Drivers/STM32F7xx_HAL_Driver/Src/stm32f7xx_hal_dma.o
                0x0000000008006b14                HAL_DMA_Abort_IT
 .text.HAL_DMA_IRQHandler
                0x0000000008006b58      0x314 Drivers/STM32F7xx_HAL_Driver/Src/stm32f7xx_hal_dma.o
                0x0000000008006b58                HAL_DMA_IRQHandler
 .text.DMA_SetConfig
                0x0000000008006e6c       0x5c Drivers/STM32F7xx_HAL_Driver/Src/stm32f7xx_hal_dma.o
 .text.DMA_CalcBaseAndBitshift
                0x0000000008006ec8       0x6c Drivers/STM32F7xx_HAL_Driver/Src/stm32f7xx_hal_dma.o
 .text.DMA_CheckFifoParam
                0x0000000008006f34       0xf4 Drivers/STM32F7xx_HAL_Driver/Src/stm32f7xx_hal_dma.o
 .text.HAL_GPIO_Init
                0x0000000008007028      0x354 Drivers/STM32F7xx_HAL_Driver/Src/stm32f7xx_hal_gpio.o
                0x0000000008007028                HAL_GPIO_Init
 .text.HAL_GPIO_ReadPin
                0x000000000800737c       0x30 Drivers/STM32F7xx_HAL_Driver/Src/stm32f7xx_hal_gpio.o
                0x000000000800737c                HAL_GPIO_ReadPin
 .text.HAL_GPIO_WritePin
                0x00000000080073ac       0x32 Drivers/STM32F7xx_HAL_Driver/Src/stm32f7xx_hal_gpio.o
                0x00000000080073ac                HAL_GPIO_WritePin
 .text.HAL_GPIO_TogglePin
                0x00000000080073de       0x36 Drivers/STM32F7xx_HAL_Driver/Src/stm32f7xx_hal_gpio.o
                0x00000000080073de                HAL_GPIO_TogglePin
 .text.HAL_I2C_Init
                0x0000000008007414      0x120 Drivers/STM32F7xx_HAL_Driver/Src/stm32f7xx_hal_i2c.o
                0x0000000008007414                HAL_I2C_Init
 .text.HAL_I2C_Master_Transmit
                0x0000000008007534      0x1e8 Drivers/STM32F7xx_HAL_Driver/Src/stm32f7xx_hal_i2c.o
                0x0000000008007534                HAL_I2C_Master_Transmit
 .text.HAL_I2C_EV_IRQHandler
                0x000000000800771c       0x34 Drivers/STM32F7xx_HAL_Driver/Src/stm32f7xx_hal_i2c.o
                0x000000000800771c                HAL_I2C_EV_IRQHandler
 .text.HAL_I2C_ER_IRQHandler
                0x0000000008007750       0xc2 Drivers/STM32F7xx_HAL_Driver/Src/stm32f7xx_hal_i2c.o
                0x0000000008007750                HAL_I2C_ER_IRQHandler
 .text.HAL_I2C_SlaveTxCpltCallback
                0x0000000008007812       0x14 Drivers/STM32F7xx_HAL_Driver/Src/stm32f7xx_hal_i2c.o
                0x0000000008007812                HAL_I2C_SlaveTxCpltCallback
 .text.HAL_I2C_SlaveRxCpltCallback
                0x0000000008007826       0x14 Drivers/STM32F7xx_HAL_Driver/Src/stm32f7xx_hal_i2c.o
                0x0000000008007826                HAL_I2C_SlaveRxCpltCallback
 .text.HAL_I2C_AddrCallback
                0x000000000800783a       0x1c Drivers/STM32F7xx_HAL_Driver/Src/stm32f7xx_hal_i2c.o
                0x000000000800783a                HAL_I2C_AddrCallback
 .text.HAL_I2C_ListenCpltCallback
                0x0000000008007856       0x14 Drivers/STM32F7xx_HAL_Driver/Src/stm32f7xx_hal_i2c.o
                0x0000000008007856                HAL_I2C_ListenCpltCallback
 .text.HAL_I2C_ErrorCallback
                0x000000000800786a       0x14 Drivers/STM32F7xx_HAL_Driver/Src/stm32f7xx_hal_i2c.o
                0x000000000800786a                HAL_I2C_ErrorCallback
 .text.HAL_I2C_AbortCpltCallback
                0x000000000800787e       0x14 Drivers/STM32F7xx_HAL_Driver/Src/stm32f7xx_hal_i2c.o
                0x000000000800787e                HAL_I2C_AbortCpltCallback
 .text.I2C_Slave_ISR_IT
                0x0000000008007892      0x20e Drivers/STM32F7xx_HAL_Driver/Src/stm32f7xx_hal_i2c.o
 .text.I2C_ITAddrCplt
                0x0000000008007aa0      0x104 Drivers/STM32F7xx_HAL_Driver/Src/stm32f7xx_hal_i2c.o
 .text.I2C_ITSlaveSeqCplt
                0x0000000008007ba4       0x7a Drivers/STM32F7xx_HAL_Driver/Src/stm32f7xx_hal_i2c.o
 *fill*         0x0000000008007c1e        0x2 
 .text.I2C_ITSlaveCplt
                0x0000000008007c20      0x1ac Drivers/STM32F7xx_HAL_Driver/Src/stm32f7xx_hal_i2c.o
 .text.I2C_ITListenCplt
                0x0000000008007dcc       0xa8 Drivers/STM32F7xx_HAL_Driver/Src/stm32f7xx_hal_i2c.o
 .text.I2C_ITError
                0x0000000008007e74      0x180 Drivers/STM32F7xx_HAL_Driver/Src/stm32f7xx_hal_i2c.o
 .text.I2C_Flush_TXDR
                0x0000000008007ff4       0x48 Drivers/STM32F7xx_HAL_Driver/Src/stm32f7xx_hal_i2c.o
 .text.I2C_DMAAbort
                0x000000000800803c       0x48 Drivers/STM32F7xx_HAL_Driver/Src/stm32f7xx_hal_i2c.o
 .text.I2C_WaitOnFlagUntilTimeout
                0x0000000008008084       0x80 Drivers/STM32F7xx_HAL_Driver/Src/stm32f7xx_hal_i2c.o
 .text.I2C_WaitOnTXISFlagUntilTimeout
                0x0000000008008104       0x80 Drivers/STM32F7xx_HAL_Driver/Src/stm32f7xx_hal_i2c.o
 .text.I2C_WaitOnSTOPFlagUntilTimeout
                0x0000000008008184       0x78 Drivers/STM32F7xx_HAL_Driver/Src/stm32f7xx_hal_i2c.o
 .text.I2C_IsAcknowledgeFailed
                0x00000000080081fc       0xcc Drivers/STM32F7xx_HAL_Driver/Src/stm32f7xx_hal_i2c.o
 .text.I2C_TransferConfig
                0x00000000080082c8       0x5c Drivers/STM32F7xx_HAL_Driver/Src/stm32f7xx_hal_i2c.o
 .text.I2C_Disable_IRQ
                0x0000000008008324       0xca Drivers/STM32F7xx_HAL_Driver/Src/stm32f7xx_hal_i2c.o
 .text.HAL_I2CEx_ConfigAnalogFilter
                0x00000000080083ee       0x96 Drivers/STM32F7xx_HAL_Driver/Src/stm32f7xx_hal_i2c_ex.o
                0x00000000080083ee                HAL_I2CEx_ConfigAnalogFilter
 .text.HAL_I2CEx_ConfigDigitalFilter
                0x0000000008008484       0x98 Drivers/STM32F7xx_HAL_Driver/Src/stm32f7xx_hal_i2c_ex.o
                0x0000000008008484                HAL_I2CEx_ConfigDigitalFilter
 .text.HAL_PWREx_EnableOverDrive
                0x000000000800851c       0xa0 Drivers/STM32F7xx_HAL_Driver/Src/stm32f7xx_hal_pwr_ex.o
                0x000000000800851c                HAL_PWREx_EnableOverDrive
 .text.HAL_RCC_OscConfig
                0x00000000080085bc      0x4e0 Drivers/STM32F7xx_HAL_Driver/Src/stm32f7xx_hal_rcc.o
                0x00000000080085bc                HAL_RCC_OscConfig
 .text.HAL_RCC_ClockConfig
                0x0000000008008a9c      0x1d0 Drivers/STM32F7xx_HAL_Driver/Src/stm32f7xx_hal_rcc.o
                0x0000000008008a9c                HAL_RCC_ClockConfig
 .text.HAL_RCC_GetSysClockFreq
                0x0000000008008c6c      0x1b0 Drivers/STM32F7xx_HAL_Driver/Src/stm32f7xx_hal_rcc.o
                0x0000000008008c6c                HAL_RCC_GetSysClockFreq
 .text.HAL_RCCEx_PeriphCLKConfig
                0x0000000008008e1c      0x7dc Drivers/STM32F7xx_HAL_Driver/Src/stm32f7xx_hal_rcc_ex.o
                0x0000000008008e1c                HAL_RCCEx_PeriphCLKConfig
 .text.HAL_SPI_Init
                0x00000000080095f8      0x124 Drivers/STM32F7xx_HAL_Driver/Src/stm32f7xx_hal_spi.o
                0x00000000080095f8                HAL_SPI_Init
 .text.HAL_SPI_Transmit
                0x000000000800971c      0x2cc Drivers/STM32F7xx_HAL_Driver/Src/stm32f7xx_hal_spi.o
                0x000000000800971c                HAL_SPI_Transmit
 .text.HAL_SPI_Transmit_DMA
                0x00000000080099e8      0x1d8 Drivers/STM32F7xx_HAL_Driver/Src/stm32f7xx_hal_spi.o
                0x00000000080099e8                HAL_SPI_Transmit_DMA
 .text.HAL_SPI_IRQHandler
                0x0000000008009bc0      0x200 Drivers/STM32F7xx_HAL_Driver/Src/stm32f7xx_hal_spi.o
                0x0000000008009bc0                HAL_SPI_IRQHandler
 .text.HAL_SPI_TxCpltCallback
                0x0000000008009dc0       0x14 Drivers/STM32F7xx_HAL_Driver/Src/stm32f7xx_hal_spi.o
                0x0000000008009dc0                HAL_SPI_TxCpltCallback
 .text.HAL_SPI_TxHalfCpltCallback
                0x0000000008009dd4       0x14 Drivers/STM32F7xx_HAL_Driver/Src/stm32f7xx_hal_spi.o
                0x0000000008009dd4                HAL_SPI_TxHalfCpltCallback
 .text.HAL_SPI_ErrorCallback
                0x0000000008009de8       0x14 Drivers/STM32F7xx_HAL_Driver/Src/stm32f7xx_hal_spi.o
                0x0000000008009de8                HAL_SPI_ErrorCallback
 .text.SPI_DMATransmitCplt
                0x0000000008009dfc       0xa8 Drivers/STM32F7xx_HAL_Driver/Src/stm32f7xx_hal_spi.o
 .text.SPI_DMAHalfTransmitCplt
                0x0000000008009ea4       0x1c Drivers/STM32F7xx_HAL_Driver/Src/stm32f7xx_hal_spi.o
 .text.SPI_DMAError
                0x0000000008009ec0       0x40 Drivers/STM32F7xx_HAL_Driver/Src/stm32f7xx_hal_spi.o
 .text.SPI_DMAAbortOnError
                0x0000000008009f00       0x2a Drivers/STM32F7xx_HAL_Driver/Src/stm32f7xx_hal_spi.o
 .text.SPI_WaitFlagStateUntilTimeout
                0x0000000008009f2a       0xd4 Drivers/STM32F7xx_HAL_Driver/Src/stm32f7xx_hal_spi.o
 .text.SPI_WaitFifoStateUntilTimeout
                0x0000000008009ffe       0xda Drivers/STM32F7xx_HAL_Driver/Src/stm32f7xx_hal_spi.o
 .text.SPI_EndRxTxTransaction
                0x000000000800a0d8       0x8c Drivers/STM32F7xx_HAL_Driver/Src/stm32f7xx_hal_spi.o
 .text.HAL_TIM_Base_Init
                0x000000000800a164       0x56 Drivers/STM32F7xx_HAL_Driver/Src/stm32f7xx_hal_tim.o
                0x000000000800a164                HAL_TIM_Base_Init
 *fill*         0x000000000800a1ba        0x2 
 .text.HAL_TIM_Base_Start_IT
                0x000000000800a1bc       0x54 Drivers/STM32F7xx_HAL_Driver/Src/stm32f7xx_hal_tim.o
                0x000000000800a1bc                HAL_TIM_Base_Start_IT
 .text.HAL_TIM_IRQHandler
                0x000000000800a210      0x23e Drivers/STM32F7xx_HAL_Driver/Src/stm32f7xx_hal_tim.o
                0x000000000800a210                HAL_TIM_IRQHandler
 *fill*         0x000000000800a44e        0x2 
 .text.HAL_TIM_ConfigClockSource
                0x000000000800a450      0x174 Drivers/STM32F7xx_HAL_Driver/Src/stm32f7xx_hal_tim.o
                0x000000000800a450                HAL_TIM_ConfigClockSource
 .text.HAL_TIM_OC_DelayElapsedCallback
                0x000000000800a5c4       0x14 Drivers/STM32F7xx_HAL_Driver/Src/stm32f7xx_hal_tim.o
                0x000000000800a5c4                HAL_TIM_OC_DelayElapsedCallback
 .text.HAL_TIM_IC_CaptureCallback
                0x000000000800a5d8       0x14 Drivers/STM32F7xx_HAL_Driver/Src/stm32f7xx_hal_tim.o
                0x000000000800a5d8                HAL_TIM_IC_CaptureCallback
 .text.HAL_TIM_PWM_PulseFinishedCallback
                0x000000000800a5ec       0x14 Drivers/STM32F7xx_HAL_Driver/Src/stm32f7xx_hal_tim.o
                0x000000000800a5ec                HAL_TIM_PWM_PulseFinishedCallback
 .text.HAL_TIM_TriggerCallback
                0x000000000800a600       0x14 Drivers/STM32F7xx_HAL_Driver/Src/stm32f7xx_hal_tim.o
                0x000000000800a600                HAL_TIM_TriggerCallback
 .text.TIM_Base_SetConfig
                0x000000000800a614      0x140 Drivers/STM32F7xx_HAL_Driver/Src/stm32f7xx_hal_tim.o
                0x000000000800a614                TIM_Base_SetConfig
 .text.TIM_TI1_ConfigInputStage
                0x000000000800a754       0x5e Drivers/STM32F7xx_HAL_Driver/Src/stm32f7xx_hal_tim.o
 .text.TIM_TI2_ConfigInputStage
                0x000000000800a7b2       0x60 Drivers/STM32F7xx_HAL_Driver/Src/stm32f7xx_hal_tim.o
 .text.TIM_ITRx_SetConfig
                0x000000000800a812       0x36 Drivers/STM32F7xx_HAL_Driver/Src/stm32f7xx_hal_tim.o
 .text.TIM_ETR_SetConfig
                0x000000000800a848       0x40 Drivers/STM32F7xx_HAL_Driver/Src/stm32f7xx_hal_tim.o
                0x000000000800a848                TIM_ETR_SetConfig
 .text.HAL_TIMEx_MasterConfigSynchronization
                0x000000000800a888       0xb8 Drivers/STM32F7xx_HAL_Driver/Src/stm32f7xx_hal_tim_ex.o
                0x000000000800a888                HAL_TIMEx_MasterConfigSynchronization
 .text.HAL_TIMEx_CommutCallback
                0x000000000800a940       0x14 Drivers/STM32F7xx_HAL_Driver/Src/stm32f7xx_hal_tim_ex.o
                0x000000000800a940                HAL_TIMEx_CommutCallback
 .text.HAL_TIMEx_BreakCallback
                0x000000000800a954       0x14 Drivers/STM32F7xx_HAL_Driver/Src/stm32f7xx_hal_tim_ex.o
                0x000000000800a954                HAL_TIMEx_BreakCallback
 .text.HAL_TIMEx_Break2Callback
                0x000000000800a968       0x14 Drivers/STM32F7xx_HAL_Driver/Src/stm32f7xx_hal_tim_ex.o
                0x000000000800a968                HAL_TIMEx_Break2Callback
 .text.__errno  0x000000000800a97c        0xc c:/st/stm32cubeide_1.2.0/stm32cubeide/plugins/com.st.stm32cube.ide.mcu.externaltools.gnu-tools-for-stm32.7-2018-q2-update.win32_1.0.0.201904181610/tools/bin/../lib/gcc/arm-none-eabi/7.3.1/../../../../arm-none-eabi/lib/thumb/v7e-m/fpv4-sp/hard\libc_nano.a(lib_a-errno.o)
                0x000000000800a97c                __errno
 .text.__libc_init_array
                0x000000000800a988       0x48 c:/st/stm32cubeide_1.2.0/stm32cubeide/plugins/com.st.stm32cube.ide.mcu.externaltools.gnu-tools-for-stm32.7-2018-q2-update.win32_1.0.0.201904181610/tools/bin/../lib/gcc/arm-none-eabi/7.3.1/../../../../arm-none-eabi/lib/thumb/v7e-m/fpv4-sp/hard\libc_nano.a(lib_a-init.o)
                0x000000000800a988                __libc_init_array
 .text.memset   0x000000000800a9d0       0x10 c:/st/stm32cubeide_1.2.0/stm32cubeide/plugins/com.st.stm32cube.ide.mcu.externaltools.gnu-tools-for-stm32.7-2018-q2-update.win32_1.0.0.201904181610/tools/bin/../lib/gcc/arm-none-eabi/7.3.1/../../../../arm-none-eabi/lib/thumb/v7e-m/fpv4-sp/hard\libc_nano.a(lib_a-memset.o)
                0x000000000800a9d0                memset
 .text.srand    0x000000000800a9e0       0x48 c:/st/stm32cubeide_1.2.0/stm32cubeide/plugins/com.st.stm32cube.ide.mcu.externaltools.gnu-tools-for-stm32.7-2018-q2-update.win32_1.0.0.201904181610/tools/bin/../lib/gcc/arm-none-eabi/7.3.1/../../../../arm-none-eabi/lib/thumb/v7e-m/fpv4-sp/hard\libc_nano.a(lib_a-rand.o)
                0x000000000800a9e0                srand
 .text.malloc   0x000000000800aa28       0x10 c:/st/stm32cubeide_1.2.0/stm32cubeide/plugins/com.st.stm32cube.ide.mcu.externaltools.gnu-tools-for-stm32.7-2018-q2-update.win32_1.0.0.201904181610/tools/bin/../lib/gcc/arm-none-eabi/7.3.1/../../../../arm-none-eabi/lib/thumb/v7e-m/fpv4-sp/hard\libc_nano.a(lib_a-malloc.o)
                0x000000000800aa28                malloc
 .text._malloc_r
                0x000000000800aa38       0xb4 c:/st/stm32cubeide_1.2.0/stm32cubeide/plugins/com.st.stm32cube.ide.mcu.externaltools.gnu-tools-for-stm32.7-2018-q2-update.win32_1.0.0.201904181610/tools/bin/../lib/gcc/arm-none-eabi/7.3.1/../../../../arm-none-eabi/lib/thumb/v7e-m/fpv4-sp/hard\libc_nano.a(lib_a-nano-mallocr.o)
                0x000000000800aa38                _malloc_r
 .text._sbrk_r  0x000000000800aaec       0x20 c:/st/stm32cubeide_1.2.0/stm32cubeide/plugins/com.st.stm32cube.ide.mcu.externaltools.gnu-tools-for-stm32.7-2018-q2-update.win32_1.0.0.201904181610/tools/bin/../lib/gcc/arm-none-eabi/7.3.1/../../../../arm-none-eabi/lib/thumb/v7e-m/fpv4-sp/hard\libc_nano.a(lib_a-sbrkr.o)
                0x000000000800aaec                _sbrk_r
 .text.__malloc_lock
                0x000000000800ab0c        0x2 c:/st/stm32cubeide_1.2.0/stm32cubeide/plugins/com.st.stm32cube.ide.mcu.externaltools.gnu-tools-for-stm32.7-2018-q2-update.win32_1.0.0.201904181610/tools/bin/../lib/gcc/arm-none-eabi/7.3.1/../../../../arm-none-eabi/lib/thumb/v7e-m/fpv4-sp/hard\libc_nano.a(lib_a-mlock.o)
                0x000000000800ab0c                __malloc_lock
 .text.__malloc_unlock
                0x000000000800ab0e        0x2 c:/st/stm32cubeide_1.2.0/stm32cubeide/plugins/com.st.stm32cube.ide.mcu.externaltools.gnu-tools-for-stm32.7-2018-q2-update.win32_1.0.0.201904181610/tools/bin/../lib/gcc/arm-none-eabi/7.3.1/../../../../arm-none-eabi/lib/thumb/v7e-m/fpv4-sp/hard\libc_nano.a(lib_a-mlock.o)
                0x000000000800ab0e                __malloc_unlock
 *(.glue_7)
 .glue_7        0x000000000800ab10        0x0 linker stubs
 *(.glue_7t)
 .glue_7t       0x000000000800ab10        0x0 linker stubs
 *(.eh_frame)
 .eh_frame      0x000000000800ab10        0x0 c:/st/stm32cubeide_1.2.0/stm32cubeide/plugins/com.st.stm32cube.ide.mcu.externaltools.gnu-tools-for-stm32.7-2018-q2-update.win32_1.0.0.201904181610/tools/bin/../lib/gcc/arm-none-eabi/7.3.1/thumb/v7e-m/fpv4-sp/hard/crtbegin.o
 *(.init)
 .init          0x000000000800ab10        0x4 c:/st/stm32cubeide_1.2.0/stm32cubeide/plugins/com.st.stm32cube.ide.mcu.externaltools.gnu-tools-for-stm32.7-2018-q2-update.win32_1.0.0.201904181610/tools/bin/../lib/gcc/arm-none-eabi/7.3.1/thumb/v7e-m/fpv4-sp/hard/crti.o
                0x000000000800ab10                _init
 .init          0x000000000800ab14        0x8 c:/st/stm32cubeide_1.2.0/stm32cubeide/plugins/com.st.stm32cube.ide.mcu.externaltools.gnu-tools-for-stm32.7-2018-q2-update.win32_1.0.0.201904181610/tools/bin/../lib/gcc/arm-none-eabi/7.3.1/thumb/v7e-m/fpv4-sp/hard/crtn.o
 *(.fini)
 .fini          0x000000000800ab1c        0x4 c:/st/stm32cubeide_1.2.0/stm32cubeide/plugins/com.st.stm32cube.ide.mcu.externaltools.gnu-tools-for-stm32.7-2018-q2-update.win32_1.0.0.201904181610/tools/bin/../lib/gcc/arm-none-eabi/7.3.1/thumb/v7e-m/fpv4-sp/hard/crti.o
                0x000000000800ab1c                _fini
 .fini          0x000000000800ab20        0x8 c:/st/stm32cubeide_1.2.0/stm32cubeide/plugins/com.st.stm32cube.ide.mcu.externaltools.gnu-tools-for-stm32.7-2018-q2-update.win32_1.0.0.201904181610/tools/bin/../lib/gcc/arm-none-eabi/7.3.1/thumb/v7e-m/fpv4-sp/hard/crtn.o
                0x000000000800ab28                . = ALIGN (0x4)
                0x000000000800ab28                _etext = .

.vfp11_veneer   0x000000000800ab28        0x0
 .vfp11_veneer  0x000000000800ab28        0x0 linker stubs

.v4_bx          0x000000000800ab28        0x0
 .v4_bx         0x000000000800ab28        0x0 linker stubs

.iplt           0x000000000800ab28        0x0
 .iplt          0x000000000800ab28        0x0 c:/st/stm32cubeide_1.2.0/stm32cubeide/plugins/com.st.stm32cube.ide.mcu.externaltools.gnu-tools-for-stm32.7-2018-q2-update.win32_1.0.0.201904181610/tools/bin/../lib/gcc/arm-none-eabi/7.3.1/thumb/v7e-m/fpv4-sp/hard/crtbegin.o

.rodata         0x000000000800ab28      0x6d4
                0x000000000800ab28                . = ALIGN (0x4)
 *(.rodata)
 .rodata        0x000000000800ab28      0x19e Core/Src/Menu.o
 *fill*         0x000000000800acc6        0x2 
 .rodata        0x000000000800acc8        0xc Core/Src/diode.o
 .rodata        0x000000000800acd4       0x4a Core/Src/intro.o
 *fill*         0x000000000800ad1e        0x2 
 .rodata        0x000000000800ad20       0x35 Core/Src/lcdcommands.o
 *fill*         0x000000000800ad55        0x3 
 .rodata        0x000000000800ad58       0x8b Core/Src/loading.o
 *(.rodata*)
 *fill*         0x000000000800ade3        0x1 
 .rodata.AHBPrescTable
                0x000000000800ade4       0x10 Core/Src/system_stm32f7xx.o
                0x000000000800ade4                AHBPrescTable
 .rodata.leddata
                0x000000000800adf4      0x400 Core/Src/ws2812b.o
                0x000000000800adf4                leddata
 .rodata.flagBitshiftOffset.8850
                0x000000000800b1f4        0x8 Drivers/STM32F7xx_HAL_Driver/Src/stm32f7xx_hal_dma.o
                0x000000000800b1fc                . = ALIGN (0x4)

.ARM.extab      0x000000000800b1fc        0x0
                0x000000000800b1fc                . = ALIGN (0x4)
 *(.ARM.extab* .gnu.linkonce.armextab.*)
                0x000000000800b1fc                . = ALIGN (0x4)

.ARM            0x000000000800b1fc        0x8
                0x000000000800b1fc                . = ALIGN (0x4)
                0x000000000800b1fc                __exidx_start = .
 *(.ARM.exidx*)
 .ARM.exidx     0x000000000800b1fc        0x8 c:/st/stm32cubeide_1.2.0/stm32cubeide/plugins/com.st.stm32cube.ide.mcu.externaltools.gnu-tools-for-stm32.7-2018-q2-update.win32_1.0.0.201904181610/tools/bin/../lib/gcc/arm-none-eabi/7.3.1/thumb/v7e-m/fpv4-sp/hard\libgcc.a(_udivmoddi4.o)
                0x000000000800b204                __exidx_end = .
                0x000000000800b204                . = ALIGN (0x4)

.rel.dyn        0x000000000800b204        0x0
 .rel.iplt      0x000000000800b204        0x0 c:/st/stm32cubeide_1.2.0/stm32cubeide/plugins/com.st.stm32cube.ide.mcu.externaltools.gnu-tools-for-stm32.7-2018-q2-update.win32_1.0.0.201904181610/tools/bin/../lib/gcc/arm-none-eabi/7.3.1/thumb/v7e-m/fpv4-sp/hard/crtbegin.o

.preinit_array  0x000000000800b204        0x0
                0x000000000800b204                . = ALIGN (0x4)
                0x000000000800b204                PROVIDE (__preinit_array_start = .)
 *(.preinit_array*)
                0x000000000800b204                PROVIDE (__preinit_array_end = .)
                0x000000000800b204                . = ALIGN (0x4)

.init_array     0x000000000800b204        0x4
                0x000000000800b204                . = ALIGN (0x4)
                0x000000000800b204                PROVIDE (__init_array_start = .)
 *(SORT_BY_NAME(.init_array.*))
 *(.init_array*)
 .init_array    0x000000000800b204        0x4 c:/st/stm32cubeide_1.2.0/stm32cubeide/plugins/com.st.stm32cube.ide.mcu.externaltools.gnu-tools-for-stm32.7-2018-q2-update.win32_1.0.0.201904181610/tools/bin/../lib/gcc/arm-none-eabi/7.3.1/thumb/v7e-m/fpv4-sp/hard/crtbegin.o
                0x000000000800b208                PROVIDE (__init_array_end = .)
                0x000000000800b208                . = ALIGN (0x4)

.fini_array     0x000000000800b208        0x4
                0x000000000800b208                . = ALIGN (0x4)
                [!provide]                        PROVIDE (__fini_array_start = .)
 *(SORT_BY_NAME(.fini_array.*))
 *(.fini_array*)
 .fini_array    0x000000000800b208        0x4 c:/st/stm32cubeide_1.2.0/stm32cubeide/plugins/com.st.stm32cube.ide.mcu.externaltools.gnu-tools-for-stm32.7-2018-q2-update.win32_1.0.0.201904181610/tools/bin/../lib/gcc/arm-none-eabi/7.3.1/thumb/v7e-m/fpv4-sp/hard/crtbegin.o
                [!provide]                        PROVIDE (__fini_array_end = .)
                0x000000000800b20c                . = ALIGN (0x4)
                0x000000000800b20c                _sidata = LOADADDR (.data)

.data           0x0000000020000000      0x394 load address 0x000000000800b20c
                0x0000000020000000                . = ALIGN (0x4)
                0x0000000020000000                _sdata = .
 *(.data)
 *(.data*)
 .data.mainMenuIndex
                0x0000000020000000        0x4 Core/Src/Menu.o
                0x0000000020000000                mainMenuIndex
 .data.levelMenuIndex
                0x0000000020000004        0x4 Core/Src/Menu.o
                0x0000000020000004                levelMenuIndex
 .data.levelMenuIndexTemp
                0x0000000020000008        0x4 Core/Src/Menu.o
                0x0000000020000008                levelMenuIndexTemp
 .data.highscoresIndexAnim
                0x000000002000000c        0x4 Core/Src/Menu.o
                0x000000002000000c                highscoresIndexAnim
 .data.selectedLevel
                0x0000000020000010        0x1 Core/Src/Menu.o
                0x0000000020000010                selectedLevel
 *fill*         0x0000000020000011        0x3 
 .data.animationRound
                0x0000000020000014        0x4 Core/Src/intro.o
                0x0000000020000014                animationRound
 .data.intro    0x0000000020000018        0x1 Core/Src/intro.o
                0x0000000020000018                intro
 .data.blockPress
                0x0000000020000019        0x1 Core/Src/joystick.o
                0x0000000020000019                blockPress
 .data.blockUp  0x000000002000001a        0x1 Core/Src/joystick.o
                0x000000002000001a                blockUp
 .data.blockDown
                0x000000002000001b        0x1 Core/Src/joystick.o
                0x000000002000001b                blockDown
 .data.blockRight
                0x000000002000001c        0x1 Core/Src/joystick.o
                0x000000002000001c                blockRight
 .data.blockLeft
                0x000000002000001d        0x1 Core/Src/joystick.o
                0x000000002000001d                blockLeft
 *fill*         0x000000002000001e        0x2 
 .data.A1       0x0000000020000020        0x8 Core/Src/lcdchars.o
                0x0000000020000020                A1
 .data.B1       0x0000000020000028        0x8 Core/Src/lcdchars.o
                0x0000000020000028                B1
 .data.C1       0x0000000020000030        0x8 Core/Src/lcdchars.o
                0x0000000020000030                C1
 .data.D1       0x0000000020000038        0x8 Core/Src/lcdchars.o
                0x0000000020000038                D1
 .data.E1       0x0000000020000040        0x8 Core/Src/lcdchars.o
                0x0000000020000040                E1
 .data.F1       0x0000000020000048        0x8 Core/Src/lcdchars.o
                0x0000000020000048                F1
 .data.G1       0x0000000020000050        0x8 Core/Src/lcdchars.o
                0x0000000020000050                G1
 .data.H1       0x0000000020000058        0x8 Core/Src/lcdchars.o
                0x0000000020000058                H1
 .data.J1       0x0000000020000060        0x8 Core/Src/lcdchars.o
                0x0000000020000060                J1
 .data.K1       0x0000000020000068        0x8 Core/Src/lcdchars.o
                0x0000000020000068                K1
 .data.L1       0x0000000020000070        0x8 Core/Src/lcdchars.o
                0x0000000020000070                L1
 .data.M1       0x0000000020000078        0x8 Core/Src/lcdchars.o
                0x0000000020000078                M1
 .data.N1       0x0000000020000080        0x8 Core/Src/lcdchars.o
                0x0000000020000080                N1
 .data.O1       0x0000000020000088        0x8 Core/Src/lcdchars.o
                0x0000000020000088                O1
 .data.P1       0x0000000020000090        0x8 Core/Src/lcdchars.o
                0x0000000020000090                P1
 .data.R1       0x0000000020000098        0x8 Core/Src/lcdchars.o
                0x0000000020000098                R1
 .data.S1       0x00000000200000a0        0x8 Core/Src/lcdchars.o
                0x00000000200000a0                S1
 .data.T1       0x00000000200000a8        0x8 Core/Src/lcdchars.o
                0x00000000200000a8                T1
 .data.U1       0x00000000200000b0        0x8 Core/Src/lcdchars.o
                0x00000000200000b0                U1
 .data.W1       0x00000000200000b8        0x8 Core/Src/lcdchars.o
                0x00000000200000b8                W1
 .data.X1       0x00000000200000c0        0x8 Core/Src/lcdchars.o
                0x00000000200000c0                X1
 .data.Y1       0x00000000200000c8        0x8 Core/Src/lcdchars.o
                0x00000000200000c8                Y1
 .data.Z1       0x00000000200000d0        0x8 Core/Src/lcdchars.o
                0x00000000200000d0                Z1
 .data.V1       0x00000000200000d8        0x8 Core/Src/lcdchars.o
                0x00000000200000d8                V1
 .data.A2       0x00000000200000e0        0x8 Core/Src/lcdchars.o
                0x00000000200000e0                A2
 .data.B2       0x00000000200000e8        0x8 Core/Src/lcdchars.o
                0x00000000200000e8                B2
 .data.C2       0x00000000200000f0        0x8 Core/Src/lcdchars.o
                0x00000000200000f0                C2
 .data.D2       0x00000000200000f8        0x8 Core/Src/lcdchars.o
                0x00000000200000f8                D2
 .data.E2       0x0000000020000100        0x8 Core/Src/lcdchars.o
                0x0000000020000100                E2
 .data.F2       0x0000000020000108        0x8 Core/Src/lcdchars.o
                0x0000000020000108                F2
 .data.G2       0x0000000020000110        0x8 Core/Src/lcdchars.o
                0x0000000020000110                G2
 .data.H2       0x0000000020000118        0x8 Core/Src/lcdchars.o
                0x0000000020000118                H2
 .data.I2       0x0000000020000120        0x8 Core/Src/lcdchars.o
                0x0000000020000120                I2
 .data.J2       0x0000000020000128        0x8 Core/Src/lcdchars.o
                0x0000000020000128                J2
 .data.K2       0x0000000020000130        0x8 Core/Src/lcdchars.o
                0x0000000020000130                K2
 .data.L2       0x0000000020000138        0x8 Core/Src/lcdchars.o
                0x0000000020000138                L2
 .data.M2       0x0000000020000140        0x8 Core/Src/lcdchars.o
                0x0000000020000140                M2
 .data.N2       0x0000000020000148        0x8 Core/Src/lcdchars.o
                0x0000000020000148                N2
 .data.O2       0x0000000020000150        0x8 Core/Src/lcdchars.o
                0x0000000020000150                O2
 .data.P2       0x0000000020000158        0x8 Core/Src/lcdchars.o
                0x0000000020000158                P2
 .data.R2       0x0000000020000160        0x8 Core/Src/lcdchars.o
                0x0000000020000160                R2
 .data.S2       0x0000000020000168        0x8 Core/Src/lcdchars.o
                0x0000000020000168                S2
 .data.T2       0x0000000020000170        0x8 Core/Src/lcdchars.o
                0x0000000020000170                T2
 .data.U2       0x0000000020000178        0x8 Core/Src/lcdchars.o
                0x0000000020000178                U2
 .data.W2       0x0000000020000180        0x8 Core/Src/lcdchars.o
                0x0000000020000180                W2
 .data.X2       0x0000000020000188        0x8 Core/Src/lcdchars.o
                0x0000000020000188                X2
 .data.Y2       0x0000000020000190        0x8 Core/Src/lcdchars.o
                0x0000000020000190                Y2
 .data.Z2       0x0000000020000198        0x8 Core/Src/lcdchars.o
                0x0000000020000198                Z2
 .data.V2       0x00000000200001a0        0x8 Core/Src/lcdchars.o
                0x00000000200001a0                V2
 .data.downArrow
                0x00000000200001a8        0x8 Core/Src/lcdchars.o
                0x00000000200001a8                downArrow
 .data.upArrow  0x00000000200001b0        0x8 Core/Src/lcdchars.o
                0x00000000200001b0                upArrow
 .data.Space    0x00000000200001b8        0x8 Core/Src/lcdchars.o
                0x00000000200001b8                Space
 .data.shootingSpace_1_1
                0x00000000200001c0        0x8 Core/Src/lcdchars.o
                0x00000000200001c0                shootingSpace_1_1
 .data.shootingSpace_2_1
                0x00000000200001c8        0x8 Core/Src/lcdchars.o
                0x00000000200001c8                shootingSpace_2_1
 .data.shootingSpace_3_1
                0x00000000200001d0        0x8 Core/Src/lcdchars.o
                0x00000000200001d0                shootingSpace_3_1
 .data.shootingSpace_4_1
                0x00000000200001d8        0x8 Core/Src/lcdchars.o
                0x00000000200001d8                shootingSpace_4_1
 .data.shootingSpace_5_1
                0x00000000200001e0        0x8 Core/Src/lcdchars.o
                0x00000000200001e0                shootingSpace_5_1
 .data.shootingSpace_1_2
                0x00000000200001e8        0x8 Core/Src/lcdchars.o
                0x00000000200001e8                shootingSpace_1_2
 .data.shootingSpace_2_2
                0x00000000200001f0        0x8 Core/Src/lcdchars.o
                0x00000000200001f0                shootingSpace_2_2
 .data.shootingSpace_3_2
                0x00000000200001f8        0x8 Core/Src/lcdchars.o
                0x00000000200001f8                shootingSpace_3_2
 .data.enemyRight
                0x0000000020000200        0x8 Core/Src/lcdchars.o
                0x0000000020000200                enemyRight
 .data.enemyLeft
                0x0000000020000208        0x8 Core/Src/lcdchars.o
                0x0000000020000208                enemyLeft
 .data.enemyLeft2
                0x0000000020000210        0x8 Core/Src/lcdchars.o
                0x0000000020000210                enemyLeft2
 .data.enemyRight2
                0x0000000020000218        0x8 Core/Src/lcdchars.o
                0x0000000020000218                enemyRight2
 .data.enemyLeft3
                0x0000000020000220        0x8 Core/Src/lcdchars.o
                0x0000000020000220                enemyLeft3
 .data.enemyLeft4
                0x0000000020000228        0x8 Core/Src/lcdchars.o
                0x0000000020000228                enemyLeft4
 .data.enemy2Left
                0x0000000020000230        0x8 Core/Src/lcdchars.o
                0x0000000020000230                enemy2Left
 .data.enemy2Left2
                0x0000000020000238        0x8 Core/Src/lcdchars.o
                0x0000000020000238                enemy2Left2
 .data.enemy2Left3
                0x0000000020000240        0x8 Core/Src/lcdchars.o
                0x0000000020000240                enemy2Left3
 .data.enemy2Left4
                0x0000000020000248        0x8 Core/Src/lcdchars.o
                0x0000000020000248                enemy2Left4
 .data.enemy2Left5
                0x0000000020000250        0x8 Core/Src/lcdchars.o
                0x0000000020000250                enemy2Left5
 .data.enemy2Right
                0x0000000020000258        0x8 Core/Src/lcdchars.o
                0x0000000020000258                enemy2Right
 .data.enemy2Right2
                0x0000000020000260        0x8 Core/Src/lcdchars.o
                0x0000000020000260                enemy2Right2
 .data.enemy2Right3
                0x0000000020000268        0x8 Core/Src/lcdchars.o
                0x0000000020000268                enemy2Right3
 .data.enemy2Right4
                0x0000000020000270        0x8 Core/Src/lcdchars.o
                0x0000000020000270                enemy2Right4
 .data.enemy2Right5
                0x0000000020000278        0x8 Core/Src/lcdchars.o
                0x0000000020000278                enemy2Right5
 .data.enemy3Right
                0x0000000020000280        0x8 Core/Src/lcdchars.o
                0x0000000020000280                enemy3Right
 .data.enemy3Right2
                0x0000000020000288        0x8 Core/Src/lcdchars.o
                0x0000000020000288                enemy3Right2
 .data.enemy3Right3
                0x0000000020000290        0x8 Core/Src/lcdchars.o
                0x0000000020000290                enemy3Right3
 .data.enemy3Right4
                0x0000000020000298        0x8 Core/Src/lcdchars.o
                0x0000000020000298                enemy3Right4
 .data.ienemy2Left
                0x00000000200002a0        0x8 Core/Src/lcdchars.o
                0x00000000200002a0                ienemy2Left
 .data.ienemy2Left2
                0x00000000200002a8        0x8 Core/Src/lcdchars.o
                0x00000000200002a8                ienemy2Left2
 .data.ienemy2Left3
                0x00000000200002b0        0x8 Core/Src/lcdchars.o
                0x00000000200002b0                ienemy2Left3
 .data.ienemy2Left4
                0x00000000200002b8        0x8 Core/Src/lcdchars.o
                0x00000000200002b8                ienemy2Left4
 .data.ienemy2Left5
                0x00000000200002c0        0x8 Core/Src/lcdchars.o
                0x00000000200002c0                ienemy2Left5
 .data.ienemy2Right
                0x00000000200002c8        0x8 Core/Src/lcdchars.o
                0x00000000200002c8                ienemy2Right
 .data.ienemy2Right2
                0x00000000200002d0        0x8 Core/Src/lcdchars.o
                0x00000000200002d0                ienemy2Right2
 .data.ienemy2Right3
                0x00000000200002d8        0x8 Core/Src/lcdchars.o
                0x00000000200002d8                ienemy2Right3
 .data.ienemy2Right4
                0x00000000200002e0        0x8 Core/Src/lcdchars.o
                0x00000000200002e0                ienemy2Right4
 .data.ienemy2Right5
                0x00000000200002e8        0x8 Core/Src/lcdchars.o
                0x00000000200002e8                ienemy2Right5
 .data.ienemy3Right
                0x00000000200002f0        0x8 Core/Src/lcdchars.o
                0x00000000200002f0                ienemy3Right
 .data.ienemy3Right2
                0x00000000200002f8        0x8 Core/Src/lcdchars.o
                0x00000000200002f8                ienemy3Right2
 .data.ienemy3Right3
                0x0000000020000300        0x8 Core/Src/lcdchars.o
                0x0000000020000300                ienemy3Right3
 .data.ienemy3Right4
                0x0000000020000308        0x8 Core/Src/lcdchars.o
                0x0000000020000308                ienemy3Right4
 .data.line     0x0000000020000310        0x8 Core/Src/lcdchars.o
                0x0000000020000310                line
 .data.left_arrow
                0x0000000020000318        0x8 Core/Src/lcdchars.o
                0x0000000020000318                left_arrow
 .data.iSpace   0x0000000020000320        0x4 Core/Src/loading.o
                0x0000000020000320                iSpace
 .data.SystemCoreClock
                0x0000000020000324        0x4 Core/Src/system_stm32f7xx.o
                0x0000000020000324                SystemCoreClock
 .data.uwTickPrio
                0x0000000020000328        0x4 Drivers/STM32F7xx_HAL_Driver/Src/stm32f7xx_hal.o
                0x0000000020000328                uwTickPrio
 .data.uwTickFreq
                0x000000002000032c        0x1 Drivers/STM32F7xx_HAL_Driver/Src/stm32f7xx_hal.o
                0x000000002000032c                uwTickFreq
 *fill*         0x000000002000032d        0x3 
 .data._impure_ptr
                0x0000000020000330        0x4 c:/st/stm32cubeide_1.2.0/stm32cubeide/plugins/com.st.stm32cube.ide.mcu.externaltools.gnu-tools-for-stm32.7-2018-q2-update.win32_1.0.0.201904181610/tools/bin/../lib/gcc/arm-none-eabi/7.3.1/../../../../arm-none-eabi/lib/thumb/v7e-m/fpv4-sp/hard\libc_nano.a(lib_a-impure.o)
                0x0000000020000330                _impure_ptr
 .data.impure_data
                0x0000000020000334       0x60 c:/st/stm32cubeide_1.2.0/stm32cubeide/plugins/com.st.stm32cube.ide.mcu.externaltools.gnu-tools-for-stm32.7-2018-q2-update.win32_1.0.0.201904181610/tools/bin/../lib/gcc/arm-none-eabi/7.3.1/../../../../arm-none-eabi/lib/thumb/v7e-m/fpv4-sp/hard\libc_nano.a(lib_a-impure.o)
                0x0000000020000394                . = ALIGN (0x4)
                0x0000000020000394                _edata = .

.igot.plt       0x0000000020000394        0x0 load address 0x000000000800b5a0
 .igot.plt      0x0000000020000394        0x0 c:/st/stm32cubeide_1.2.0/stm32cubeide/plugins/com.st.stm32cube.ide.mcu.externaltools.gnu-tools-for-stm32.7-2018-q2-update.win32_1.0.0.201904181610/tools/bin/../lib/gcc/arm-none-eabi/7.3.1/thumb/v7e-m/fpv4-sp/hard/crtbegin.o
                0x0000000020000394                . = ALIGN (0x4)

.bss            0x0000000020000394     0x1d50 load address 0x000000000800b5a0
                0x0000000020000394                _sbss = .
                0x0000000020000394                __bss_start__ = _sbss
 *(.bss)
 .bss           0x0000000020000394       0x1c c:/st/stm32cubeide_1.2.0/stm32cubeide/plugins/com.st.stm32cube.ide.mcu.externaltools.gnu-tools-for-stm32.7-2018-q2-update.win32_1.0.0.201904181610/tools/bin/../lib/gcc/arm-none-eabi/7.3.1/thumb/v7e-m/fpv4-sp/hard/crtbegin.o
 *(.bss*)
 .bss.hiscoreMenuIndex
                0x00000000200003b0        0x4 Core/Src/Menu.o
                0x00000000200003b0                hiscoreMenuIndex
 .bss.creditsMenuIndex
                0x00000000200003b4        0x4 Core/Src/Menu.o
                0x00000000200003b4                creditsMenuIndex
 .bss.creditsMenuIndexTemp
                0x00000000200003b8        0x4 Core/Src/Menu.o
                0x00000000200003b8                creditsMenuIndexTemp
 .bss.creditsIndexAnim
                0x00000000200003bc        0x4 Core/Src/Menu.o
                0x00000000200003bc                creditsIndexAnim
 .bss.leftArrowAnimIndex
                0x00000000200003c0        0x4 Core/Src/Menu.o
                0x00000000200003c0                leftArrowAnimIndex
 .bss.creditsMenuIndexTemp2
                0x00000000200003c4        0x4 Core/Src/Menu.o
                0x00000000200003c4                creditsMenuIndexTemp2
 .bss.hiscoreMenu
                0x00000000200003c8        0x1 Core/Src/Menu.o
                0x00000000200003c8                hiscoreMenu
 .bss.leftArrowAnim
                0x00000000200003c9        0x1 Core/Src/Menu.o
                0x00000000200003c9                leftArrowAnim
 .bss.Fade      0x00000000200003ca        0x1 Core/Src/Menu.o
                0x00000000200003ca                Fade
 .bss.mainMenu  0x00000000200003cb        0x1 Core/Src/Menu.o
                0x00000000200003cb                mainMenu
 .bss.upperText
                0x00000000200003cc        0x1 Core/Src/Menu.o
                0x00000000200003cc                upperText
 .bss.levelMenu
                0x00000000200003cd        0x1 Core/Src/Menu.o
                0x00000000200003cd                levelMenu
 .bss.pickedLevel
                0x00000000200003ce        0x1 Core/Src/Menu.o
                0x00000000200003ce                pickedLevel
 .bss.hard      0x00000000200003cf        0x1 Core/Src/Menu.o
                0x00000000200003cf                hard
 .bss.medium    0x00000000200003d0        0x1 Core/Src/Menu.o
                0x00000000200003d0                medium
 .bss.highscoresAnim
                0x00000000200003d1        0x1 Core/Src/Menu.o
                0x00000000200003d1                highscoresAnim
 .bss.reverse   0x00000000200003d2        0x1 Core/Src/Menu.o
                0x00000000200003d2                reverse
 .bss.creditsMenu
                0x00000000200003d3        0x1 Core/Src/Menu.o
                0x00000000200003d3                creditsMenu
 .bss.creditsAnim
                0x00000000200003d4        0x1 Core/Src/Menu.o
                0x00000000200003d4                creditsAnim
 .bss.reverse2  0x00000000200003d5        0x1 Core/Src/Menu.o
                0x00000000200003d5                reverse2
 .bss.turn      0x00000000200003d6        0x1 Core/Src/Menu.o
                0x00000000200003d6                turn
 .bss.creditsMenuMarked
                0x00000000200003d7        0x1 Core/Src/Menu.o
                0x00000000200003d7                creditsMenuMarked
 .bss.backPicked
                0x00000000200003d8        0x1 Core/Src/Menu.o
                0x00000000200003d8                backPicked
 *fill*         0x00000000200003d9        0x3 
 .bss.fade      0x00000000200003dc        0x4 Core/Src/Menu.o
                0x00000000200003dc                fade
 .bss.direction
                0x00000000200003e0        0x4 Core/Src/joystick.o
                0x00000000200003e0                direction
 .bss.iDot      0x00000000200003e4        0x4 Core/Src/loading.o
                0x00000000200003e4                iDot
 .bss.iSpace2   0x00000000200003e8        0x4 Core/Src/loading.o
                0x00000000200003e8                iSpace2
 .bss.dots      0x00000000200003ec        0x1 Core/Src/loading.o
                0x00000000200003ec                dots
 .bss.miniDuel  0x00000000200003ed        0x1 Core/Src/loading.o
                0x00000000200003ed                miniDuel
 .bss.enemySpace
                0x00000000200003ee        0x1 Core/Src/loading.o
                0x00000000200003ee                enemySpace
 .bss.gameStarted
                0x00000000200003ef        0x1 Core/Src/loading.o
                0x00000000200003ef                gameStarted
 .bss.heap_end.6424
                0x00000000200003f0        0x4 Core/Src/sysmem.o
 .bss.__malloc_free_list
                0x00000000200003f4        0x4 c:/st/stm32cubeide_1.2.0/stm32cubeide/plugins/com.st.stm32cube.ide.mcu.externaltools.gnu-tools-for-stm32.7-2018-q2-update.win32_1.0.0.201904181610/tools/bin/../lib/gcc/arm-none-eabi/7.3.1/../../../../arm-none-eabi/lib/thumb/v7e-m/fpv4-sp/hard\libc_nano.a(lib_a-nano-mallocr.o)
                0x00000000200003f4                __malloc_free_list
 .bss.__malloc_sbrk_start
                0x00000000200003f8        0x4 c:/st/stm32cubeide_1.2.0/stm32cubeide/plugins/com.st.stm32cube.ide.mcu.externaltools.gnu-tools-for-stm32.7-2018-q2-update.win32_1.0.0.201904181610/tools/bin/../lib/gcc/arm-none-eabi/7.3.1/../../../../arm-none-eabi/lib/thumb/v7e-m/fpv4-sp/hard\libc_nano.a(lib_a-nano-mallocr.o)
                0x00000000200003f8                __malloc_sbrk_start
 *(COMMON)
 COMMON         0x00000000200003fc       0x11 Core/Src/Menu.o
                0x00000000200003fc                levelMenuIndex2
                0x0000000020000400                hiscoreMenuIndexTemp
                0x0000000020000404                Press
                0x0000000020000408                mainMenuIndexTemp
                0x000000002000040c                highscoresWord
 *fill*         0x000000002000040d        0x3 
 COMMON         0x0000000020000410      0xc0c Core/Src/diode.o
                0x0000000020000410                DiodeArray
                0x0000000020001010                DiodeTemp
 COMMON         0x000000002000101c       0x60 Core/Src/dma.o
                0x000000002000101c                hdma_spi1_tx
 COMMON         0x000000002000107c      0x3fc Core/Src/main.o
                0x000000002000107c                htim8
                0x00000000200010bc                htim4
                0x00000000200010fc                htim10
                0x000000002000113c                hi2c2
                0x0000000020001188                VR
                0x0000000020001190                htim5
                0x00000000200011d0                htim3
                0x0000000020001210                hadc1
                0x0000000020001258                htim13
                0x0000000020001298                htim11
                0x00000000200012d8                hdma_adc1
                0x0000000020001338                htim6
                0x0000000020001378                htim9
                0x00000000200013b8                htim2
                0x00000000200013f8                htim12
                0x0000000020001438                htim7
 COMMON         0x0000000020001478       0x64 Core/Src/spi.o
                0x0000000020001478                hspi1
 COMMON         0x00000000200014dc      0xc00 Core/Src/ws2812b.o
                0x00000000200014dc                ws_buffer
 COMMON         0x00000000200020dc        0x4 Drivers/STM32F7xx_HAL_Driver/Src/stm32f7xx_hal.o
                0x00000000200020dc                uwTick
 COMMON         0x00000000200020e0        0x4 c:/st/stm32cubeide_1.2.0/stm32cubeide/plugins/com.st.stm32cube.ide.mcu.externaltools.gnu-tools-for-stm32.7-2018-q2-update.win32_1.0.0.201904181610/tools/bin/../lib/gcc/arm-none-eabi/7.3.1/../../../../arm-none-eabi/lib/thumb/v7e-m/fpv4-sp/hard\libc_nano.a(lib_a-reent.o)
                0x00000000200020e0                errno
                0x00000000200020e4                . = ALIGN (0x4)
                0x00000000200020e4                _ebss = .
                0x00000000200020e4                __bss_end__ = _ebss

._user_heap_stack
                0x00000000200020e4      0x604 load address 0x000000000800b5a0
                0x00000000200020e8                . = ALIGN (0x8)
 *fill*         0x00000000200020e4        0x4 
                0x00000000200020e8                PROVIDE (end = .)
                [!provide]                        PROVIDE (_end = .)
                0x00000000200022e8                . = (. + _Min_Heap_Size)
 *fill*         0x00000000200020e8      0x200 
                0x00000000200026e8                . = (. + _Min_Stack_Size)
 *fill*         0x00000000200022e8      0x400 
                0x00000000200026e8                . = ALIGN (0x8)

/DISCARD/
 libc.a(*)
 libm.a(*)
 libgcc.a(*)

.ARM.attributes
                0x0000000000000000       0x30
 *(.ARM.attributes)
 .ARM.attributes
                0x0000000000000000       0x22 c:/st/stm32cubeide_1.2.0/stm32cubeide/plugins/com.st.stm32cube.ide.mcu.externaltools.gnu-tools-for-stm32.7-2018-q2-update.win32_1.0.0.201904181610/tools/bin/../lib/gcc/arm-none-eabi/7.3.1/thumb/v7e-m/fpv4-sp/hard/crti.o
 .ARM.attributes
                0x0000000000000022       0x34 c:/st/stm32cubeide_1.2.0/stm32cubeide/plugins/com.st.stm32cube.ide.mcu.externaltools.gnu-tools-for-stm32.7-2018-q2-update.win32_1.0.0.201904181610/tools/bin/../lib/gcc/arm-none-eabi/7.3.1/thumb/v7e-m/fpv4-sp/hard/crtbegin.o
 .ARM.attributes
                0x0000000000000056       0x39 Core/Src/Menu.o
 .ARM.attributes
                0x000000000000008f       0x39 Core/Src/diode.o
 .ARM.attributes
                0x00000000000000c8       0x39 Core/Src/dma.o
 .ARM.attributes
                0x0000000000000101       0x39 Core/Src/i2c-lcd.o
 .ARM.attributes
                0x000000000000013a       0x39 Core/Src/intro.o
 .ARM.attributes
                0x0000000000000173       0x39 Core/Src/joystick.o
 .ARM.attributes
                0x00000000000001ac       0x39 Core/Src/lcdchars.o
 .ARM.attributes
                0x00000000000001e5       0x39 Core/Src/lcdcommands.o
 .ARM.attributes
                0x000000000000021e       0x39 Core/Src/loading.o
 .ARM.attributes
                0x0000000000000257       0x39 Core/Src/main.o
 .ARM.attributes
                0x0000000000000290       0x39 Core/Src/spi.o
 .ARM.attributes
                0x00000000000002c9       0x39 Core/Src/stm32f7xx_hal_msp.o
 .ARM.attributes
                0x0000000000000302       0x39 Core/Src/stm32f7xx_it.o
 .ARM.attributes
                0x000000000000033b       0x39 Core/Src/sysmem.o
 .ARM.attributes
                0x0000000000000374       0x39 Core/Src/system_stm32f7xx.o
 .ARM.attributes
                0x00000000000003ad       0x39 Core/Src/ws2812b.o
 .ARM.attributes
                0x00000000000003e6       0x21 Core/Startup/startup_stm32f746zgtx.o
 .ARM.attributes
                0x0000000000000407       0x39 Drivers/STM32F7xx_HAL_Driver/Src/stm32f7xx_hal.o
 .ARM.attributes
                0x0000000000000440       0x39 Drivers/STM32F7xx_HAL_Driver/Src/stm32f7xx_hal_adc.o
 .ARM.attributes
                0x0000000000000479       0x39 Drivers/STM32F7xx_HAL_Driver/Src/stm32f7xx_hal_adc_ex.o
 .ARM.attributes
                0x00000000000004b2       0x39 Drivers/STM32F7xx_HAL_Driver/Src/stm32f7xx_hal_cortex.o
 .ARM.attributes
                0x00000000000004eb       0x39 Drivers/STM32F7xx_HAL_Driver/Src/stm32f7xx_hal_dma.o
 .ARM.attributes
                0x0000000000000524       0x39 Drivers/STM32F7xx_HAL_Driver/Src/stm32f7xx_hal_gpio.o
 .ARM.attributes
                0x000000000000055d       0x39 Drivers/STM32F7xx_HAL_Driver/Src/stm32f7xx_hal_i2c.o
 .ARM.attributes
                0x0000000000000596       0x39 Drivers/STM32F7xx_HAL_Driver/Src/stm32f7xx_hal_i2c_ex.o
 .ARM.attributes
                0x00000000000005cf       0x39 Drivers/STM32F7xx_HAL_Driver/Src/stm32f7xx_hal_pwr_ex.o
 .ARM.attributes
                0x0000000000000608       0x39 Drivers/STM32F7xx_HAL_Driver/Src/stm32f7xx_hal_rcc.o
 .ARM.attributes
                0x0000000000000641       0x39 Drivers/STM32F7xx_HAL_Driver/Src/stm32f7xx_hal_rcc_ex.o
 .ARM.attributes
                0x000000000000067a       0x39 Drivers/STM32F7xx_HAL_Driver/Src/stm32f7xx_hal_spi.o
 .ARM.attributes
                0x00000000000006b3       0x39 Drivers/STM32F7xx_HAL_Driver/Src/stm32f7xx_hal_tim.o
 .ARM.attributes
                0x00000000000006ec       0x39 Drivers/STM32F7xx_HAL_Driver/Src/stm32f7xx_hal_tim_ex.o
 .ARM.attributes
                0x0000000000000725       0x34 c:/st/stm32cubeide_1.2.0/stm32cubeide/plugins/com.st.stm32cube.ide.mcu.externaltools.gnu-tools-for-stm32.7-2018-q2-update.win32_1.0.0.201904181610/tools/bin/../lib/gcc/arm-none-eabi/7.3.1/../../../../arm-none-eabi/lib/thumb/v7e-m/fpv4-sp/hard\libc_nano.a(lib_a-errno.o)
 .ARM.attributes
                0x0000000000000759       0x34 c:/st/stm32cubeide_1.2.0/stm32cubeide/plugins/com.st.stm32cube.ide.mcu.externaltools.gnu-tools-for-stm32.7-2018-q2-update.win32_1.0.0.201904181610/tools/bin/../lib/gcc/arm-none-eabi/7.3.1/../../../../arm-none-eabi/lib/thumb/v7e-m/fpv4-sp/hard\libc_nano.a(lib_a-impure.o)
 .ARM.attributes
                0x000000000000078d       0x34 c:/st/stm32cubeide_1.2.0/stm32cubeide/plugins/com.st.stm32cube.ide.mcu.externaltools.gnu-tools-for-stm32.7-2018-q2-update.win32_1.0.0.201904181610/tools/bin/../lib/gcc/arm-none-eabi/7.3.1/../../../../arm-none-eabi/lib/thumb/v7e-m/fpv4-sp/hard\libc_nano.a(lib_a-init.o)
 .ARM.attributes
                0x00000000000007c1       0x34 c:/st/stm32cubeide_1.2.0/stm32cubeide/plugins/com.st.stm32cube.ide.mcu.externaltools.gnu-tools-for-stm32.7-2018-q2-update.win32_1.0.0.201904181610/tools/bin/../lib/gcc/arm-none-eabi/7.3.1/../../../../arm-none-eabi/lib/thumb/v7e-m/fpv4-sp/hard\libc_nano.a(lib_a-memset.o)
 .ARM.attributes
                0x00000000000007f5       0x34 c:/st/stm32cubeide_1.2.0/stm32cubeide/plugins/com.st.stm32cube.ide.mcu.externaltools.gnu-tools-for-stm32.7-2018-q2-update.win32_1.0.0.201904181610/tools/bin/../lib/gcc/arm-none-eabi/7.3.1/../../../../arm-none-eabi/lib/thumb/v7e-m/fpv4-sp/hard\libc_nano.a(lib_a-rand.o)
 .ARM.attributes
                0x0000000000000829       0x34 c:/st/stm32cubeide_1.2.0/stm32cubeide/plugins/com.st.stm32cube.ide.mcu.externaltools.gnu-tools-for-stm32.7-2018-q2-update.win32_1.0.0.201904181610/tools/bin/../lib/gcc/arm-none-eabi/7.3.1/../../../../arm-none-eabi/lib/thumb/v7e-m/fpv4-sp/hard\libc_nano.a(lib_a-malloc.o)
 .ARM.attributes
                0x000000000000085d       0x34 c:/st/stm32cubeide_1.2.0/stm32cubeide/plugins/com.st.stm32cube.ide.mcu.externaltools.gnu-tools-for-stm32.7-2018-q2-update.win32_1.0.0.201904181610/tools/bin/../lib/gcc/arm-none-eabi/7.3.1/../../../../arm-none-eabi/lib/thumb/v7e-m/fpv4-sp/hard\libc_nano.a(lib_a-nano-mallocr.o)
 .ARM.attributes
                0x0000000000000891       0x34 c:/st/stm32cubeide_1.2.0/stm32cubeide/plugins/com.st.stm32cube.ide.mcu.externaltools.gnu-tools-for-stm32.7-2018-q2-update.win32_1.0.0.201904181610/tools/bin/../lib/gcc/arm-none-eabi/7.3.1/../../../../arm-none-eabi/lib/thumb/v7e-m/fpv4-sp/hard\libc_nano.a(lib_a-sbrkr.o)
 .ARM.attributes
                0x00000000000008c5       0x34 c:/st/stm32cubeide_1.2.0/stm32cubeide/plugins/com.st.stm32cube.ide.mcu.externaltools.gnu-tools-for-stm32.7-2018-q2-update.win32_1.0.0.201904181610/tools/bin/../lib/gcc/arm-none-eabi/7.3.1/../../../../arm-none-eabi/lib/thumb/v7e-m/fpv4-sp/hard\libc_nano.a(lib_a-mlock.o)
 .ARM.attributes
                0x00000000000008f9       0x34 c:/st/stm32cubeide_1.2.0/stm32cubeide/plugins/com.st.stm32cube.ide.mcu.externaltools.gnu-tools-for-stm32.7-2018-q2-update.win32_1.0.0.201904181610/tools/bin/../lib/gcc/arm-none-eabi/7.3.1/../../../../arm-none-eabi/lib/thumb/v7e-m/fpv4-sp/hard\libc_nano.a(lib_a-reent.o)
 .ARM.attributes
                0x000000000000092d       0x22 c:/st/stm32cubeide_1.2.0/stm32cubeide/plugins/com.st.stm32cube.ide.mcu.externaltools.gnu-tools-for-stm32.7-2018-q2-update.win32_1.0.0.201904181610/tools/bin/../lib/gcc/arm-none-eabi/7.3.1/thumb/v7e-m/fpv4-sp/hard\libgcc.a(_aeabi_uldivmod.o)
 .ARM.attributes
                0x000000000000094f       0x34 c:/st/stm32cubeide_1.2.0/stm32cubeide/plugins/com.st.stm32cube.ide.mcu.externaltools.gnu-tools-for-stm32.7-2018-q2-update.win32_1.0.0.201904181610/tools/bin/../lib/gcc/arm-none-eabi/7.3.1/thumb/v7e-m/fpv4-sp/hard\libgcc.a(_udivmoddi4.o)
 .ARM.attributes
                0x0000000000000983       0x22 c:/st/stm32cubeide_1.2.0/stm32cubeide/plugins/com.st.stm32cube.ide.mcu.externaltools.gnu-tools-for-stm32.7-2018-q2-update.win32_1.0.0.201904181610/tools/bin/../lib/gcc/arm-none-eabi/7.3.1/thumb/v7e-m/fpv4-sp/hard\libgcc.a(_dvmd_tls.o)
 .ARM.attributes
                0x00000000000009a5       0x22 c:/st/stm32cubeide_1.2.0/stm32cubeide/plugins/com.st.stm32cube.ide.mcu.externaltools.gnu-tools-for-stm32.7-2018-q2-update.win32_1.0.0.201904181610/tools/bin/../lib/gcc/arm-none-eabi/7.3.1/thumb/v7e-m/fpv4-sp/hard/crtn.o
OUTPUT(SpaceInvaders_Nucleo.elf elf32-littlearm)

.debug_info     0x0000000000000000    0x17ca8
 .debug_info    0x0000000000000000      0x9f6 Core/Src/Menu.o
 .debug_info    0x00000000000009f6      0x154 Core/Src/diode.o
 .debug_info    0x0000000000000b4a      0x867 Core/Src/dma.o
 .debug_info    0x00000000000013b1      0x82a Core/Src/i2c-lcd.o
 .debug_info    0x0000000000001bdb      0x30c Core/Src/intro.o
 .debug_info    0x0000000000001ee7      0x3a1 Core/Src/joystick.o
 .debug_info    0x0000000000002288      0x995 Core/Src/lcdchars.o
 .debug_info    0x0000000000002c1d      0x154 Core/Src/lcdcommands.o
 .debug_info    0x0000000000002d71      0x1f0 Core/Src/loading.o
 .debug_info    0x0000000000002f61     0x2e3f Core/Src/main.o
 .debug_info    0x0000000000005da0      0xcaf Core/Src/spi.o
 .debug_info    0x0000000000006a4f     0x16a3 Core/Src/stm32f7xx_hal_msp.o
 .debug_info    0x00000000000080f2     0x10b1 Core/Src/stm32f7xx_it.o
 .debug_info    0x00000000000091a3      0x91c Core/Src/sysmem.o
 .debug_info    0x0000000000009abf      0x73d Core/Src/system_stm32f7xx.o
 .debug_info    0x000000000000a1fc      0x84d Core/Src/ws2812b.o
 .debug_info    0x000000000000aa49       0x22 Core/Startup/startup_stm32f746zgtx.o
 .debug_info    0x000000000000aa6b      0x9c4 Drivers/STM32F7xx_HAL_Driver/Src/stm32f7xx_hal.o
 .debug_info    0x000000000000b42f      0xc9d Drivers/STM32F7xx_HAL_Driver/Src/stm32f7xx_hal_adc.o
 .debug_info    0x000000000000c0cc      0xaf9 Drivers/STM32F7xx_HAL_Driver/Src/stm32f7xx_hal_adc_ex.o
 .debug_info    0x000000000000cbc5     0x104a Drivers/STM32F7xx_HAL_Driver/Src/stm32f7xx_hal_cortex.o
 .debug_info    0x000000000000dc0f      0x968 Drivers/STM32F7xx_HAL_Driver/Src/stm32f7xx_hal_dma.o
 .debug_info    0x000000000000e577      0x7dc Drivers/STM32F7xx_HAL_Driver/Src/stm32f7xx_hal_gpio.o
 .debug_info    0x000000000000ed53     0x1fb9 Drivers/STM32F7xx_HAL_Driver/Src/stm32f7xx_hal_i2c.o
 .debug_info    0x0000000000010d0c      0x738 Drivers/STM32F7xx_HAL_Driver/Src/stm32f7xx_hal_i2c_ex.o
 .debug_info    0x0000000000011444      0x96b Drivers/STM32F7xx_HAL_Driver/Src/stm32f7xx_hal_pwr_ex.o
 .debug_info    0x0000000000011daf      0x926 Drivers/STM32F7xx_HAL_Driver/Src/stm32f7xx_hal_rcc.o
 .debug_info    0x00000000000126d5      0x7ad Drivers/STM32F7xx_HAL_Driver/Src/stm32f7xx_hal_rcc_ex.o
 .debug_info    0x0000000000012e82     0x166a Drivers/STM32F7xx_HAL_Driver/Src/stm32f7xx_hal_spi.o
 .debug_info    0x00000000000144ec     0x25a0 Drivers/STM32F7xx_HAL_Driver/Src/stm32f7xx_hal_tim.o
 .debug_info    0x0000000000016a8c     0x121c Drivers/STM32F7xx_HAL_Driver/Src/stm32f7xx_hal_tim_ex.o

.debug_abbrev   0x0000000000000000     0x33c1
 .debug_abbrev  0x0000000000000000      0x184 Core/Src/Menu.o
 .debug_abbrev  0x0000000000000184       0xc7 Core/Src/diode.o
 .debug_abbrev  0x000000000000024b      0x163 Core/Src/dma.o
 .debug_abbrev  0x00000000000003ae      0x19b Core/Src/i2c-lcd.o
 .debug_abbrev  0x0000000000000549       0xd8 Core/Src/intro.o
 .debug_abbrev  0x0000000000000621      0x181 Core/Src/joystick.o
 .debug_abbrev  0x00000000000007a2      0x120 Core/Src/lcdchars.o
 .debug_abbrev  0x00000000000008c2       0xa3 Core/Src/lcdcommands.o
 .debug_abbrev  0x0000000000000965       0xb2 Core/Src/loading.o
 .debug_abbrev  0x0000000000000a17      0x307 Core/Src/main.o
 .debug_abbrev  0x0000000000000d1e      0x1b3 Core/Src/spi.o
 .debug_abbrev  0x0000000000000ed1      0x1fa Core/Src/stm32f7xx_hal_msp.o
 .debug_abbrev  0x00000000000010cb      0x19d Core/Src/stm32f7xx_it.o
 .debug_abbrev  0x0000000000001268      0x1bb Core/Src/sysmem.o
 .debug_abbrev  0x0000000000001423      0x147 Core/Src/system_stm32f7xx.o
 .debug_abbrev  0x000000000000156a      0x1da Core/Src/ws2812b.o
 .debug_abbrev  0x0000000000001744       0x12 Core/Startup/startup_stm32f746zgtx.o
 .debug_abbrev  0x0000000000001756      0x1c7 Drivers/STM32F7xx_HAL_Driver/Src/stm32f7xx_hal.o
 .debug_abbrev  0x000000000000191d      0x205 Drivers/STM32F7xx_HAL_Driver/Src/stm32f7xx_hal_adc.o