Archive member included to satisfy reference by file (symbol)

c:/st/stm32cubeide_1.2.0/stm32cubeide/plugins/com.st.stm32cube.ide.mcu.externaltools.gnu-tools-for-stm32.7-2018-q2-update.win32_1.0.0.201904181610/tools/bin/../lib/gcc/arm-none-eabi/7.3.1/../../../../arm-none-eabi/lib/thumb/v7e-m/fpv4-sp/hard\libc_nano.a(lib_a-errno.o)
                              Core/Src/syscalls.o (__errno)
c:/st/stm32cubeide_1.2.0/stm32cubeide/plugins/com.st.stm32cube.ide.mcu.externaltools.gnu-tools-for-stm32.7-2018-q2-update.win32_1.0.0.201904181610/tools/bin/../lib/gcc/arm-none-eabi/7.3.1/../../../../arm-none-eabi/lib/thumb/v7e-m/fpv4-sp/hard\libc_nano.a(lib_a-exit.o)
                              c:/st/stm32cubeide_1.2.0/stm32cubeide/plugins/com.st.stm32cube.ide.mcu.externaltools.gnu-tools-for-stm32.7-2018-q2-update.win32_1.0.0.201904181610/tools/bin/../lib/gcc/arm-none-eabi/7.3.1/../../../../arm-none-eabi/lib/thumb/v7e-m/fpv4-sp/hard/crt0.o (exit)
c:/st/stm32cubeide_1.2.0/stm32cubeide/plugins/com.st.stm32cube.ide.mcu.externaltools.gnu-tools-for-stm32.7-2018-q2-update.win32_1.0.0.201904181610/tools/bin/../lib/gcc/arm-none-eabi/7.3.1/../../../../arm-none-eabi/lib/thumb/v7e-m/fpv4-sp/hard\libc_nano.a(lib_a-impure.o)
                              c:/st/stm32cubeide_1.2.0/stm32cubeide/plugins/com.st.stm32cube.ide.mcu.externaltools.gnu-tools-for-stm32.7-2018-q2-update.win32_1.0.0.201904181610/tools/bin/../lib/gcc/arm-none-eabi/7.3.1/../../../../arm-none-eabi/lib/thumb/v7e-m/fpv4-sp/hard\libc_nano.a(lib_a-exit.o) (_global_impure_ptr)
c:/st/stm32cubeide_1.2.0/stm32cubeide/plugins/com.st.stm32cube.ide.mcu.externaltools.gnu-tools-for-stm32.7-2018-q2-update.win32_1.0.0.201904181610/tools/bin/../lib/gcc/arm-none-eabi/7.3.1/../../../../arm-none-eabi/lib/thumb/v7e-m/fpv4-sp/hard\libc_nano.a(lib_a-init.o)
                              c:/st/stm32cubeide_1.2.0/stm32cubeide/plugins/com.st.stm32cube.ide.mcu.externaltools.gnu-tools-for-stm32.7-2018-q2-update.win32_1.0.0.201904181610/tools/bin/../lib/gcc/arm-none-eabi/7.3.1/../../../../arm-none-eabi/lib/thumb/v7e-m/fpv4-sp/hard/crt0.o (__libc_init_array)
c:/st/stm32cubeide_1.2.0/stm32cubeide/plugins/com.st.stm32cube.ide.mcu.externaltools.gnu-tools-for-stm32.7-2018-q2-update.win32_1.0.0.201904181610/tools/bin/../lib/gcc/arm-none-eabi/7.3.1/../../../../arm-none-eabi/lib/thumb/v7e-m/fpv4-sp/hard\libc_nano.a(lib_a-memset.o)
                              c:/st/stm32cubeide_1.2.0/stm32cubeide/plugins/com.st.stm32cube.ide.mcu.externaltools.gnu-tools-for-stm32.7-2018-q2-update.win32_1.0.0.201904181610/tools/bin/../lib/gcc/arm-none-eabi/7.3.1/../../../../arm-none-eabi/lib/thumb/v7e-m/fpv4-sp/hard/crt0.o (memset)
c:/st/stm32cubeide_1.2.0/stm32cubeide/plugins/com.st.stm32cube.ide.mcu.externaltools.gnu-tools-for-stm32.7-2018-q2-update.win32_1.0.0.201904181610/tools/bin/../lib/gcc/arm-none-eabi/7.3.1/../../../../arm-none-eabi/lib/thumb/v7e-m/fpv4-sp/hard\libc_nano.a(lib_a-rand.o)
                              Core/Src/main.o (srand)
c:/st/stm32cubeide_1.2.0/stm32cubeide/plugins/com.st.stm32cube.ide.mcu.externaltools.gnu-tools-for-stm32.7-2018-q2-update.win32_1.0.0.201904181610/tools/bin/../lib/gcc/arm-none-eabi/7.3.1/../../../../arm-none-eabi/lib/thumb/v7e-m/fpv4-sp/hard\libc_nano.a(lib_a-sprintf.o)
                              Core/Src/LCDgameService.o (sprintf)
c:/st/stm32cubeide_1.2.0/stm32cubeide/plugins/com.st.stm32cube.ide.mcu.externaltools.gnu-tools-for-stm32.7-2018-q2-update.win32_1.0.0.201904181610/tools/bin/../lib/gcc/arm-none-eabi/7.3.1/../../../../arm-none-eabi/lib/thumb/v7e-m/fpv4-sp/hard\libc_nano.a(lib_a-malloc.o)
                              c:/st/stm32cubeide_1.2.0/stm32cubeide/plugins/com.st.stm32cube.ide.mcu.externaltools.gnu-tools-for-stm32.7-2018-q2-update.win32_1.0.0.201904181610/tools/bin/../lib/gcc/arm-none-eabi/7.3.1/../../../../arm-none-eabi/lib/thumb/v7e-m/fpv4-sp/hard\libc_nano.a(lib_a-rand.o) (malloc)
c:/st/stm32cubeide_1.2.0/stm32cubeide/plugins/com.st.stm32cube.ide.mcu.externaltools.gnu-tools-for-stm32.7-2018-q2-update.win32_1.0.0.201904181610/tools/bin/../lib/gcc/arm-none-eabi/7.3.1/../../../../arm-none-eabi/lib/thumb/v7e-m/fpv4-sp/hard\libc_nano.a(lib_a-nano-freer.o)
                              c:/st/stm32cubeide_1.2.0/stm32cubeide/plugins/com.st.stm32cube.ide.mcu.externaltools.gnu-tools-for-stm32.7-2018-q2-update.win32_1.0.0.201904181610/tools/bin/../lib/gcc/arm-none-eabi/7.3.1/../../../../arm-none-eabi/lib/thumb/v7e-m/fpv4-sp/hard\libc_nano.a(lib_a-malloc.o) (_free_r)
c:/st/stm32cubeide_1.2.0/stm32cubeide/plugins/com.st.stm32cube.ide.mcu.externaltools.gnu-tools-for-stm32.7-2018-q2-update.win32_1.0.0.201904181610/tools/bin/../lib/gcc/arm-none-eabi/7.3.1/../../../../arm-none-eabi/lib/thumb/v7e-m/fpv4-sp/hard\libc_nano.a(lib_a-nano-mallocr.o)
[...]
Memory Configuration

Name             Origin             Length             Attributes
RAM              0x0000000020000000 0x0000000000050000 xrw
FLASH            0x0000000008000000 0x0000000000100000 xr
*default*        0x0000000000000000 0xffffffffffffffff

Linker script and memory map

LOAD c:/st/stm32cubeide_1.2.0/stm32cubeide/plugins/com.st.stm32cube.ide.mcu.externaltools.gnu-tools-for-stm32.7-2018-q2-update.win32_1.0.0.201904181610/tools/bin/../lib/gcc/arm-none-eabi/7.3.1/thumb/v7e-m/fpv4-sp/hard/crti.o
LOAD c:/st/stm32cubeide_1.2.0/stm32cubeide/plugins/com.st.stm32cube.ide.mcu.externaltools.gnu-tools-for-stm32.7-2018-q2-update.win32_1.0.0.201904181610/tools/bin/../lib/gcc/arm-none-eabi/7.3.1/thumb/v7e-m/fpv4-sp/hard/crtbegin.o
LOAD c:/st/stm32cubeide_1.2.0/stm32cubeide/plugins/com.st.stm32cube.ide.mcu.externaltools.gnu-tools-for-stm32.7-2018-q2-update.win32_1.0.0.201904181610/tools/bin/../lib/gcc/arm-none-eabi/7.3.1/../../../../arm-none-eabi/lib/thumb/v7e-m/fpv4-sp/hard/crt0.o
LOAD Core/Src/LCDgameService.o
LOAD Core/Src/Menu.o
LOAD Core/Src/diode.o
LOAD Core/Src/dma.o
LOAD Core/Src/enemyControl.o
LOAD Core/Src/enemyShootingControl.o
LOAD Core/Src/game.o
LOAD Core/Src/gameOver.o
LOAD Core/Src/i2c-lcd.o
LOAD Core/Src/intro.o
LOAD Core/Src/joystick.o
LOAD Core/Src/lcdchars.o
LOAD Core/Src/lcdcommands.o
LOAD Core/Src/loading.o
LOAD Core/Src/main.o
LOAD Core/Src/objectRefresh.o
LOAD Core/Src/playerControl.o
LOAD Core/Src/playerShootingControl.o
LOAD Core/Src/spi.o
LOAD Core/Src/stm32f7xx_hal_msp.o
LOAD Core/Src/stm32f7xx_it.o
LOAD Core/Src/syscalls.o
LOAD Core/Src/sysmem.o
LOAD Core/Src/system_stm32f7xx.o
LOAD Core/Src/ws2812b.o
LOAD Core/Startup/startup_stm32f746zgtx.o
LOAD Drivers/STM32F7xx_HAL_Driver/Src/stm32f7xx_hal.o
LOAD Drivers/STM32F7xx_HAL_Driver/Src/stm32f7xx_hal_adc.o
LOAD Drivers/STM32F7xx_HAL_Driver/Src/stm32f7xx_hal_adc_ex.o
LOAD Drivers/STM32F7xx_HAL_Driver/Src/stm32f7xx_hal_cortex.o
LOAD Drivers/STM32F7xx_HAL_Driver/Src/stm32f7xx_hal_dma.o
LOAD Drivers/STM32F7xx_HAL_Driver/Src/stm32f7xx_hal_dma_ex.o
LOAD Drivers/STM32F7xx_HAL_Driver/Src/stm32f7xx_hal_exti.o
LOAD Drivers/STM32F7xx_HAL_Driver/Src/stm32f7xx_hal_flash.o
LOAD Drivers/STM32F7xx_HAL_Driver/Src/stm32f7xx_hal_flash_ex.o
LOAD Drivers/STM32F7xx_HAL_Driver/Src/stm32f7xx_hal_gpio.o
LOAD Drivers/STM32F7xx_HAL_Driver/Src/stm32f7xx_hal_i2c.o
LOAD Drivers/STM32F7xx_HAL_Driver/Src/stm32f7xx_hal_i2c_ex.o
LOAD Drivers/STM32F7xx_HAL_Driver/Src/stm32f7xx_hal_pwr.o
LOAD Drivers/STM32F7xx_HAL_Driver/Src/stm32f7xx_hal_pwr_ex.o
LOAD Drivers/STM32F7xx_HAL_Driver/Src/stm32f7xx_hal_rcc.o
LOAD Drivers/STM32F7xx_HAL_Driver/Src/stm32f7xx_hal_rcc_ex.o
LOAD Drivers/STM32F7xx_HAL_Driver/Src/stm32f7xx_hal_spi.o
LOAD Drivers/STM32F7xx_HAL_Driver/Src/stm32f7xx_hal_spi_ex.o
LOAD Drivers/STM32F7xx_HAL_Driver/Src/stm32f7xx_hal_tim.o
LOAD Drivers/STM32F7xx_HAL_Driver/Src/stm32f7xx_hal_tim_ex.o
START GROUP
LOAD c:/st/stm32cubeide_1.2.0/stm32cubeide/plugins/com.st.stm32cube.ide.mcu.externaltools.gnu-tools-for-stm32.7-2018-q2-update.win32_1.0.0.201904181610/tools/bin/../lib/gcc/arm-none-eabi/7.3.1/../../../../arm-none-eabi/lib/thumb/v7e-m/fpv4-sp/hard\libc_nano.a
LOAD c:/st/stm32cubeide_1.2.0/stm32cubeide/plugins/com.st.stm32cube.ide.mcu.externaltools.gnu-tools-for-stm32.7-2018-q2-update.win32_1.0.0.201904181610/tools/bin/../lib/gcc/arm-none-eabi/7.3.1/../../../../arm-none-eabi/lib/thumb/v7e-m/fpv4-sp/hard\libm.a
END GROUP
START GROUP
LOAD c:/st/stm32cubeide_1.2.0/stm32cubeide/plugins/com.st.stm32cube.ide.mcu.externaltools.gnu-tools-for-stm32.7-2018-q2-update.win32_1.0.0.201904181610/tools/bin/../lib/gcc/arm-none-eabi/7.3.1/thumb/v7e-m/fpv4-sp/hard\libgcc.a
LOAD c:/st/stm32cubeide_1.2.0/stm32cubeide/plugins/com.st.stm32cube.ide.mcu.externaltools.gnu-tools-for-stm32.7-2018-q2-update.win32_1.0.0.201904181610/tools/bin/../lib/gcc/arm-none-eabi/7.3.1/../../../../arm-none-eabi/lib/thumb/v7e-m/fpv4-sp/hard\libc_nano.a
END GROUP
START GROUP
LOAD c:/st/stm32cubeide_1.2.0/stm32cubeide/plugins/com.st.stm32cube.ide.mcu.externaltools.gnu-tools-for-stm32.7-2018-q2-update.win32_1.0.0.201904181610/tools/bin/../lib/gcc/arm-none-eabi/7.3.1/thumb/v7e-m/fpv4-sp/hard\libgcc.a
LOAD c:/st/stm32cubeide_1.2.0/stm32cubeide/plugins/com.st.stm32cube.ide.mcu.externaltools.gnu-tools-for-stm32.7-2018-q2-update.win32_1.0.0.201904181610/tools/bin/../lib/gcc/arm-none-eabi/7.3.1/../../../../arm-none-eabi/lib/thumb/v7e-m/fpv4-sp/hard\libc_nano.a
LOAD c:/st/stm32cubeide_1.2.0/stm32cubeide/plugins/com.st.stm32cube.ide.mcu.externaltools.gnu-tools-for-stm32.7-2018-q2-update.win32_1.0.0.201904181610/tools/bin/../lib/gcc/arm-none-eabi/7.3.1/../../../../arm-none-eabi/lib/thumb/v7e-m/fpv4-sp/hard\libnosys.a
END GROUP
START GROUP
LOAD c:/st/stm32cubeide_1.2.0/stm32cubeide/plugins/com.st.stm32cube.ide.mcu.externaltools.gnu-tools-for-stm32.7-2018-q2-update.win32_1.0.0.201904181610/tools/bin/../lib/gcc/arm-none-eabi/7.3.1/thumb/v7e-m/fpv4-sp/hard\libgcc.a
LOAD c:/st/stm32cubeide_1.2.0/stm32cubeide/plugins/com.st.stm32cube.ide.mcu.externaltools.gnu-tools-for-stm32.7-2018-q2-update.win32_1.0.0.201904181610/tools/bin/../lib/gcc/arm-none-eabi/7.3.1/../../../../arm-none-eabi/lib/thumb/v7e-m/fpv4-sp/hard\libc_nano.a
LOAD c:/st/stm32cubeide_1.2.0/stm32cubeide/plugins/com.st.stm32cube.ide.mcu.externaltools.gnu-tools-for-stm32.7-2018-q2-update.win32_1.0.0.201904181610/tools/bin/../lib/gcc/arm-none-eabi/7.3.1/../../../../arm-none-eabi/lib/thumb/v7e-m/fpv4-sp/hard\libnosys.a
END GROUP
LOAD c:/st/stm32cubeide_1.2.0/stm32cubeide/plugins/com.st.stm32cube.ide.mcu.externaltools.gnu-tools-for-stm32.7-2018-q2-update.win32_1.0.0.201904181610/tools/bin/../lib/gcc/arm-none-eabi/7.3.1/thumb/v7e-m/fpv4-sp/hard/crtend.o
LOAD c:/st/stm32cubeide_1.2.0/stm32cubeide/plugins/com.st.stm32cube.ide.mcu.externaltools.gnu-tools-for-stm32.7-2018-q2-update.win32_1.0.0.201904181610/tools/bin/../lib/gcc/arm-none-eabi/7.3.1/thumb/v7e-m/fpv4-sp/hard/crtn.o
                0x0000000020050000                _estack = (ORIGIN (RAM) + LENGTH (RAM))
                0x0000000000000200                _Min_Heap_Size = 0x200
                0x0000000000000400                _Min_Stack_Size = 0x400

.isr_vector     0x0000000008000000      0x1c8
                0x0000000008000000                . = ALIGN (0x4)
 *(.isr_vector)
 .isr_vector    0x0000000008000000      0x1c8 Core/Startup/startup_stm32f746zgtx.o
                0x0000000008000000                g_pfnVectors
                0x00000000080001c8                . = ALIGN (0x4)

.text           0x00000000080001d0    0x3af0c
                0x00000000080001d0                . = ALIGN (0x4)
 *(.text)
 .text          0x00000000080001d0       0x40 c:/st/stm32cubeide_1.2.0/stm32cubeide/plugins/com.st.stm32cube.ide.mcu.externaltools.gnu-tools-for-stm32.7-2018-q2-update.win32_1.0.0.201904181610/tools/bin/../lib/gcc/arm-none-eabi/7.3.1/thumb/v7e-m/fpv4-sp/hard/crtbegin.o
 .text          0x0000000008000210       0xa0 c:/st/stm32cubeide_1.2.0/stm32cubeide/plugins/com.st.stm32cube.ide.mcu.externaltools.gnu-tools-for-stm32.7-2018-q2-update.win32_1.0.0.201904181610/tools/bin/../lib/gcc/arm-none-eabi/7.3.1/../../../../arm-none-eabi/lib/thumb/v7e-m/fpv4-sp/hard\libc_nano.a(lib_a-memchr.o)
                0x0000000008000210                memchr
 .text          0x00000000080002b0       0x30 c:/st/stm32cubeide_1.2.0/stm32cubeide/plugins/com.st.stm32cube.ide.mcu.externaltools.gnu-tools-for-stm32.7-2018-q2-update.win32_1.0.0.201904181610/tools/bin/../lib/gcc/arm-none-eabi/7.3.1/thumb/v7e-m/fpv4-sp/hard\libgcc.a(_aeabi_uldivmod.o)
                0x00000000080002b0                __aeabi_uldivmod
 .text          0x00000000080002e0      0x2cc c:/st/stm32cubeide_1.2.0/stm32cubeide/plugins/com.st.stm32cube.ide.mcu.externaltools.gnu-tools-for-stm32.7-2018-q2-update.win32_1.0.0.201904181610/tools/bin/../lib/gcc/arm-none-eabi/7.3.1/thumb/v7e-m/fpv4-sp/hard\libgcc.a(_udivmoddi4.o)
                0x00000000080002e0                __udivmoddi4
 .text          0x00000000080005ac        0x4 c:/st/stm32cubeide_1.2.0/stm32cubeide/plugins/com.st.stm32cube.ide.mcu.externaltools.gnu-tools-for-stm32.7-2018-q2-update.win32_1.0.0.201904181610/tools/bin/../lib/gcc/arm-none-eabi/7.3.1/thumb/v7e-m/fpv4-sp/hard\libgcc.a(_dvmd_tls.o)
                0x00000000080005ac                __aeabi_idiv0
                0x00000000080005ac                __aeabi_ldiv0
 *(.text*)
 .text.LCD_gameStarted
                0x00000000080005b0      0x1cc Core/Src/LCDgameService.o
                0x00000000080005b0                LCD_gameStarted
 .text.LCD_gameStartedTitleAnimation
                0x000000000800077c      0x3bc Core/Src/LCDgameService.o
                0x000000000800077c                LCD_gameStartedTitleAnimation
 .text.LCD_tryAgain
                0x0000000008000b38       0x88 Core/Src/LCDgameService.o
                0x0000000008000b38                LCD_tryAgain
 .text.tryAgainCheckForSelectedOption
                0x0000000008000bc0       0x88 Core/Src/LCDgameService.o
                0x0000000008000bc0                tryAgainCheckForSelectedOption
 .text.tryAgainSelectedOptionAnimation
                0x0000000008000c48       0xd0 Core/Src/LCDgameService.o
                0x0000000008000c48                tryAgainSelectedOptionAnimation
 .text.LCDcheckExecuteOption
                0x0000000008000d18      0x380 Core/Src/LCDgameService.o
                0x0000000008000d18                LCDcheckExecuteOption
 .text.menuResetVariables
                0x0000000008001098      0x144 Core/Src/Menu.o
                0x0000000008001098                menuResetVariables
 .text.MENU     0x00000000080011dc      0x398 Core/Src/Menu.o
                0x00000000080011dc                MENU
 .text.MENU_Animation_TIM2
                0x0000000008001574       0x68 Core/Src/Menu.o
                0x0000000008001574                MENU_Animation_TIM2
 .text.MENU_Animation_TIM5
                0x00000000080015dc       0x6c Core/Src/Menu.o
                0x00000000080015dc                MENU_Animation_TIM5
 .text.textFade
                0x0000000008001648       0x68 Core/Src/Menu.o
                0x0000000008001648                textFade
 .text.showUpperText
                0x00000000080016b0       0x48 Core/Src/Menu.o
                0x00000000080016b0                showUpperText
 .text.main_Menu
                0x00000000080016f8      0x254 Core/Src/Menu.o
                0x00000000080016f8                main_Menu
 .text.main_Menu_Marked
                0x000000000800194c      0x274 Core/Src/Menu.o
                0x000000000800194c                main_Menu_Marked
 .text.level_Menu
                0x0000000008001bc0      0x188 Core/Src/Menu.o
                0x0000000008001bc0                level_Menu
 .text.level_Menu_Picked
                0x0000000008001d48      0x160 Core/Src/Menu.o
                0x0000000008001d48                level_Menu_Picked
 .text.Menu_Conditions
                0x0000000008001ea8      0x210 Core/Src/Menu.o
                0x0000000008001ea8                Menu_Conditions
 .text.highscoresAnimation
                0x00000000080020b8      0x330 Core/Src/Menu.o
                0x00000000080020b8                highscoresAnimation
 .text.hiscore_Menu
                0x00000000080023e8      0x580 Core/Src/Menu.o
                0x00000000080023e8                hiscore_Menu
 .text.creditsAnimation
                0x0000000008002968      0x284 Core/Src/Menu.o
                0x0000000008002968                creditsAnimation
 .text.leftArrowAnimation
                0x0000000008002bec       0xfc Core/Src/Menu.o
                0x0000000008002bec                leftArrowAnimation
 .text.credits_Menu
                0x0000000008002ce8      0x2a0 Core/Src/Menu.o
                0x0000000008002ce8                credits_Menu
 .text.credits_Menu_Marked
                0x0000000008002f88      0x1c0 Core/Src/Menu.o
                0x0000000008002f88                credits_Menu_Marked
 .text.diodeArrayInit
                0x0000000008003148       0x54 Core/Src/diode.o
                0x0000000008003148                diodeArrayInit
 .text.MX_DMA_Init
                0x000000000800319c       0x4c Core/Src/dma.o
                0x000000000800319c                MX_DMA_Init
 .text.initEnemy
                0x00000000080031e8      0x234 Core/Src/enemyControl.o
                0x00000000080031e8                initEnemy
 .text.initEnemyLine
                0x000000000800341c      0x83c Core/Src/enemyControl.o
                0x000000000800341c                initEnemyLine
 .text.enemyLineMoveDown
                0x0000000008003c58     0x1ca8 Core/Src/enemyControl.o
                0x0000000008003c58                enemyLineMoveDown
 .text.enemyInitialization
                0x0000000008005900      0x1b4 Core/Src/enemyControl.o
                0x0000000008005900                enemyInitialization
 .text.enemyMovement
                0x0000000008005ab4     0x2e34 Core/Src/enemyControl.o
                0x0000000008005ab4                enemyMovement
 .text.checkForEnemyHit
                0x00000000080088e8      0xd1c Core/Src/enemyControl.o
                0x00000000080088e8                checkForEnemyHit
 .text.getEnemyBulletLine
                0x0000000008009604      0x708 Core/Src/enemyControl.o
                0x0000000008009604                getEnemyBulletLine
 .text.checkForBulletCollision
                0x0000000008009d0c     0x1318 Core/Src/enemyControl.o
                0x0000000008009d0c                checkForBulletCollision
 .text.checkEnemyFreeLineToShot
                0x000000000800b024     0x1928 Core/Src/enemyShootingControl.o
                0x000000000800b024                checkEnemyFreeLineToShot
 .text.initEnemyShooting
                0x000000000800c94c       0xb4 Core/Src/enemyShootingControl.o
                0x000000000800c94c                initEnemyShooting
 .text.enemyShooting_1
                0x000000000800ca00     0x61d0 Core/Src/enemyShootingControl.o
                0x000000000800ca00                enemyShooting_1
 .text.enemyShooting_2
                0x0000000008012bd0     0x61d0 Core/Src/enemyShootingControl.o
                0x0000000008012bd0                enemyShooting_2
 .text.enemyShooting_3
                0x0000000008018da0     0x61d0 Core/Src/enemyShootingControl.o
                0x0000000008018da0                enemyShooting_3
 .text.enemyShooting_4
                0x000000000801ef70     0x61d0 Core/Src/enemyShootingControl.o
                0x000000000801ef70                enemyShooting_4
 .text.getRand  0x0000000008025140       0x32 Core/Src/game.o
                0x0000000008025140                getRand
 *fill*         0x0000000008025172        0x2 
 .text.theme    0x0000000008025174      0x174 Core/Src/game.o
                0x0000000008025174                theme
 .text.checkForRoundOver
                0x00000000080252e8       0xbc Core/Src/gameOver.o
                0x00000000080252e8                checkForRoundOver
 .text.gameOverTheme
                0x00000000080253a4     0x1a5c Core/Src/gameOver.o
                0x00000000080253a4                gameOverTheme
 .text.SpaceInvaders_gameOver
                0x0000000008026e00      0x100 Core/Src/gameOver.o
                0x0000000008026e00                SpaceInvaders_gameOver
 .text.gameOver_reset
                0x0000000008026f00       0x60 Core/Src/gameOver.o
                0x0000000008026f00                gameOver_reset
 .text.lcd_create_char
                0x0000000008026f60       0x48 Core/Src/i2c-lcd.o
                0x0000000008026f60                lcd_create_char
 .text.lcd_send_cmd
                0x0000000008026fa8       0x60 Core/Src/i2c-lcd.o
                0x0000000008026fa8                lcd_send_cmd
 .text.lcd_send_data
                0x0000000008027008       0x60 Core/Src/i2c-lcd.o
                0x0000000008027008                lcd_send_data
 .text.lcd_clear
                0x0000000008027068       0x2c Core/Src/i2c-lcd.o
                0x0000000008027068                lcd_clear
 .text.lcd_init
                0x0000000008027094       0x7a Core/Src/i2c-lcd.o
                0x0000000008027094                lcd_init
 *fill*         0x000000000802710e        0x2 
 .text.introAnimation
                0x0000000008027110      0x738 Core/Src/intro.o
                0x0000000008027110                introAnimation
 .text.UP       0x0000000008027848       0x20 Core/Src/joystick.o
                0x0000000008027848                UP
 .text.DOWN     0x0000000008027868       0x20 Core/Src/joystick.o
                0x0000000008027868                DOWN
 .text.RIGHT    0x0000000008027888       0x20 Core/Src/joystick.o
                0x0000000008027888                RIGHT
 .text.LEFT     0x00000000080278a8       0x20 Core/Src/joystick.o
                0x00000000080278a8                LEFT
 .text.blockJoystick
                0x00000000080278c8       0x40 Core/Src/joystick.o
                0x00000000080278c8                blockJoystick
 .text.unblockJoystick
                0x0000000008027908       0x40 Core/Src/joystick.o
                0x0000000008027908                unblockJoystick
 .text.getJoystickLed
                0x0000000008027948       0xe8 Core/Src/joystick.o
                0x0000000008027948                getJoystickLed
 .text.getJoystickDirection
                0x0000000008027a30       0x74 Core/Src/joystick.o
                0x0000000008027a30                getJoystickDirection
 .text.createChar
                0x0000000008027aa4       0x2c Core/Src/lcdchars.o
                0x0000000008027aa4                createChar
 .text.createInvertedWord
                0x0000000008027ad0      0xca0 Core/Src/lcdchars.o
                0x0000000008027ad0                createInvertedWord
 .text.lcd_clear_1
                0x0000000008028770       0x18 Core/Src/lcdcommands.o
                0x0000000008028770                lcd_clear_1
 .text.lcd_clear_2
                0x0000000008028788       0x18 Core/Src/lcdcommands.o
                0x0000000008028788                lcd_clear_2
 .text.lcd_clear_3
                0x00000000080287a0       0x18 Core/Src/lcdcommands.o
                0x00000000080287a0                lcd_clear_3
 .text.lcd_clear_4
                0x00000000080287b8       0x18 Core/Src/lcdcommands.o
                0x00000000080287b8                lcd_clear_4
 .text.lcd_cls  0x00000000080287d0       0x3c Core/Src/lcdcommands.o
                0x00000000080287d0                lcd_cls
 .text.lcd_special_cls
                0x000000000802880c       0x40 Core/Src/lcdcommands.o
                0x000000000802880c                lcd_special_cls
 .text.lcd_clear_3_8_lines
                0x000000000802884c       0x18 Core/Src/lcdcommands.o
                0x000000000802884c                lcd_clear_3_8_lines
 .text.lcd_clear_4_8_lines
                0x0000000008028864       0x18 Core/Src/lcdcommands.o
                0x0000000008028864                lcd_clear_4_8_lines
 .text.LCD_SetLocalization
                0x000000000802887c       0x20 Core/Src/lcdcommands.o
                0x000000000802887c                LCD_SetLocalization
 .text.LCD_SendWord
                0x000000000802889c       0x28 Core/Src/lcdcommands.o
                0x000000000802889c                LCD_SendWord
 .text.printDots
                0x00000000080288c4       0xec Core/Src/loading.o
                0x00000000080288c4                printDots
 .text.enemyAboveWord
                0x00000000080289b0      0x49c Core/Src/loading.o
                0x00000000080289b0                enemyAboveWord
 .text.miniDuelOfSpaces
                0x0000000008028e4c      0x1e8 Core/Src/loading.o
                0x0000000008028e4c                miniDuelOfSpaces
 .text.resetLoadingVariables
                0x0000000008029034       0x58 Core/Src/loading.o
                0x0000000008029034                resetLoadingVariables
 .text.SpaceInvaders_TIM2
                0x000000000802908c      0x2b8 Core/Src/main.o
                0x000000000802908c                SpaceInvaders_TIM2
 .text.SpaceInvaders_TIM3
                0x0000000008029344      0x178 Core/Src/main.o
                0x0000000008029344                SpaceInvaders_TIM3
 .text.SpaceInvaders_TIM4
                0x00000000080294bc       0x20 Core/Src/main.o
                0x00000000080294bc                SpaceInvaders_TIM4
 .text.SpaceInvaders_TIM5
                0x00000000080294dc       0xd0 Core/Src/main.o
                0x00000000080294dc                SpaceInvaders_TIM5
 .text.SpaceInvaders_TIM7
                0x00000000080295ac       0x24 Core/Src/main.o
                0x00000000080295ac                SpaceInvaders_TIM7
 .text.SpaceInvaders_TIM8
                0x00000000080295d0       0x70 Core/Src/main.o
                0x00000000080295d0                SpaceInvaders_TIM8
 .text.SpaceInvaders_TIM9
                0x0000000008029640       0xb8 Core/Src/main.o
                0x0000000008029640                SpaceInvaders_TIM9
 .text.SpaceInvaders_TIM10
                0x00000000080296f8       0x7c Core/Src/main.o
                0x00000000080296f8                SpaceInvaders_TIM10
 .text.SpaceInvaders_TIM11
                0x0000000008029774       0xb8 Core/Src/main.o
                0x0000000008029774                SpaceInvaders_TIM11
 .text.SpaceInvaders_TIM12
                0x000000000802982c       0x68 Core/Src/main.o
                0x000000000802982c                SpaceInvaders_TIM12
 .text.SpaceInvaders_TIM13
                0x0000000008029894      0x134 Core/Src/main.o
                0x0000000008029894                SpaceInvaders_TIM13
 .text.gameNotStartedTheme
                0x00000000080299c8       0x8c Core/Src/main.o
                0x00000000080299c8                gameNotStartedTheme
 .text.HAL_TIM_PeriodElapsedCallback
                0x0000000008029a54      0x170 Core/Src/main.o
                0x0000000008029a54                HAL_TIM_PeriodElapsedCallback
 .text.main     0x0000000008029bc4      0x10c Core/Src/main.o
                0x0000000008029bc4                main
 .text.SystemClock_Config
                0x0000000008029cd0      0x120 Core/Src/main.o
                0x0000000008029cd0                SystemClock_Config
 .text.MX_ADC1_Init
                0x0000000008029df0       0xc0 Core/Src/main.o
 .text.MX_I2C2_Init
                0x0000000008029eb0       0x80 Core/Src/main.o
 .text.MX_TIM2_Init
                0x0000000008029f30       0x9c Core/Src/main.o
 .text.MX_TIM3_Init
                0x0000000008029fcc       0x9c Core/Src/main.o
 .text.MX_TIM4_Init
                0x000000000802a068       0xa0 Core/Src/main.o
 .text.MX_TIM5_Init
                0x000000000802a108       0xa0 Core/Src/main.o
 .text.MX_TIM6_Init
                0x000000000802a1a8       0x70 Core/Src/main.o
 .text.MX_TIM7_Init
                0x000000000802a218       0x70 Core/Src/main.o
 .text.MX_TIM8_Init
                0x000000000802a288       0xa8 Core/Src/main.o
 .text.MX_TIM9_Init
                0x000000000802a330       0x74 Core/Src/main.o
 .text.MX_TIM10_Init
                0x000000000802a3a4       0x48 Core/Src/main.o
 .text.MX_TIM11_Init
                0x000000000802a3ec       0x48 Core/Src/main.o
 .text.MX_TIM12_Init
                0x000000000802a434       0x74 Core/Src/main.o
 .text.MX_TIM13_Init
                0x000000000802a4a8       0x48 Core/Src/main.o
 .text.MX_GPIO_Init
                0x000000000802a4f0       0xcc Core/Src/main.o
 .text.Error_Handler
                0x000000000802a5bc        0xe Core/Src/main.o
                0x000000000802a5bc                Error_Handler
 *fill*         0x000000000802a5ca        0x2 
 .text.refreshEnemies
                0x000000000802a5cc       0xcc Core/Src/objectRefresh.o
                0x000000000802a5cc                refreshEnemies
 .text.refreshBullets
                0x000000000802a698       0x48 Core/Src/objectRefresh.o
                0x000000000802a698                refreshBullets
 .text.refreshPlayer
                0x000000000802a6e0       0x48 Core/Src/objectRefresh.o
                0x000000000802a6e0                refreshPlayer
 .text.checkForPlayerHit
                0x000000000802a728      0x424 Core/Src/playerControl.o
                0x000000000802a728                checkForPlayerHit
 .text.playerChangePosition
                0x000000000802ab4c      0xf6c Core/Src/playerControl.o
                0x000000000802ab4c                playerChangePosition
 .text.playerMoveLeft
                0x000000000802bab8       0x48 Core/Src/playerControl.o
                0x000000000802bab8                playerMoveLeft
 .text.playerMoveRight
                0x000000000802bb00       0x44 Core/Src/playerControl.o
                0x000000000802bb00                playerMoveRight
 .text.initPlayer
                0x000000000802bb44      0x1c0 Core/Src/playerControl.o
                0x000000000802bb44                initPlayer
 .text.checkForPlayerMove
                0x000000000802bd04       0x64 Core/Src/playerControl.o
                0x000000000802bd04                checkForPlayerMove
 .text.playerPositioning
                0x000000000802bd68       0x60 Core/Src/playerControl.o
                0x000000000802bd68                playerPositioning
 .text.findPlayerPosition
                0x000000000802bdc8       0x4c Core/Src/playerShootingControl.o
                0x000000000802bdc8                findPlayerPosition
 .text.playerShot
                0x000000000802be14     0x905c Core/Src/playerShootingControl.o
                0x000000000802be14                playerShot
 .text.MX_SPI1_Init
                0x0000000008034e70       0x7c Core/Src/spi.o
                0x0000000008034e70                MX_SPI1_Init
 .text.HAL_SPI_MspInit
                0x0000000008034eec       0xfc Core/Src/spi.o
                0x0000000008034eec                HAL_SPI_MspInit
 .text.HAL_MspInit
                0x0000000008034fe8       0x48 Core/Src/stm32f7xx_hal_msp.o
                0x0000000008034fe8                HAL_MspInit
 .text.HAL_ADC_MspInit
                0x0000000008035030       0xf8 Core/Src/stm32f7xx_hal_msp.o
                0x0000000008035030                HAL_ADC_MspInit
 .text.HAL_I2C_MspInit
                0x0000000008035128       0xa8 Core/Src/stm32f7xx_hal_msp.o
                0x0000000008035128                HAL_I2C_MspInit
 .text.HAL_TIM_Base_MspInit
                0x00000000080351d0      0x2c0 Core/Src/stm32f7xx_hal_msp.o
                0x00000000080351d0                HAL_TIM_Base_MspInit
 .text.NMI_Handler
                0x0000000008035490        0xe Core/Src/stm32f7xx_it.o
                0x0000000008035490                NMI_Handler
 .text.HardFault_Handler
                0x000000000803549e        0x6 Core/Src/stm32f7xx_it.o
                0x000000000803549e                HardFault_Handler
 .text.MemManage_Handler
                0x00000000080354a4        0x6 Core/Src/stm32f7xx_it.o
                0x00000000080354a4                MemManage_Handler
 .text.BusFault_Handler
                0x00000000080354aa        0x6 Core/Src/stm32f7xx_it.o
                0x00000000080354aa                BusFault_Handler
 .text.UsageFault_Handler
                0x00000000080354b0        0x6 Core/Src/stm32f7xx_it.o
                0x00000000080354b0                UsageFault_Handler
 .text.SVC_Handler
                0x00000000080354b6        0xe Core/Src/stm32f7xx_it.o
                0x00000000080354b6                SVC_Handler
 .text.DebugMon_Handler
                0x00000000080354c4        0xe Core/Src/stm32f7xx_it.o
                0x00000000080354c4                DebugMon_Handler
 .text.PendSV_Handler
                0x00000000080354d2        0xe Core/Src/stm32f7xx_it.o
                0x00000000080354d2                PendSV_Handler
 .text.SysTick_Handler
                0x00000000080354e0       0x10 Core/Src/stm32f7xx_it.o
                0x00000000080354e0                SysTick_Handler
 .text.ADC_IRQHandler
                0x00000000080354f0       0x14 Core/Src/stm32f7xx_it.o
                0x00000000080354f0                ADC_IRQHandler
 .text.TIM1_BRK_TIM9_IRQHandler
                0x0000000008035504       0x14 Core/Src/stm32f7xx_it.o
                0x0000000008035504                TIM1_BRK_TIM9_IRQHandler
 .text.TIM1_UP_TIM10_IRQHandler
                0x0000000008035518       0x14 Core/Src/stm32f7xx_it.o
                0x0000000008035518                TIM1_UP_TIM10_IRQHandler
 .text.TIM1_TRG_COM_TIM11_IRQHandler
                0x000000000803552c       0x14 Core/Src/stm32f7xx_it.o
                0x000000000803552c                TIM1_TRG_COM_TIM11_IRQHandler
 .text.TIM2_IRQHandler
                0x0000000008035540       0x14 Core/Src/stm32f7xx_it.o
                0x0000000008035540                TIM2_IRQHandler
 .text.TIM3_IRQHandler
                0x0000000008035554       0x14 Core/Src/stm32f7xx_it.o
                0x0000000008035554                TIM3_IRQHandler
 .text.TIM4_IRQHandler
                0x0000000008035568       0x14 Core/Src/stm32f7xx_it.o
                0x0000000008035568                TIM4_IRQHandler
 .text.I2C2_EV_IRQHandler
                0x000000000803557c       0x14 Core/Src/stm32f7xx_it.o
                0x000000000803557c                I2C2_EV_IRQHandler
 .text.I2C2_ER_IRQHandler
                0x0000000008035590       0x14 Core/Src/stm32f7xx_it.o
                0x0000000008035590                I2C2_ER_IRQHandler
 .text.SPI1_IRQHandler
                0x00000000080355a4       0x14 Core/Src/stm32f7xx_it.o
                0x00000000080355a4                SPI1_IRQHandler
 .text.TIM8_BRK_TIM12_IRQHandler
                0x00000000080355b8       0x1c Core/Src/stm32f7xx_it.o
                0x00000000080355b8                TIM8_BRK_TIM12_IRQHandler
 .text.TIM8_UP_TIM13_IRQHandler
                0x00000000080355d4       0x1c Core/Src/stm32f7xx_it.o
                0x00000000080355d4                TIM8_UP_TIM13_IRQHandler
 .text.TIM5_IRQHandler
                0x00000000080355f0       0x14 Core/Src/stm32f7xx_it.o
                0x00000000080355f0                TIM5_IRQHandler
 .text.TIM6_DAC_IRQHandler
                0x0000000008035604       0x14 Core/Src/stm32f7xx_it.o
                0x0000000008035604                TIM6_DAC_IRQHandler
 .text.TIM7_IRQHandler
                0x0000000008035618       0x14 Core/Src/stm32f7xx_it.o
                0x0000000008035618                TIM7_IRQHandler
 .text.DMA2_Stream0_IRQHandler
                0x000000000803562c       0x14 Core/Src/stm32f7xx_it.o
                0x000000000803562c                DMA2_Stream0_IRQHandler
 .text.DMA2_Stream3_IRQHandler
                0x0000000008035640       0x14 Core/Src/stm32f7xx_it.o
                0x0000000008035640                DMA2_Stream3_IRQHandler
 .text._sbrk    0x0000000008035654       0x58 Core/Src/sysmem.o
                0x0000000008035654                _sbrk
 .text.SystemInit
                0x00000000080356ac       0x6c Core/Src/system_stm32f7xx.o
                0x00000000080356ac                SystemInit
 .text.encode_byte
                0x0000000008035718       0x94 Core/Src/ws2812b.o
                0x0000000008035718                encode_byte
 .text.generate_ws_buffer
                0x00000000080357ac       0x6a Core/Src/ws2812b.o
                0x00000000080357ac                generate_ws_buffer
 *fill*         0x0000000008035816        0x2 
 .text.Send_4812
                0x0000000008035818       0x2c Core/Src/ws2812b.o
                0x0000000008035818                Send_4812
 .text.setAllPixelColor
                0x0000000008035844       0x3e Core/Src/ws2812b.o
                0x0000000008035844                setAllPixelColor
 .text.setPixelColor
                0x0000000008035882       0x38 Core/Src/ws2812b.o
                0x0000000008035882                setPixelColor
 *fill*         0x00000000080358ba        0x2 
 .text.initLEDMOSI
                0x00000000080358bc       0x28 Core/Src/ws2812b.o
                0x00000000080358bc                initLEDMOSI
 .text.Reset_Handler
                0x00000000080358e4       0x50 Core/Startup/startup_stm32f746zgtx.o
                0x00000000080358e4                Reset_Handler
 .text.Default_Handler
                0x0000000008035934        0x2 Core/Startup/startup_stm32f746zgtx.o
                0x0000000008035934                RTC_Alarm_IRQHandler
                0x0000000008035934                EXTI2_IRQHandler
                0x0000000008035934                TIM8_CC_IRQHandler
                0x0000000008035934                UART8_IRQHandler
                0x0000000008035934                SPI4_IRQHandler
                0x0000000008035934                TIM1_CC_IRQHandler
                0x0000000008035934                DMA2_Stream5_IRQHandler
                0x0000000008035934                DMA1_Stream5_IRQHandler
                0x0000000008035934                PVD_IRQHandler
                0x0000000008035934                TAMP_STAMP_IRQHandler
                0x0000000008035934                CAN2_RX1_IRQHandler
                0x0000000008035934                EXTI3_IRQHandler
                0x0000000008035934                TIM8_TRG_COM_TIM14_IRQHandler
                0x0000000008035934                I2C3_ER_IRQHandler
                0x0000000008035934                EXTI0_IRQHandler
                0x0000000008035934                DMA1_Stream2_IRQHandler
                0x0000000008035934                CAN1_RX0_IRQHandler
                0x0000000008035934                FPU_IRQHandler
                0x0000000008035934                OTG_HS_WKUP_IRQHandler
                0x0000000008035934                LTDC_ER_IRQHandler
                0x0000000008035934                CAN2_SCE_IRQHandler
                0x0000000008035934                DMA2_Stream2_IRQHandler
                0x0000000008035934                DCMI_IRQHandler
                0x0000000008035934                CAN2_RX0_IRQHandler
                0x0000000008035934                SAI2_IRQHandler
                0x0000000008035934                USART6_IRQHandler
                0x0000000008035934                USART3_IRQHandler
                0x0000000008035934                CAN1_RX1_IRQHandler
                0x0000000008035934                UART5_IRQHandler
                0x0000000008035934                QUADSPI_IRQHandler
                0x0000000008035934                I2C1_EV_IRQHandler
                0x0000000008035934                DMA1_Stream6_IRQHandler
                0x0000000008035934                DMA1_Stream1_IRQHandler
                0x0000000008035934                UART4_IRQHandler
                0x0000000008035934                RCC_IRQHandler
                0x0000000008035934                Default_Handler
                0x0000000008035934                CEC_IRQHandler
                0x0000000008035934                EXTI15_10_IRQHandler
                0x0000000008035934                DMA1_Stream7_IRQHandler
                0x0000000008035934                SPI5_IRQHandler
                0x0000000008035934                SDMMC1_IRQHandler
                0x0000000008035934                CAN2_TX_IRQHandler
                0x0000000008035934                DMA2_Stream7_IRQHandler
                0x0000000008035934                I2C3_EV_IRQHandler
                0x0000000008035934                EXTI9_5_IRQHandler
                0x0000000008035934                RTC_WKUP_IRQHandler
                0x0000000008035934                LTDC_IRQHandler
                0x0000000008035934                ETH_WKUP_IRQHandler
                0x0000000008035934                SPDIF_RX_IRQHandler
                0x0000000008035934                SPI2_IRQHandler
                0x0000000008035934                OTG_HS_EP1_IN_IRQHandler
                0x0000000008035934                DMA1_Stream0_IRQHandler
                0x0000000008035934                CAN1_TX_IRQHandler
                0x0000000008035934                EXTI4_IRQHandler
                0x0000000008035934                RNG_IRQHandler
                0x0000000008035934                ETH_IRQHandler
                0x0000000008035934                OTG_HS_EP1_OUT_IRQHandler
                0x0000000008035934                WWDG_IRQHandler
                0x0000000008035934                SPI6_IRQHandler
                0x0000000008035934                I2C4_EV_IRQHandler
                0x0000000008035934                OTG_FS_WKUP_IRQHandler
                0x0000000008035934                OTG_HS_IRQHandler
                0x0000000008035934                DMA2D_IRQHandler
                0x0000000008035934                EXTI1_IRQHandler
                0x0000000008035934                UART7_IRQHandler
                0x0000000008035934                USART2_IRQHandler
                0x0000000008035934                DMA2_Stream1_IRQHandler
                0x0000000008035934                CAN1_SCE_IRQHandler
                0x0000000008035934                FLASH_IRQHandler
                0x0000000008035934                DMA2_Stream4_IRQHandler
                0x0000000008035934                USART1_IRQHandler
                0x0000000008035934                OTG_FS_IRQHandler
                0x0000000008035934                SPI3_IRQHandler
                0x0000000008035934                DMA1_Stream4_IRQHandler
                0x0000000008035934                I2C1_ER_IRQHandler
                0x0000000008035934                FMC_IRQHandler
                0x0000000008035934                LPTIM1_IRQHandler
                0x0000000008035934                I2C4_ER_IRQHandler
                0x0000000008035934                DMA2_Stream6_IRQHandler
                0x0000000008035934                SAI1_IRQHandler
                0x0000000008035934                DMA1_Stream3_IRQHandler
 .text.HAL_Init
                0x0000000008035936       0x1a Drivers/STM32F7xx_HAL_Driver/Src/stm32f7xx_hal.o
                0x0000000008035936                HAL_Init
 .text.HAL_InitTick
                0x0000000008035950       0x60 Drivers/STM32F7xx_HAL_Driver/Src/stm32f7xx_hal.o
                0x0000000008035950                HAL_InitTick
 .text.HAL_IncTick
                0x00000000080359b0       0x28 Drivers/STM32F7xx_HAL_Driver/Src/stm32f7xx_hal.o
                0x00000000080359b0                HAL_IncTick
 .text.HAL_GetTick
                0x00000000080359d8       0x18 Drivers/STM32F7xx_HAL_Driver/Src/stm32f7xx_hal.o
                0x00000000080359d8                HAL_GetTick
 .text.HAL_Delay
                0x00000000080359f0       0x44 Drivers/STM32F7xx_HAL_Driver/Src/stm32f7xx_hal.o
                0x00000000080359f0                HAL_Delay
 .text.HAL_ADC_Init
                0x0000000008035a34       0x88 Drivers/STM32F7xx_HAL_Driver/Src/stm32f7xx_hal_adc.o
                0x0000000008035a34                HAL_ADC_Init
 .text.HAL_ADC_IRQHandler
                0x0000000008035abc      0x282 Drivers/STM32F7xx_HAL_Driver/Src/stm32f7xx_hal_adc.o
                0x0000000008035abc                HAL_ADC_IRQHandler
 *fill*         0x0000000008035d3e        0x2 
 .text.HAL_ADC_Start_DMA
                0x0000000008035d40      0x1dc Drivers/STM32F7xx_HAL_Driver/Src/stm32f7xx_hal_adc.o
                0x0000000008035d40                HAL_ADC_Start_DMA
 .text.HAL_ADC_ConvCpltCallback
                0x0000000008035f1c       0x14 Drivers/STM32F7xx_HAL_Driver/Src/stm32f7xx_hal_adc.o
                0x0000000008035f1c                HAL_ADC_ConvCpltCallback
 .text.HAL_ADC_ConvHalfCpltCallback
                0x0000000008035f30       0x14 Drivers/STM32F7xx_HAL_Driver/Src/stm32f7xx_hal_adc.o
                0x0000000008035f30                HAL_ADC_ConvHalfCpltCallback
 .text.HAL_ADC_LevelOutOfWindowCallback
                0x0000000008035f44       0x14 Drivers/STM32F7xx_HAL_Driver/Src/stm32f7xx_hal_adc.o
                0x0000000008035f44                HAL_ADC_LevelOutOfWindowCallback
 .text.HAL_ADC_ErrorCallback
                0x0000000008035f58       0x14 Drivers/STM32F7xx_HAL_Driver/Src/stm32f7xx_hal_adc.o
                0x0000000008035f58                HAL_ADC_ErrorCallback
 .text.HAL_ADC_ConfigChannel
                0x0000000008035f6c      0x268 Drivers/STM32F7xx_HAL_Driver/Src/stm32f7xx_hal_adc.o
                0x0000000008035f6c                HAL_ADC_ConfigChannel
 .text.ADC_Init
                0x00000000080361d4      0x1f4 Drivers/STM32F7xx_HAL_Driver/Src/stm32f7xx_hal_adc.o
 .text.ADC_DMAConvCplt
                0x00000000080363c8       0xba Drivers/STM32F7xx_HAL_Driver/Src/stm32f7xx_hal_adc.o
 .text.ADC_DMAHalfConvCplt
                0x0000000008036482       0x1c Drivers/STM32F7xx_HAL_Driver/Src/stm32f7xx_hal_adc.o
 .text.ADC_DMAError
                0x000000000803649e       0x2e Drivers/STM32F7xx_HAL_Driver/Src/stm32f7xx_hal_adc.o
 .text.HAL_ADCEx_InjectedConvCpltCallback
                0x00000000080364cc       0x14 Drivers/STM32F7xx_HAL_Driver/Src/stm32f7xx_hal_adc_ex.o
                0x00000000080364cc                HAL_ADCEx_InjectedConvCpltCallback
 .text.__NVIC_SetPriorityGrouping
                0x00000000080364e0       0x48 Drivers/STM32F7xx_HAL_Driver/Src/stm32f7xx_hal_cortex.o
 .text.__NVIC_GetPriorityGrouping
                0x0000000008036528       0x1c Drivers/STM32F7xx_HAL_Driver/Src/stm32f7xx_hal_cortex.o
 .text.__NVIC_EnableIRQ
                0x0000000008036544       0x3c Drivers/STM32F7xx_HAL_Driver/Src/stm32f7xx_hal_cortex.o
 .text.__NVIC_SetPriority
                0x0000000008036580       0x54 Drivers/STM32F7xx_HAL_Driver/Src/stm32f7xx_hal_cortex.o
 .text.NVIC_EncodePriority
                0x00000000080365d4       0x66 Drivers/STM32F7xx_HAL_Driver/Src/stm32f7xx_hal_cortex.o
 *fill*         0x000000000803663a        0x2 
 .text.SysTick_Config
                0x000000000803663c       0x44 Drivers/STM32F7xx_HAL_Driver/Src/stm32f7xx_hal_cortex.o
 .text.HAL_NVIC_SetPriorityGrouping
                0x0000000008036680       0x16 Drivers/STM32F7xx_HAL_Driver/Src/stm32f7xx_hal_cortex.o
                0x0000000008036680                HAL_NVIC_SetPriorityGrouping
 .text.HAL_NVIC_SetPriority
                0x0000000008036696       0x38 Drivers/STM32F7xx_HAL_Driver/Src/stm32f7xx_hal_cortex.o
                0x0000000008036696                HAL_NVIC_SetPriority
 .text.HAL_NVIC_EnableIRQ
                0x00000000080366ce       0x1c Drivers/STM32F7xx_HAL_Driver/Src/stm32f7xx_hal_cortex.o
                0x00000000080366ce                HAL_NVIC_EnableIRQ
 .text.HAL_SYSTICK_Config
                0x00000000080366ea       0x18 Drivers/STM32F7xx_HAL_Driver/Src/stm32f7xx_hal_cortex.o
                0x00000000080366ea                HAL_SYSTICK_Config
 .text.HAL_SYSTICK_Callback
                0x0000000008036702        0xe Drivers/STM32F7xx_HAL_Driver/Src/stm32f7xx_hal_cortex.o
                0x0000000008036702                HAL_SYSTICK_Callback
 .text.HAL_DMA_Init
                0x0000000008036710      0x15c Drivers/STM32F7xx_HAL_Driver/Src/stm32f7xx_hal_dma.o
                0x0000000008036710                HAL_DMA_Init
 .text.HAL_DMA_Start_IT
                0x000000000803686c       0xc0 Drivers/STM32F7xx_HAL_Driver/Src/stm32f7xx_hal_dma.o
                0x000000000803686c                HAL_DMA_Start_IT
 .text.HAL_DMA_Abort_IT
                0x000000000803692c       0x44 Drivers/STM32F7xx_HAL_Driver/Src/stm32f7xx_hal_dma.o
                0x000000000803692c                HAL_DMA_Abort_IT
 .text.HAL_DMA_IRQHandler
                0x0000000008036970      0x314 Drivers/STM32F7xx_HAL_Driver/Src/stm32f7xx_hal_dma.o
                0x0000000008036970                HAL_DMA_IRQHandler
 .text.DMA_SetConfig
                0x0000000008036c84       0x5c Drivers/STM32F7xx_HAL_Driver/Src/stm32f7xx_hal_dma.o
 .text.DMA_CalcBaseAndBitshift
                0x0000000008036ce0       0x6c Drivers/STM32F7xx_HAL_Driver/Src/stm32f7xx_hal_dma.o
 .text.DMA_CheckFifoParam
                0x0000000008036d4c       0xf4 Drivers/STM32F7xx_HAL_Driver/Src/stm32f7xx_hal_dma.o
 .text.HAL_GPIO_Init
                0x0000000008036e40      0x354 Drivers/STM32F7xx_HAL_Driver/Src/stm32f7xx_hal_gpio.o
                0x0000000008036e40                HAL_GPIO_Init
 .text.HAL_GPIO_ReadPin
                0x0000000008037194       0x30 Drivers/STM32F7xx_HAL_Driver/Src/stm32f7xx_hal_gpio.o
                0x0000000008037194                HAL_GPIO_ReadPin
 .text.HAL_GPIO_WritePin
                0x00000000080371c4       0x32 Drivers/STM32F7xx_HAL_Driver/Src/stm32f7xx_hal_gpio.o
                0x00000000080371c4                HAL_GPIO_WritePin
 .text.HAL_GPIO_TogglePin
                0x00000000080371f6       0x36 Drivers/STM32F7xx_HAL_Driver/Src/stm32f7xx_hal_gpio.o
                0x00000000080371f6                HAL_GPIO_TogglePin
 .text.HAL_I2C_Init
                0x000000000803722c      0x120 Drivers/STM32F7xx_HAL_Driver/Src/stm32f7xx_hal_i2c.o
                0x000000000803722c                HAL_I2C_Init
 .text.HAL_I2C_Master_Transmit
                0x000000000803734c      0x1e8 Drivers/STM32F7xx_HAL_Driver/Src/stm32f7xx_hal_i2c.o
                0x000000000803734c                HAL_I2C_Master_Transmit
 .text.HAL_I2C_EV_IRQHandler
                0x0000000008037534       0x34 Drivers/STM32F7xx_HAL_Driver/Src/stm32f7xx_hal_i2c.o
                0x0000000008037534                HAL_I2C_EV_IRQHandler
 .text.HAL_I2C_ER_IRQHandler
                0x0000000008037568       0xc2 Drivers/STM32F7xx_HAL_Driver/Src/stm32f7xx_hal_i2c.o
                0x0000000008037568                HAL_I2C_ER_IRQHandler
 .text.HAL_I2C_SlaveTxCpltCallback
                0x000000000803762a       0x14 Drivers/STM32F7xx_HAL_Driver/Src/stm32f7xx_hal_i2c.o
                0x000000000803762a                HAL_I2C_SlaveTxCpltCallback
 .text.HAL_I2C_SlaveRxCpltCallback
                0x000000000803763e       0x14 Drivers/STM32F7xx_HAL_Driver/Src/stm32f7xx_hal_i2c.o
                0x000000000803763e                HAL_I2C_SlaveRxCpltCallback
 .text.HAL_I2C_AddrCallback
                0x0000000008037652       0x1c Drivers/STM32F7xx_HAL_Driver/Src/stm32f7xx_hal_i2c.o
                0x0000000008037652                HAL_I2C_AddrCallback
 .text.HAL_I2C_ListenCpltCallback
                0x000000000803766e       0x14 Drivers/STM32F7xx_HAL_Driver/Src/stm32f7xx_hal_i2c.o
                0x000000000803766e                HAL_I2C_ListenCpltCallback
 .text.HAL_I2C_ErrorCallback
                0x0000000008037682       0x14 Drivers/STM32F7xx_HAL_Driver/Src/stm32f7xx_hal_i2c.o
                0x0000000008037682                HAL_I2C_ErrorCallback
 .text.HAL_I2C_AbortCpltCallback
                0x0000000008037696       0x14 Drivers/STM32F7xx_HAL_Driver/Src/stm32f7xx_hal_i2c.o
                0x0000000008037696                HAL_I2C_AbortCpltCallback
 .text.I2C_Slave_ISR_IT
                0x00000000080376aa      0x20e Drivers/STM32F7xx_HAL_Driver/Src/stm32f7xx_hal_i2c.o
 .text.I2C_ITAddrCplt
                0x00000000080378b8      0x104 Drivers/STM32F7xx_HAL_Driver/Src/stm32f7xx_hal_i2c.o
 .text.I2C_ITSlaveSeqCplt
                0x00000000080379bc       0x7a Drivers/STM32F7xx_HAL_Driver/Src/stm32f7xx_hal_i2c.o
 *fill*         0x0000000008037a36        0x2 
 .text.I2C_ITSlaveCplt
                0x0000000008037a38      0x1ac Drivers/STM32F7xx_HAL_Driver/Src/stm32f7xx_hal_i2c.o
 .text.I2C_ITListenCplt
                0x0000000008037be4       0xa8 Drivers/STM32F7xx_HAL_Driver/Src/stm32f7xx_hal_i2c.o
 .text.I2C_ITError
                0x0000000008037c8c      0x180 Drivers/STM32F7xx_HAL_Driver/Src/stm32f7xx_hal_i2c.o
 .text.I2C_Flush_TXDR
                0x0000000008037e0c       0x48 Drivers/STM32F7xx_HAL_Driver/Src/stm32f7xx_hal_i2c.o
 .text.I2C_DMAAbort
                0x0000000008037e54       0x48 Drivers/STM32F7xx_HAL_Driver/Src/stm32f7xx_hal_i2c.o
 .text.I2C_WaitOnFlagUntilTimeout
                0x0000000008037e9c       0x80 Drivers/STM32F7xx_HAL_Driver/Src/stm32f7xx_hal_i2c.o
 .text.I2C_WaitOnTXISFlagUntilTimeout
                0x0000000008037f1c       0x80 Drivers/STM32F7xx_HAL_Driver/Src/stm32f7xx_hal_i2c.o
 .text.I2C_WaitOnSTOPFlagUntilTimeout
                0x0000000008037f9c       0x78 Drivers/STM32F7xx_HAL_Driver/Src/stm32f7xx_hal_i2c.o
 .text.I2C_IsAcknowledgeFailed
                0x0000000008038014       0xcc Drivers/STM32F7xx_HAL_Driver/Src/stm32f7xx_hal_i2c.o
 .text.I2C_TransferConfig
                0x00000000080380e0       0x5c Drivers/STM32F7xx_HAL_Driver/Src/stm32f7xx_hal_i2c.o
 .text.I2C_Disable_IRQ
                0x000000000803813c       0xca Drivers/STM32F7xx_HAL_Driver/Src/stm32f7xx_hal_i2c.o
 .text.HAL_I2CEx_ConfigAnalogFilter
                0x0000000008038206       0x96 Drivers/STM32F7xx_HAL_Driver/Src/stm32f7xx_hal_i2c_ex.o
                0x0000000008038206                HAL_I2CEx_ConfigAnalogFilter
 .text.HAL_I2CEx_ConfigDigitalFilter
                0x000000000803829c       0x98 Drivers/STM32F7xx_HAL_Driver/Src/stm32f7xx_hal_i2c_ex.o
                0x000000000803829c                HAL_I2CEx_ConfigDigitalFilter
 .text.HAL_PWREx_EnableOverDrive
                0x0000000008038334       0xa0 Drivers/STM32F7xx_HAL_Driver/Src/stm32f7xx_hal_pwr_ex.o
                0x0000000008038334                HAL_PWREx_EnableOverDrive
 .text.HAL_RCC_OscConfig
                0x00000000080383d4      0x4e0 Drivers/STM32F7xx_HAL_Driver/Src/stm32f7xx_hal_rcc.o
                0x00000000080383d4                HAL_RCC_OscConfig
 .text.HAL_RCC_ClockConfig
                0x00000000080388b4      0x1d0 Drivers/STM32F7xx_HAL_Driver/Src/stm32f7xx_hal_rcc.o
                0x00000000080388b4                HAL_RCC_ClockConfig
 .text.HAL_RCC_GetSysClockFreq
                0x0000000008038a84      0x1b0 Drivers/STM32F7xx_HAL_Driver/Src/stm32f7xx_hal_rcc.o
                0x0000000008038a84                HAL_RCC_GetSysClockFreq
 .text.HAL_RCCEx_PeriphCLKConfig
                0x0000000008038c34      0x7dc Drivers/STM32F7xx_HAL_Driver/Src/stm32f7xx_hal_rcc_ex.o
                0x0000000008038c34                HAL_RCCEx_PeriphCLKConfig
 .text.HAL_SPI_Init
                0x0000000008039410      0x124 Drivers/STM32F7xx_HAL_Driver/Src/stm32f7xx_hal_spi.o
                0x0000000008039410                HAL_SPI_Init
 .text.HAL_SPI_Transmit
                0x0000000008039534      0x2cc Drivers/STM32F7xx_HAL_Driver/Src/stm32f7xx_hal_spi.o
                0x0000000008039534                HAL_SPI_Transmit
 .text.HAL_SPI_Transmit_DMA
                0x0000000008039800      0x1d8 Drivers/STM32F7xx_HAL_Driver/Src/stm32f7xx_hal_spi.o
                0x0000000008039800                HAL_SPI_Transmit_DMA
 .text.HAL_SPI_IRQHandler
                0x00000000080399d8      0x200 Drivers/STM32F7xx_HAL_Driver/Src/stm32f7xx_hal_spi.o
                0x00000000080399d8                HAL_SPI_IRQHandler
 .text.HAL_SPI_TxCpltCallback
                0x0000000008039bd8       0x14 Drivers/STM32F7xx_HAL_Driver/Src/stm32f7xx_hal_spi.o
                0x0000000008039bd8                HAL_SPI_TxCpltCallback
 .text.HAL_SPI_TxHalfCpltCallback
                0x0000000008039bec       0x14 Drivers/STM32F7xx_HAL_Driver/Src/stm32f7xx_hal_spi.o
                0x0000000008039bec                HAL_SPI_TxHalfCpltCallback
 .text.HAL_SPI_ErrorCallback
                0x0000000008039c00       0x14 Drivers/STM32F7xx_HAL_Driver/Src/stm32f7xx_hal_spi.o
                0x0000000008039c00                HAL_SPI_ErrorCallback
 .text.SPI_DMATransmitCplt
                0x0000000008039c14       0xa8 Drivers/STM32F7xx_HAL_Driver/Src/stm32f7xx_hal_spi.o
 .text.SPI_DMAHalfTransmitCplt
                0x0000000008039cbc       0x1c Drivers/STM32F7xx_HAL_Driver/Src/stm32f7xx_hal_spi.o
 .text.SPI_DMAError
                0x0000000008039cd8       0x40 Drivers/STM32F7xx_HAL_Driver/Src/stm32f7xx_hal_spi.o
 .text.SPI_DMAAbortOnError
                0x0000000008039d18       0x2a Drivers/STM32F7xx_HAL_Driver/Src/stm32f7xx_hal_spi.o
 .text.SPI_WaitFlagStateUntilTimeout
                0x0000000008039d42       0xd4 Drivers/STM32F7xx_HAL_Driver/Src/stm32f7xx_hal_spi.o
 .text.SPI_WaitFifoStateUntilTimeout
                0x0000000008039e16       0xda Drivers/STM32F7xx_HAL_Driver/Src/stm32f7xx_hal_spi.o
 .text.SPI_EndRxTxTransaction
                0x0000000008039ef0       0x8c Drivers/STM32F7xx_HAL_Driver/Src/stm32f7xx_hal_spi.o
 .text.HAL_TIM_Base_Init
                0x0000000008039f7c       0x56 Drivers/STM32F7xx_HAL_Driver/Src/stm32f7xx_hal_tim.o
                0x0000000008039f7c                HAL_TIM_Base_Init
 *fill*         0x0000000008039fd2        0x2 
 .text.HAL_TIM_Base_Start_IT
                0x0000000008039fd4       0x54 Drivers/STM32F7xx_HAL_Driver/Src/stm32f7xx_hal_tim.o
                0x0000000008039fd4                HAL_TIM_Base_Start_IT
 .text.HAL_TIM_IRQHandler
                0x000000000803a028      0x23e Drivers/STM32F7xx_HAL_Driver/Src/stm32f7xx_hal_tim.o
                0x000000000803a028                HAL_TIM_IRQHandler
 *fill*         0x000000000803a266        0x2 
 .text.HAL_TIM_ConfigClockSource
                0x000000000803a268      0x174 Drivers/STM32F7xx_HAL_Driver/Src/stm32f7xx_hal_tim.o
                0x000000000803a268                HAL_TIM_ConfigClockSource
 .text.HAL_TIM_OC_DelayElapsedCallback
                0x000000000803a3dc       0x14 Drivers/STM32F7xx_HAL_Driver/Src/stm32f7xx_hal_tim.o
                0x000000000803a3dc                HAL_TIM_OC_DelayElapsedCallback
 .text.HAL_TIM_IC_CaptureCallback
                0x000000000803a3f0       0x14 Drivers/STM32F7xx_HAL_Driver/Src/stm32f7xx_hal_tim.o
                0x000000000803a3f0                HAL_TIM_IC_CaptureCallback
 .text.HAL_TIM_PWM_PulseFinishedCallback
                0x000000000803a404       0x14 Drivers/STM32F7xx_HAL_Driver/Src/stm32f7xx_hal_tim.o
                0x000000000803a404                HAL_TIM_PWM_PulseFinishedCallback
 .text.HAL_TIM_TriggerCallback
                0x000000000803a418       0x14 Drivers/STM32F7xx_HAL_Driver/Src/stm32f7xx_hal_tim.o
                0x000000000803a418                HAL_TIM_TriggerCallback
 .text.TIM_Base_SetConfig
                0x000000000803a42c      0x140 Drivers/STM32F7xx_HAL_Driver/Src/stm32f7xx_hal_tim.o
                0x000000000803a42c                TIM_Base_SetConfig
 .text.TIM_TI1_ConfigInputStage
                0x000000000803a56c       0x5e Drivers/STM32F7xx_HAL_Driver/Src/stm32f7xx_hal_tim.o
 .text.TIM_TI2_ConfigInputStage
                0x000000000803a5ca       0x60 Drivers/STM32F7xx_HAL_Driver/Src/stm32f7xx_hal_tim.o
 .text.TIM_ITRx_SetConfig
                0x000000000803a62a       0x36 Drivers/STM32F7xx_HAL_Driver/Src/stm32f7xx_hal_tim.o
 .text.TIM_ETR_SetConfig
                0x000000000803a660       0x40 Drivers/STM32F7xx_HAL_Driver/Src/stm32f7xx_hal_tim.o
                0x000000000803a660                TIM_ETR_SetConfig
 .text.HAL_TIMEx_MasterConfigSynchronization
                0x000000000803a6a0       0xb8 Drivers/STM32F7xx_HAL_Driver/Src/stm32f7xx_hal_tim_ex.o
                0x000000000803a6a0                HAL_TIMEx_MasterConfigSynchronization
 .text.HAL_TIMEx_CommutCallback
                0x000000000803a758       0x14 Drivers/STM32F7xx_HAL_Driver/Src/stm32f7xx_hal_tim_ex.o
                0x000000000803a758                HAL_TIMEx_CommutCallback
 .text.HAL_TIMEx_BreakCallback
                0x000000000803a76c       0x14 Drivers/STM32F7xx_HAL_Driver/Src/stm32f7xx_hal_tim_ex.o
                0x000000000803a76c                HAL_TIMEx_BreakCallback
 .text.HAL_TIMEx_Break2Callback
                0x000000000803a780       0x14 Drivers/STM32F7xx_HAL_Driver/Src/stm32f7xx_hal_tim_ex.o
                0x000000000803a780                HAL_TIMEx_Break2Callback
 .text.__errno  0x000000000803a794        0xc c:/st/stm32cubeide_1.2.0/stm32cubeide/plugins/com.st.stm32cube.ide.mcu.externaltools.gnu-tools-for-stm32.7-2018-q2-update.win32_1.0.0.201904181610/tools/bin/../lib/gcc/arm-none-eabi/7.3.1/../../../../arm-none-eabi/lib/thumb/v7e-m/fpv4-sp/hard\libc_nano.a(lib_a-errno.o)
                0x000000000803a794                __errno
 .text.__libc_init_array
                0x000000000803a7a0       0x48 c:/st/stm32cubeide_1.2.0/stm32cubeide/plugins/com.st.stm32cube.ide.mcu.externaltools.gnu-tools-for-stm32.7-2018-q2-update.win32_1.0.0.201904181610/tools/bin/../lib/gcc/arm-none-eabi/7.3.1/../../../../arm-none-eabi/lib/thumb/v7e-m/fpv4-sp/hard\libc_nano.a(lib_a-init.o)
                0x000000000803a7a0                __libc_init_array
 .text.memset   0x000000000803a7e8       0x10 c:/st/stm32cubeide_1.2.0/stm32cubeide/plugins/com.st.stm32cube.ide.mcu.externaltools.gnu-tools-for-stm32.7-2018-q2-update.win32_1.0.0.201904181610/tools/bin/../lib/gcc/arm-none-eabi/7.3.1/../../../../arm-none-eabi/lib/thumb/v7e-m/fpv4-sp/hard\libc_nano.a(lib_a-memset.o)
                0x000000000803a7e8                memset
 .text.srand    0x000000000803a7f8       0x48 c:/st/stm32cubeide_1.2.0/stm32cubeide/plugins/com.st.stm32cube.ide.mcu.externaltools.gnu-tools-for-stm32.7-2018-q2-update.win32_1.0.0.201904181610/tools/bin/../lib/gcc/arm-none-eabi/7.3.1/../../../../arm-none-eabi/lib/thumb/v7e-m/fpv4-sp/hard\libc_nano.a(lib_a-rand.o)
                0x000000000803a7f8                srand
 .text.rand     0x000000000803a840       0x68 c:/st/stm32cubeide_1.2.0/stm32cubeide/plugins/com.st.stm32cube.ide.mcu.externaltools.gnu-tools-for-stm32.7-2018-q2-update.win32_1.0.0.201904181610/tools/bin/../lib/gcc/arm-none-eabi/7.3.1/../../../../arm-none-eabi/lib/thumb/v7e-m/fpv4-sp/hard\libc_nano.a(lib_a-rand.o)
                0x000000000803a840                rand
 .text.sprintf  0x000000000803a8a8       0x40 c:/st/stm32cubeide_1.2.0/stm32cubeide/plugins/com.st.stm32cube.ide.mcu.externaltools.gnu-tools-for-stm32.7-2018-q2-update.win32_1.0.0.201904181610/tools/bin/../lib/gcc/arm-none-eabi/7.3.1/../../../../arm-none-eabi/lib/thumb/v7e-m/fpv4-sp/hard\libc_nano.a(lib_a-sprintf.o)
                0x000000000803a8a8                siprintf
                0x000000000803a8a8                sprintf
 .text.malloc   0x000000000803a8e8       0x10 c:/st/stm32cubeide_1.2.0/stm32cubeide/plugins/com.st.stm32cube.ide.mcu.externaltools.gnu-tools-for-stm32.7-2018-q2-update.win32_1.0.0.201904181610/tools/bin/../lib/gcc/arm-none-eabi/7.3.1/../../../../arm-none-eabi/lib/thumb/v7e-m/fpv4-sp/hard\libc_nano.a(lib_a-malloc.o)
                0x000000000803a8e8                malloc
 .text._free_r  0x000000000803a8f8       0x9c c:/st/stm32cubeide_1.2.0/stm32cubeide/plugins/com.st.stm32cube.ide.mcu.externaltools.gnu-tools-for-stm32.7-2018-q2-update.win32_1.0.0.201904181610/tools/bin/../lib/gcc/arm-none-eabi/7.3.1/../../../../arm-none-eabi/lib/thumb/v7e-m/fpv4-sp/hard\libc_nano.a(lib_a-nano-freer.o)
                0x000000000803a8f8                _free_r
 .text._malloc_r
                0x000000000803a994       0xb4 c:/st/stm32cubeide_1.2.0/stm32cubeide/plugins/com.st.stm32cube.ide.mcu.externaltools.gnu-tools-for-stm32.7-2018-q2-update.win32_1.0.0.201904181610/tools/bin/../lib/gcc/arm-none-eabi/7.3.1/../../../../arm-none-eabi/lib/thumb/v7e-m/fpv4-sp/hard\libc_nano.a(lib_a-nano-mallocr.o)
                0x000000000803a994                _malloc_r
 .text.__ssputs_r
                0x000000000803aa48       0xb4 c:/st/stm32cubeide_1.2.0/stm32cubeide/plugins/com.st.stm32cube.ide.mcu.externaltools.gnu-tools-for-stm32.7-2018-q2-update.win32_1.0.0.201904181610/tools/bin/../lib/gcc/arm-none-eabi/7.3.1/../../../../arm-none-eabi/lib/thumb/v7e-m/fpv4-sp/hard\libc_nano.a(lib_a-nano-svfprintf.o)
                0x000000000803aa48                __ssputs_r
 .text._svfprintf_r
                0x000000000803aafc      0x1f0 c:/st/stm32cubeide_1.2.0/stm32cubeide/plugins/com.st.stm32cube.ide.mcu.externaltools.gnu-tools-for-stm32.7-2018-q2-update.win32_1.0.0.201904181610/tools/bin/../lib/gcc/arm-none-eabi/7.3.1/../../../../arm-none-eabi/lib/thumb/v7e-m/fpv4-sp/hard\libc_nano.a(lib_a-nano-svfprintf.o)
                0x000000000803aafc                _svfiprintf_r
                0x000000000803aafc                _svfprintf_r
 .text._printf_common
                0x000000000803acec       0xea c:/st/stm32cubeide_1.2.0/stm32cubeide/plugins/com.st.stm32cube.ide.mcu.externaltools.gnu-tools-for-stm32.7-2018-q2-update.win32_1.0.0.201904181610/tools/bin/../lib/gcc/arm-none-eabi/7.3.1/../../../../arm-none-eabi/lib/thumb/v7e-m/fpv4-sp/hard\libc_nano.a(lib_a-nano-vfprintf_i.o)
                0x000000000803acec                _printf_common
 *fill*         0x000000000803add6        0x2 
 .text._printf_i
                0x000000000803add8      0x224 c:/st/stm32cubeide_1.2.0/stm32cubeide/plugins/com.st.stm32cube.ide.mcu.externaltools.gnu-tools-for-stm32.7-2018-q2-update.win32_1.0.0.201904181610/tools/bin/../lib/gcc/arm-none-eabi/7.3.1/../../../../arm-none-eabi/lib/thumb/v7e-m/fpv4-sp/hard\libc_nano.a(lib_a-nano-vfprintf_i.o)
                0x000000000803add8                _printf_i
 .text._sbrk_r  0x000000000803affc       0x20 c:/st/stm32cubeide_1.2.0/stm32cubeide/plugins/com.st.stm32cube.ide.mcu.externaltools.gnu-tools-for-stm32.7-2018-q2-update.win32_1.0.0.201904181610/tools/bin/../lib/gcc/arm-none-eabi/7.3.1/../../../../arm-none-eabi/lib/thumb/v7e-m/fpv4-sp/hard\libc_nano.a(lib_a-sbrkr.o)
                0x000000000803affc                _sbrk_r
 .text.memcpy   0x000000000803b01c       0x16 c:/st/stm32cubeide_1.2.0/stm32cubeide/plugins/com.st.stm32cube.ide.mcu.externaltools.gnu-tools-for-stm32.7-2018-q2-update.win32_1.0.0.201904181610/tools/bin/../lib/gcc/arm-none-eabi/7.3.1/../../../../arm-none-eabi/lib/thumb/v7e-m/fpv4-sp/hard\libc_nano.a(lib_a-memcpy-stub.o)
                0x000000000803b01c                memcpy
 .text.memmove  0x000000000803b032       0x32 c:/st/stm32cubeide_1.2.0/stm32cubeide/plugins/com.st.stm32cube.ide.mcu.externaltools.gnu-tools-for-stm32.7-2018-q2-update.win32_1.0.0.201904181610/tools/bin/../lib/gcc/arm-none-eabi/7.3.1/../../../../arm-none-eabi/lib/thumb/v7e-m/fpv4-sp/hard\libc_nano.a(lib_a-memmove.o)
                0x000000000803b032                memmove
 .text.__malloc_lock
                0x000000000803b064        0x2 c:/st/stm32cubeide_1.2.0/stm32cubeide/plugins/com.st.stm32cube.ide.mcu.externaltools.gnu-tools-for-stm32.7-2018-q2-update.win32_1.0.0.201904181610/tools/bin/../lib/gcc/arm-none-eabi/7.3.1/../../../../arm-none-eabi/lib/thumb/v7e-m/fpv4-sp/hard\libc_nano.a(lib_a-mlock.o)
                0x000000000803b064                __malloc_lock
 .text.__malloc_unlock
                0x000000000803b066        0x2 c:/st/stm32cubeide_1.2.0/stm32cubeide/plugins/com.st.stm32cube.ide.mcu.externaltools.gnu-tools-for-stm32.7-2018-q2-update.win32_1.0.0.201904181610/tools/bin/../lib/gcc/arm-none-eabi/7.3.1/../../../../arm-none-eabi/lib/thumb/v7e-m/fpv4-sp/hard\libc_nano.a(lib_a-mlock.o)
                0x000000000803b066                __malloc_unlock
 .text._realloc_r
                0x000000000803b068       0x4c c:/st/stm32cubeide_1.2.0/stm32cubeide/plugins/com.st.stm32cube.ide.mcu.externaltools.gnu-tools-for-stm32.7-2018-q2-update.win32_1.0.0.201904181610/tools/bin/../lib/gcc/arm-none-eabi/7.3.1/../../../../arm-none-eabi/lib/thumb/v7e-m/fpv4-sp/hard\libc_nano.a(lib_a-nano-reallocr.o)
                0x000000000803b068                _realloc_r
 .text._malloc_usable_size_r
                0x000000000803b0b4       0x10 c:/st/stm32cubeide_1.2.0/stm32cubeide/plugins/com.st.stm32cube.ide.mcu.externaltools.gnu-tools-for-stm32.7-2018-q2-update.win32_1.0.0.201904181610/tools/bin/../lib/gcc/arm-none-eabi/7.3.1/../../../../arm-none-eabi/lib/thumb/v7e-m/fpv4-sp/hard\libc_nano.a(lib_a-nano-msizer.o)
                0x000000000803b0b4                _malloc_usable_size_r
 *(.glue_7)
 .glue_7        0x000000000803b0c4        0x0 linker stubs
 *(.glue_7t)
 .glue_7t       0x000000000803b0c4        0x0 linker stubs
 *(.eh_frame)
 .eh_frame      0x000000000803b0c4        0x0 c:/st/stm32cubeide_1.2.0/stm32cubeide/plugins/com.st.stm32cube.ide.mcu.externaltools.gnu-tools-for-stm32.7-2018-q2-update.win32_1.0.0.201904181610/tools/bin/../lib/gcc/arm-none-eabi/7.3.1/thumb/v7e-m/fpv4-sp/hard/crtbegin.o
 *(.init)
 .init          0x000000000803b0c4        0x4 c:/st/stm32cubeide_1.2.0/stm32cubeide/plugins/com.st.stm32cube.ide.mcu.externaltools.gnu-tools-for-stm32.7-2018-q2-update.win32_1.0.0.201904181610/tools/bin/../lib/gcc/arm-none-eabi/7.3.1/thumb/v7e-m/fpv4-sp/hard/crti.o
                0x000000000803b0c4                _init
 .init          0x000000000803b0c8        0x8 c:/st/stm32cubeide_1.2.0/stm32cubeide/plugins/com.st.stm32cube.ide.mcu.externaltools.gnu-tools-for-stm32.7-2018-q2-update.win32_1.0.0.201904181610/tools/bin/../lib/gcc/arm-none-eabi/7.3.1/thumb/v7e-m/fpv4-sp/hard/crtn.o
 *(.fini)
 .fini          0x000000000803b0d0        0x4 c:/st/stm32cubeide_1.2.0/stm32cubeide/plugins/com.st.stm32cube.ide.mcu.externaltools.gnu-tools-for-stm32.7-2018-q2-update.win32_1.0.0.201904181610/tools/bin/../lib/gcc/arm-none-eabi/7.3.1/thumb/v7e-m/fpv4-sp/hard/crti.o
                0x000000000803b0d0                _fini
 .fini          0x000000000803b0d4        0x8 c:/st/stm32cubeide_1.2.0/stm32cubeide/plugins/com.st.stm32cube.ide.mcu.externaltools.gnu-tools-for-stm32.7-2018-q2-update.win32_1.0.0.201904181610/tools/bin/../lib/gcc/arm-none-eabi/7.3.1/thumb/v7e-m/fpv4-sp/hard/crtn.o
                0x000000000803b0dc                . = ALIGN (0x4)
                0x000000000803b0dc                _etext = .

.vfp11_veneer   0x000000000803b0dc        0x0
 .vfp11_veneer  0x000000000803b0dc        0x0 linker stubs

.v4_bx          0x000000000803b0dc        0x0
 .v4_bx         0x000000000803b0dc        0x0 linker stubs

.iplt           0x000000000803b0dc        0x0
 .iplt          0x000000000803b0dc        0x0 c:/st/stm32cubeide_1.2.0/stm32cubeide/plugins/com.st.stm32cube.ide.mcu.externaltools.gnu-tools-for-stm32.7-2018-q2-update.win32_1.0.0.201904181610/tools/bin/../lib/gcc/arm-none-eabi/7.3.1/thumb/v7e-m/fpv4-sp/hard/crtbegin.o

.rodata         0x000000000803b0dc      0x7a8
                0x000000000803b0dc                . = ALIGN (0x4)
 *(.rodata)
 .rodata        0x000000000803b0dc       0x9f Core/Src/LCDgameService.o
 *fill*         0x000000000803b17b        0x1 
 .rodata        0x000000000803b17c      0x19e Core/Src/Menu.o
 *fill*         0x000000000803b31a        0x2 
 .rodata        0x000000000803b31c        0xc Core/Src/diode.o
 .rodata        0x000000000803b328       0x4a Core/Src/intro.o
 *fill*         0x000000000803b372        0x2 
 .rodata        0x000000000803b374       0x35 Core/Src/lcdcommands.o
 *fill*         0x000000000803b3a9        0x3 
 .rodata        0x000000000803b3ac       0x8b Core/Src/loading.o
 *(.rodata*)
 *fill*         0x000000000803b437        0x1 
 .rodata.AHBPrescTable
                0x000000000803b438       0x10 Core/Src/system_stm32f7xx.o
                0x000000000803b438                AHBPrescTable
 .rodata.leddata
                0x000000000803b448      0x400 Core/Src/ws2812b.o
                0x000000000803b448                leddata
 .rodata.flagBitshiftOffset.8850
                0x000000000803b848        0x8 Drivers/STM32F7xx_HAL_Driver/Src/stm32f7xx_hal_dma.o
 .rodata._svfprintf_r.str1.1
                0x000000000803b850       0x11 c:/st/stm32cubeide_1.2.0/stm32cubeide/plugins/com.st.stm32cube.ide.mcu.externaltools.gnu-tools-for-stm32.7-2018-q2-update.win32_1.0.0.201904181610/tools/bin/../lib/gcc/arm-none-eabi/7.3.1/../../../../arm-none-eabi/lib/thumb/v7e-m/fpv4-sp/hard\libc_nano.a(lib_a-nano-svfprintf.o)
 .rodata._printf_i.str1.1
                0x000000000803b861       0x22 c:/st/stm32cubeide_1.2.0/stm32cubeide/plugins/com.st.stm32cube.ide.mcu.externaltools.gnu-tools-for-stm32.7-2018-q2-update.win32_1.0.0.201904181610/tools/bin/../lib/gcc/arm-none-eabi/7.3.1/../../../../arm-none-eabi/lib/thumb/v7e-m/fpv4-sp/hard\libc_nano.a(lib_a-nano-vfprintf_i.o)
                0x000000000803b884                . = ALIGN (0x4)
 *fill*         0x000000000803b883        0x1 

.ARM.extab      0x000000000803b884        0x0
                0x000000000803b884                . = ALIGN (0x4)
 *(.ARM.extab* .gnu.linkonce.armextab.*)
                0x000000000803b884                . = ALIGN (0x4)

.ARM            0x000000000803b884        0x8
                0x000000000803b884                . = ALIGN (0x4)
                0x000000000803b884                __exidx_start = .
 *(.ARM.exidx*)
 .ARM.exidx     0x000000000803b884        0x8 c:/st/stm32cubeide_1.2.0/stm32cubeide/plugins/com.st.stm32cube.ide.mcu.externaltools.gnu-tools-for-stm32.7-2018-q2-update.win32_1.0.0.201904181610/tools/bin/../lib/gcc/arm-none-eabi/7.3.1/thumb/v7e-m/fpv4-sp/hard\libgcc.a(_udivmoddi4.o)
                0x000000000803b88c                __exidx_end = .
                0x000000000803b88c                . = ALIGN (0x4)

.rel.dyn        0x000000000803b88c        0x0
 .rel.iplt      0x000000000803b88c        0x0 c:/st/stm32cubeide_1.2.0/stm32cubeide/plugins/com.st.stm32cube.ide.mcu.externaltools.gnu-tools-for-stm32.7-2018-q2-update.win32_1.0.0.201904181610/tools/bin/../lib/gcc/arm-none-eabi/7.3.1/thumb/v7e-m/fpv4-sp/hard/crtbegin.o

.preinit_array  0x000000000803b88c        0x0
                0x000000000803b88c                . = ALIGN (0x4)
                0x000000000803b88c                PROVIDE (__preinit_array_start = .)
 *(.preinit_array*)
                0x000000000803b88c                PROVIDE (__preinit_array_end = .)
                0x000000000803b88c                . = ALIGN (0x4)

.init_array     0x000000000803b88c        0x4
                0x000000000803b88c                . = ALIGN (0x4)
                0x000000000803b88c                PROVIDE (__init_array_start = .)
 *(SORT_BY_NAME(.init_array.*))
 *(.init_array*)
 .init_array    0x000000000803b88c        0x4 c:/st/stm32cubeide_1.2.0/stm32cubeide/plugins/com.st.stm32cube.ide.mcu.externaltools.gnu-tools-for-stm32.7-2018-q2-update.win32_1.0.0.201904181610/tools/bin/../lib/gcc/arm-none-eabi/7.3.1/thumb/v7e-m/fpv4-sp/hard/crtbegin.o
                0x000000000803b890                PROVIDE (__init_array_end = .)
                0x000000000803b890                . = ALIGN (0x4)

.fini_array     0x000000000803b890        0x4
                0x000000000803b890                . = ALIGN (0x4)
                [!provide]                        PROVIDE (__fini_array_start = .)
 *(SORT_BY_NAME(.fini_array.*))
 *(.fini_array*)
 .fini_array    0x000000000803b890        0x4 c:/st/stm32cubeide_1.2.0/stm32cubeide/plugins/com.st.stm32cube.ide.mcu.externaltools.gnu-tools-for-stm32.7-2018-q2-update.win32_1.0.0.201904181610/tools/bin/../lib/gcc/arm-none-eabi/7.3.1/thumb/v7e-m/fpv4-sp/hard/crtbegin.o
                [!provide]                        PROVIDE (__fini_array_end = .)
                0x000000000803b894                . = ALIGN (0x4)
                0x000000000803b894                _sidata = LOADADDR (.data)

.data           0x0000000020000000      0x3cc load address 0x000000000803b894
                0x0000000020000000                . = ALIGN (0x4)
                0x0000000020000000                _sdata = .
 *(.data)
 *(.data*)
 .data.LCDtryAgainOption
                0x0000000020000000        0x1 Core/Src/LCDgameService.o
                0x0000000020000000                LCDtryAgainOption
 .data.LCDtryAgainOptionTemp
                0x0000000020000001        0x1 Core/Src/LCDgameService.o
                0x0000000020000001                LCDtryAgainOptionTemp
 .data.tryAgain
                0x0000000020000002        0x1 Core/Src/LCDgameService.o
                0x0000000020000002                tryAgain
 *fill*         0x0000000020000003        0x1 
 .data.mainMenuIndex
                0x0000000020000004        0x4 Core/Src/Menu.o
                0x0000000020000004                mainMenuIndex
 .data.levelMenuIndex
                0x0000000020000008        0x4 Core/Src/Menu.o
                0x0000000020000008                levelMenuIndex
 .data.levelMenuIndexTemp
                0x000000002000000c        0x4 Core/Src/Menu.o
                0x000000002000000c                levelMenuIndexTemp
 .data.highscoresIndexAnim
                0x0000000020000010        0x4 Core/Src/Menu.o
                0x0000000020000010                highscoresIndexAnim
 .data.selectedLevel
                0x0000000020000014        0x1 Core/Src/Menu.o
                0x0000000020000014                selectedLevel
 *fill*         0x0000000020000015        0x3 
 .data.initLineStep
                0x0000000020000018        0x4 Core/Src/enemyControl.o
                0x0000000020000018                initLineStep
 .data.enemyLineCount
                0x000000002000001c        0x4 Core/Src/enemyControl.o
                0x000000002000001c                enemyLineCount
 .data.enemyTotalCount
                0x0000000020000020        0x4 Core/Src/enemyControl.o
                0x0000000020000020                enemyTotalCount
 .data.newRound
                0x0000000020000024        0x1 Core/Src/enemyControl.o
                0x0000000020000024                newRound
 .data.enemyShootInit_1
                0x0000000020000025        0x1 Core/Src/enemyShootingControl.o
                0x0000000020000025                enemyShootInit_1
 .data.enemyShootInit_2
                0x0000000020000026        0x1 Core/Src/enemyShootingControl.o
                0x0000000020000026                enemyShootInit_2
 .data.enemyShootInit_3
                0x0000000020000027        0x1 Core/Src/enemyShootingControl.o
                0x0000000020000027                enemyShootInit_3
 .data.enemyShootInit_4
                0x0000000020000028        0x1 Core/Src/enemyShootingControl.o
                0x0000000020000028                enemyShootInit_4
 .data.enemyShootFirstDiode_1
                0x0000000020000029        0x1 Core/Src/enemyShootingControl.o
                0x0000000020000029                enemyShootFirstDiode_1
 .data.enemyShootFirstDiode_2
                0x000000002000002a        0x1 Core/Src/enemyShootingControl.o
                0x000000002000002a                enemyShootFirstDiode_2
 .data.enemyShootFirstDiode_3
                0x000000002000002b        0x1 Core/Src/enemyShootingControl.o
                0x000000002000002b                enemyShootFirstDiode_3
 .data.enemyShootFirstDiode_4
                0x000000002000002c        0x1 Core/Src/enemyShootingControl.o
                0x000000002000002c                enemyShootFirstDiode_4
 *fill*         0x000000002000002d        0x3 
 .data.gameRound
                0x0000000020000030        0x4 Core/Src/game.o
                0x0000000020000030                gameRound
 .data.initColor
                0x0000000020000034        0x1 Core/Src/gameOver.o
                0x0000000020000034                initColor
 .data.reverseColor_2
                0x0000000020000035        0x1 Core/Src/gameOver.o
                0x0000000020000035                reverseColor_2
 *fill*         0x0000000020000036        0x2 
 .data.gameOverThemeStep
                0x0000000020000038        0x4 Core/Src/gameOver.o
                0x0000000020000038                gameOverThemeStep
 .data.gameOverThemeStep_2
                0x000000002000003c        0x4 Core/Src/gameOver.o
                0x000000002000003c                gameOverThemeStep_2
 .data.gameOverColor_2
                0x0000000020000040        0x4 Core/Src/gameOver.o
                0x0000000020000040                gameOverColor_2
 .data.enableGameOver
                0x0000000020000044        0x1 Core/Src/gameOver.o
                0x0000000020000044                enableGameOver
 *fill*         0x0000000020000045        0x3 
 .data.animationRound
                0x0000000020000048        0x4 Core/Src/intro.o
                0x0000000020000048                animationRound
 .data.intro    0x000000002000004c        0x1 Core/Src/intro.o
                0x000000002000004c                intro
 .data.blockPress
                0x000000002000004d        0x1 Core/Src/joystick.o
                0x000000002000004d                blockPress
 .data.blockUp  0x000000002000004e        0x1 Core/Src/joystick.o
                0x000000002000004e                blockUp
 .data.blockDown
                0x000000002000004f        0x1 Core/Src/joystick.o
                0x000000002000004f                blockDown
 .data.blockRight
                0x0000000020000050        0x1 Core/Src/joystick.o
                0x0000000020000050                blockRight
 .data.blockLeft
                0x0000000020000051        0x1 Core/Src/joystick.o
                0x0000000020000051                blockLeft
 *fill*         0x0000000020000052        0x2 
 .data.A1       0x0000000020000054        0x8 Core/Src/lcdchars.o
                0x0000000020000054                A1
 .data.B1       0x000000002000005c        0x8 Core/Src/lcdchars.o
                0x000000002000005c                B1
 .data.C1       0x0000000020000064        0x8 Core/Src/lcdchars.o
                0x0000000020000064                C1
 .data.D1       0x000000002000006c        0x8 Core/Src/lcdchars.o
                0x000000002000006c                D1
 .data.E1       0x0000000020000074        0x8 Core/Src/lcdchars.o
                0x0000000020000074                E1
 .data.F1       0x000000002000007c        0x8 Core/Src/lcdchars.o
                0x000000002000007c                F1
 .data.G1       0x0000000020000084        0x8 Core/Src/lcdchars.o
                0x0000000020000084                G1
 .data.H1       0x000000002000008c        0x8 Core/Src/lcdchars.o
                0x000000002000008c                H1
 .data.J1       0x0000000020000094        0x8 Core/Src/lcdchars.o
                0x0000000020000094                J1
 .data.K1       0x000000002000009c        0x8 Core/Src/lcdchars.o
                0x000000002000009c                K1
 .data.L1       0x00000000200000a4        0x8 Core/Src/lcdchars.o
                0x00000000200000a4                L1
 .data.M1       0x00000000200000ac        0x8 Core/Src/lcdchars.o
                0x00000000200000ac                M1
 .data.N1       0x00000000200000b4        0x8 Core/Src/lcdchars.o
                0x00000000200000b4                N1
 .data.O1       0x00000000200000bc        0x8 Core/Src/lcdchars.o
                0x00000000200000bc                O1
 .data.P1       0x00000000200000c4        0x8 Core/Src/lcdchars.o
                0x00000000200000c4                P1
 .data.R1       0x00000000200000cc        0x8 Core/Src/lcdchars.o
                0x00000000200000cc                R1
 .data.S1       0x00000000200000d4        0x8 Core/Src/lcdchars.o
                0x00000000200000d4                S1
 .data.T1       0x00000000200000dc        0x8 Core/Src/lcdchars.o
                0x00000000200000dc                T1
 .data.U1       0x00000000200000e4        0x8 Core/Src/lcdchars.o
                0x00000000200000e4                U1
 .data.W1       0x00000000200000ec        0x8 Core/Src/lcdchars.o
                0x00000000200000ec                W1
 .data.X1       0x00000000200000f4        0x8 Core/Src/lcdchars.o
                0x00000000200000f4                X1
 .data.Y1       0x00000000200000fc        0x8 Core/Src/lcdchars.o
                0x00000000200000fc                Y1
 .data.Z1       0x0000000020000104        0x8 Core/Src/lcdchars.o
                0x0000000020000104                Z1
 .data.V1       0x000000002000010c        0x8 Core/Src/lcdchars.o
                0x000000002000010c                V1
 .data.A2       0x0000000020000114        0x8 Core/Src/lcdchars.o
                0x0000000020000114                A2
 .data.B2       0x000000002000011c        0x8 Core/Src/lcdchars.o
                0x000000002000011c                B2
 .data.C2       0x0000000020000124        0x8 Core/Src/lcdchars.o
                0x0000000020000124                C2
 .data.D2       0x000000002000012c        0x8 Core/Src/lcdchars.o
                0x000000002000012c                D2
 .data.E2       0x0000000020000134        0x8 Core/Src/lcdchars.o
                0x0000000020000134                E2
 .data.F2       0x000000002000013c        0x8 Core/Src/lcdchars.o
                0x000000002000013c                F2
 .data.G2       0x0000000020000144        0x8 Core/Src/lcdchars.o
                0x0000000020000144                G2
 .data.H2       0x000000002000014c        0x8 Core/Src/lcdchars.o
                0x000000002000014c                H2
 .data.I2       0x0000000020000154        0x8 Core/Src/lcdchars.o
                0x0000000020000154                I2
 .data.J2       0x000000002000015c        0x8 Core/Src/lcdchars.o
                0x000000002000015c                J2
 .data.K2       0x0000000020000164        0x8 Core/Src/lcdchars.o
                0x0000000020000164                K2
 .data.L2       0x000000002000016c        0x8 Core/Src/lcdchars.o
                0x000000002000016c                L2
 .data.M2       0x0000000020000174        0x8 Core/Src/lcdchars.o
                0x0000000020000174                M2
 .data.N2       0x000000002000017c        0x8 Core/Src/lcdchars.o
                0x000000002000017c                N2
 .data.O2       0x0000000020000184        0x8 Core/Src/lcdchars.o
                0x0000000020000184                O2
 .data.P2       0x000000002000018c        0x8 Core/Src/lcdchars.o
                0x000000002000018c                P2
 .data.R2       0x0000000020000194        0x8 Core/Src/lcdchars.o
                0x0000000020000194                R2
 .data.S2       0x000000002000019c        0x8 Core/Src/lcdchars.o
                0x000000002000019c                S2
 .data.T2       0x00000000200001a4        0x8 Core/Src/lcdchars.o
                0x00000000200001a4                T2
 .data.U2       0x00000000200001ac        0x8 Core/Src/lcdchars.o
                0x00000000200001ac                U2
 .data.W2       0x00000000200001b4        0x8 Core/Src/lcdchars.o
                0x00000000200001b4                W2
 .data.X2       0x00000000200001bc        0x8 Core/Src/lcdchars.o
                0x00000000200001bc                X2
 .data.Y2       0x00000000200001c4        0x8 Core/Src/lcdchars.o
                0x00000000200001c4                Y2
 .data.Z2       0x00000000200001cc        0x8 Core/Src/lcdchars.o
                0x00000000200001cc                Z2
 .data.V2       0x00000000200001d4        0x8 Core/Src/lcdchars.o
                0x00000000200001d4                V2
 .data.downArrow
                0x00000000200001dc        0x8 Core/Src/lcdchars.o
                0x00000000200001dc                downArrow
 .data.upArrow  0x00000000200001e4        0x8 Core/Src/lcdchars.o
                0x00000000200001e4                upArrow
 .data.Space    0x00000000200001ec        0x8 Core/Src/lcdchars.o
                0x00000000200001ec                Space
 .data.shootingSpace_1_1
                0x00000000200001f4        0x8 Core/Src/lcdchars.o
                0x00000000200001f4                shootingSpace_1_1
 .data.shootingSpace_2_1
                0x00000000200001fc        0x8 Core/Src/lcdchars.o
                0x00000000200001fc                shootingSpace_2_1
 .data.shootingSpace_3_1
                0x0000000020000204        0x8 Core/Src/lcdchars.o
                0x0000000020000204                shootingSpace_3_1
 .data.shootingSpace_4_1
                0x000000002000020c        0x8 Core/Src/lcdchars.o
                0x000000002000020c                shootingSpace_4_1
 .data.shootingSpace_5_1
                0x0000000020000214        0x8 Core/Src/lcdchars.o
                0x0000000020000214                shootingSpace_5_1
 .data.shootingSpace_1_2
                0x000000002000021c        0x8 Core/Src/lcdchars.o
                0x000000002000021c                shootingSpace_1_2
 .data.shootingSpace_2_2
                0x0000000020000224        0x8 Core/Src/lcdchars.o
                0x0000000020000224                shootingSpace_2_2
 .data.shootingSpace_3_2
                0x000000002000022c        0x8 Core/Src/lcdchars.o
                0x000000002000022c                shootingSpace_3_2
 .data.enemyRight
                0x0000000020000234        0x8 Core/Src/lcdchars.o
                0x0000000020000234                enemyRight
 .data.enemyLeft
                0x000000002000023c        0x8 Core/Src/lcdchars.o
                0x000000002000023c                enemyLeft
 .data.enemyLeft2
                0x0000000020000244        0x8 Core/Src/lcdchars.o
                0x0000000020000244                enemyLeft2
 .data.enemyRight2
                0x000000002000024c        0x8 Core/Src/lcdchars.o
                0x000000002000024c                enemyRight2
 .data.enemyLeft3
                0x0000000020000254        0x8 Core/Src/lcdchars.o
                0x0000000020000254                enemyLeft3
 .data.enemyLeft4
                0x000000002000025c        0x8 Core/Src/lcdchars.o
                0x000000002000025c                enemyLeft4
 .data.enemy2Left
                0x0000000020000264        0x8 Core/Src/lcdchars.o
                0x0000000020000264                enemy2Left
 .data.enemy2Left2
                0x000000002000026c        0x8 Core/Src/lcdchars.o
                0x000000002000026c                enemy2Left2
 .data.enemy2Left3
                0x0000000020000274        0x8 Core/Src/lcdchars.o
                0x0000000020000274                enemy2Left3
 .data.enemy2Left4
                0x000000002000027c        0x8 Core/Src/lcdchars.o
                0x000000002000027c                enemy2Left4
 .data.enemy2Left5
                0x0000000020000284        0x8 Core/Src/lcdchars.o
                0x0000000020000284                enemy2Left5
 .data.enemy2Right
                0x000000002000028c        0x8 Core/Src/lcdchars.o
                0x000000002000028c                enemy2Right
 .data.enemy2Right2
                0x0000000020000294        0x8 Core/Src/lcdchars.o
                0x0000000020000294                enemy2Right2
 .data.enemy2Right3
                0x000000002000029c        0x8 Core/Src/lcdchars.o
                0x000000002000029c                enemy2Right3
 .data.enemy2Right4
                0x00000000200002a4        0x8 Core/Src/lcdchars.o
                0x00000000200002a4                enemy2Right4
 .data.enemy2Right5
                0x00000000200002ac        0x8 Core/Src/lcdchars.o
                0x00000000200002ac                enemy2Right5
 .data.enemy3Right
                0x00000000200002b4        0x8 Core/Src/lcdchars.o
                0x00000000200002b4                enemy3Right
 .data.enemy3Right2
                0x00000000200002bc        0x8 Core/Src/lcdchars.o
                0x00000000200002bc                enemy3Right2
 .data.enemy3Right3
                0x00000000200002c4        0x8 Core/Src/lcdchars.o
                0x00000000200002c4                enemy3Right3
 .data.enemy3Right4
                0x00000000200002cc        0x8 Core/Src/lcdchars.o
                0x00000000200002cc                enemy3Right4
 .data.ienemy2Left
                0x00000000200002d4        0x8 Core/Src/lcdchars.o
                0x00000000200002d4                ienemy2Left
 .data.ienemy2Left2
                0x00000000200002dc        0x8 Core/Src/lcdchars.o
                0x00000000200002dc                ienemy2Left2
 .data.ienemy2Left3
                0x00000000200002e4        0x8 Core/Src/lcdchars.o
                0x00000000200002e4                ienemy2Left3
 .data.ienemy2Left4
                0x00000000200002ec        0x8 Core/Src/lcdchars.o
                0x00000000200002ec                ienemy2Left4
 .data.ienemy2Left5
                0x00000000200002f4        0x8 Core/Src/lcdchars.o
                0x00000000200002f4                ienemy2Left5
 .data.ienemy2Right
                0x00000000200002fc        0x8 Core/Src/lcdchars.o
                0x00000000200002fc                ienemy2Right
 .data.ienemy2Right2
                0x0000000020000304        0x8 Core/Src/lcdchars.o
                0x0000000020000304                ienemy2Right2
 .data.ienemy2Right3
                0x000000002000030c        0x8 Core/Src/lcdchars.o
                0x000000002000030c                ienemy2Right3
 .data.ienemy2Right4
                0x0000000020000314        0x8 Core/Src/lcdchars.o
                0x0000000020000314                ienemy2Right4
 .data.ienemy2Right5
                0x000000002000031c        0x8 Core/Src/lcdchars.o
                0x000000002000031c                ienemy2Right5
 .data.ienemy3Right
                0x0000000020000324        0x8 Core/Src/lcdchars.o
                0x0000000020000324                ienemy3Right
 .data.ienemy3Right2
                0x000000002000032c        0x8 Core/Src/lcdchars.o
                0x000000002000032c                ienemy3Right2
 .data.ienemy3Right3
                0x0000000020000334        0x8 Core/Src/lcdchars.o
                0x0000000020000334                ienemy3Right3
 .data.ienemy3Right4
                0x000000002000033c        0x8 Core/Src/lcdchars.o
                0x000000002000033c                ienemy3Right4
 .data.line     0x0000000020000344        0x8 Core/Src/lcdchars.o
                0x0000000020000344                line
 .data.left_arrow
                0x000000002000034c        0x8 Core/Src/lcdchars.o
                0x000000002000034c                left_arrow
 .data.iSpace   0x0000000020000354        0x4 Core/Src/loading.o
                0x0000000020000354                iSpace
 .data.gameNotStarted_Reverse
                0x0000000020000358        0x1 Core/Src/main.o
                0x0000000020000358                gameNotStarted_Reverse
 .data.playerSpawn
                0x0000000020000359        0x1 Core/Src/playerControl.o
                0x0000000020000359                playerSpawn
 .data.playerDirection
                0x000000002000035a        0x1 Core/Src/playerControl.o
                0x000000002000035a                playerDirection
 *fill*         0x000000002000035b        0x1 
 .data.SystemCoreClock
                0x000000002000035c        0x4 Core/Src/system_stm32f7xx.o
                0x000000002000035c                SystemCoreClock
 .data.uwTickPrio
                0x0000000020000360        0x4 Drivers/STM32F7xx_HAL_Driver/Src/stm32f7xx_hal.o
                0x0000000020000360                uwTickPrio
 .data.uwTickFreq
                0x0000000020000364        0x1 Drivers/STM32F7xx_HAL_Driver/Src/stm32f7xx_hal.o
                0x0000000020000364                uwTickFreq
 *fill*         0x0000000020000365        0x3 
 .data._impure_ptr
                0x0000000020000368        0x4 c:/st/stm32cubeide_1.2.0/stm32cubeide/plugins/com.st.stm32cube.ide.mcu.externaltools.gnu-tools-for-stm32.7-2018-q2-update.win32_1.0.0.201904181610/tools/bin/../lib/gcc/arm-none-eabi/7.3.1/../../../../arm-none-eabi/lib/thumb/v7e-m/fpv4-sp/hard\libc_nano.a(lib_a-impure.o)
                0x0000000020000368                _impure_ptr
 .data.impure_data
                0x000000002000036c       0x60 c:/st/stm32cubeide_1.2.0/stm32cubeide/plugins/com.st.stm32cube.ide.mcu.externaltools.gnu-tools-for-stm32.7-2018-q2-update.win32_1.0.0.201904181610/tools/bin/../lib/gcc/arm-none-eabi/7.3.1/../../../../arm-none-eabi/lib/thumb/v7e-m/fpv4-sp/hard\libc_nano.a(lib_a-impure.o)
                0x00000000200003cc                . = ALIGN (0x4)
                0x00000000200003cc                _edata = .

.igot.plt       0x00000000200003cc        0x0 load address 0x000000000803bc60
 .igot.plt      0x00000000200003cc        0x0 c:/st/stm32cubeide_1.2.0/stm32cubeide/plugins/com.st.stm32cube.ide.mcu.externaltools.gnu-tools-for-stm32.7-2018-q2-update.win32_1.0.0.201904181610/tools/bin/../lib/gcc/arm-none-eabi/7.3.1/thumb/v7e-m/fpv4-sp/hard/crtbegin.o
                0x00000000200003cc                . = ALIGN (0x4)

.bss            0x00000000200003cc     0x1fd8 load address 0x000000000803bc60
                0x00000000200003cc                _sbss = .
                0x00000000200003cc                __bss_start__ = _sbss
 *(.bss)
 .bss           0x00000000200003cc       0x1c c:/st/stm32cubeide_1.2.0/stm32cubeide/plugins/com.st.stm32cube.ide.mcu.externaltools.gnu-tools-for-stm32.7-2018-q2-update.win32_1.0.0.201904181610/tools/bin/../lib/gcc/arm-none-eabi/7.3.1/thumb/v7e-m/fpv4-sp/hard/crtbegin.o
 *(.bss*)
 .bss.lcdInitSample
                0x00000000200003e8        0x1 Core/Src/LCDgameService.o
                0x00000000200003e8                lcdInitSample
 .bss.LCDtriedAgain
                0x00000000200003e9        0x1 Core/Src/LCDgameService.o
                0x00000000200003e9                LCDtriedAgain
 *fill*         0x00000000200003ea        0x2 
 .bss.LCDtitleAnimationStep
                0x00000000200003ec        0x4 Core/Src/LCDgameService.o
                0x00000000200003ec                LCDtitleAnimationStep
 .bss.waitToDisplayTryAgain
                0x00000000200003f0        0x4 Core/Src/LCDgameService.o
                0x00000000200003f0                waitToDisplayTryAgain
 .bss.LCDtryAgainAnimationStep
                0x00000000200003f4        0x4 Core/Src/LCDgameService.o
                0x00000000200003f4                LCDtryAgainAnimationStep
 .bss.reverseLCDtitleAnimation
                0x00000000200003f8        0x1 Core/Src/LCDgameService.o
                0x00000000200003f8                reverseLCDtitleAnimation
 *fill*         0x00000000200003f9        0x3 
 .bss.hiscoreMenuIndex
                0x00000000200003fc        0x4 Core/Src/Menu.o
                0x00000000200003fc                hiscoreMenuIndex
 .bss.creditsMenuIndex
                0x0000000020000400        0x4 Core/Src/Menu.o
                0x0000000020000400                creditsMenuIndex
 .bss.creditsMenuIndexTemp
                0x0000000020000404        0x4 Core/Src/Menu.o
                0x0000000020000404                creditsMenuIndexTemp
 .bss.creditsIndexAnim
                0x0000000020000408        0x4 Core/Src/Menu.o
                0x0000000020000408                creditsIndexAnim
 .bss.leftArrowAnimIndex
                0x000000002000040c        0x4 Core/Src/Menu.o
                0x000000002000040c                leftArrowAnimIndex
 .bss.creditsMenuIndexTemp2
                0x0000000020000410        0x4 Core/Src/Menu.o
                0x0000000020000410                creditsMenuIndexTemp2
 .bss.hiscoreMenu
                0x0000000020000414        0x1 Core/Src/Menu.o
                0x0000000020000414                hiscoreMenu
 .bss.leftArrowAnim