lcdcommands.c:3:6:lcd_clear_1	8	static
lcdcommands.c:8:6:lcd_clear_2	8	static
lcdcommands.c:13:6:lcd_clear_3	8	static
lcdcommands.c:18:6:lcd_clear_4	8	static
lcdcommands.c:23:6:lcd_cls	8	static
lcdcommands.c:34:6:lcd_special_cls	8	static
lcdcommands.c:45:6:lcd_clear_1_8_lines	8	static
lcdcommands.c:50:6:lcd_clear_2_8_lines	8	static
lcdcommands.c:55:6:lcd_clear_3_8_lines	8	static
lcdcommands.c:60:6:lcd_clear_4_8_lines	8	static
lcdcommands.c:66:6:LCD_SetLocalization	16	static
lcdcommands.c:71:6:LCD_SendWord	16	static
