main.c:127:6:LCD_gameStarted	16	static
main.c:192:6:LCD_gameStartedTitleAnimation	8	static
main.c:375:6:LCD_tryAgain	16	static
main.c:396:6:tryAgainCheckForSelectedOption	8	static
main.c:416:6:tryAgainSelectedOptionAnimation	16	static
main.c:457:6:LCDcheckExecuteOption	8	static
main.c:525:6:HAL_TIM_PeriodElapsedCallback	16	static
main.c:712:5:main	8	static
main.c:790:6:SystemClock_Config	216	static
main.c:841:13:MX_ADC1_Init	24	static
main.c:895:13:MX_I2C2_Init	8	static
main.c:938:13:MX_TIM2_Init	40	static
main.c:980:13:MX_TIM3_Init	40	static
main.c:1022:13:MX_TIM4_Init	40	static
main.c:1064:13:MX_TIM5_Init	40	static
main.c:1106:13:MX_TIM6_Init	24	static
main.c:1142:13:MX_TIM7_Init	24	static
main.c:1178:13:MX_TIM8_Init	40	static
main.c:1222:13:MX_TIM9_Init	24	static
main.c:1257:13:MX_TIM10_Init	8	static
main.c:1286:13:MX_TIM11_Init	8	static
main.c:1315:13:MX_TIM12_Init	24	static
main.c:1350:13:MX_TIM13_Init	8	static
main.c:1378:13:MX_GPIO_Init	48	static
main.c:1414:6:Error_Handler	4	static
