main.c:126:6:SpaceInvaders_TIM2	56	static
main.c:233:6:SpaceInvaders_TIM3	8	static
main.c:279:6:SpaceInvaders_TIM4	8	static
main.c:284:6:SpaceInvaders_TIM5	8	static
main.c:312:6:SpaceInvaders_TIM6	4	static
main.c:315:6:SpaceInvaders_TIM7	4	static
main.c:320:6:SpaceInvaders_TIM8	4	static
main.c:333:6:SpaceInvaders_TIM9	8	static
main.c:356:6:SpaceInvaders_TIM10	8	static
main.c:368:6:SpaceInvaders_TIM11	8	static
main.c:391:6:SpaceInvaders_TIM12	8	static
main.c:405:6:SpaceInvaders_TIM13	32	static
main.c:450:6:gameNotStartedTheme	8	static
main.c:465:6:HAL_TIM_PeriodElapsedCallback	24	static
main.c:548:5:main	8	static
main.c:627:6:SystemClock_Config	216	static
main.c:678:13:MX_ADC1_Init	24	static
main.c:732:13:MX_I2C2_Init	8	static
main.c:775:13:MX_TIM2_Init	40	static
main.c:817:13:MX_TIM3_Init	40	static
main.c:859:13:MX_TIM4_Init	40	static
main.c:901:13:MX_TIM5_Init	40	static
main.c:943:13:MX_TIM6_Init	24	static
main.c:979:13:MX_TIM7_Init	24	static
main.c:1015:13:MX_TIM8_Init	40	static
main.c:1059:13:MX_TIM9_Init	24	static
main.c:1094:13:MX_TIM10_Init	8	static
main.c:1123:13:MX_TIM11_Init	8	static
main.c:1152:13:MX_TIM12_Init	24	static
main.c:1187:13:MX_TIM13_Init	8	static
main.c:1215:13:MX_GPIO_Init	48	static
main.c:1251:6:Error_Handler	4	static
