Menu.c:39:6:menuResetVariables	8	static
Menu.c:73:6:MENU	8	static
Menu.c:164:6:MENU_Animation_TIM2	8	static
Menu.c:182:6:MENU_Animation_TIM5	8	static
Menu.c:201:6:textFade	8	static
Menu.c:219:6:showUpperText	8	static
Menu.c:230:6:main_Menu	16	static
Menu.c:326:6:main_Menu_Marked	16	static
Menu.c:419:6:level_Menu	16	static
Menu.c:475:6:level_Menu_Picked	8	static
Menu.c:536:6:Menu_Conditions	8	static
Menu.c:612:6:highscoresAnimation	8	static
Menu.c:763:6:hiscore_Menu	16	static
Menu.c:926:6:creditsAnimation	8	static
Menu.c:1045:6:leftArrowAnimation	16	static
Menu.c:1100:6:credits_Menu	16	static
Menu.c:1202:6:credits_Menu_Marked	16	static
