stm32f7xx_it.c:86:6:NMI_Handler	4	static
stm32f7xx_it.c:99:6:HardFault_Handler	4	static
stm32f7xx_it.c:114:6:MemManage_Handler	4	static
stm32f7xx_it.c:129:6:BusFault_Handler	4	static
stm32f7xx_it.c:144:6:UsageFault_Handler	4	static
stm32f7xx_it.c:159:6:SVC_Handler	4	static
stm32f7xx_it.c:172:6:DebugMon_Handler	4	static
stm32f7xx_it.c:185:6:PendSV_Handler	4	static
stm32f7xx_it.c:198:6:SysTick_Handler	8	static
stm32f7xx_it.c:219:6:ADC_IRQHandler	8	static
stm32f7xx_it.c:233:6:TIM1_BRK_TIM9_IRQHandler	8	static
stm32f7xx_it.c:247:6:TIM1_UP_TIM10_IRQHandler	8	static
stm32f7xx_it.c:261:6:TIM1_TRG_COM_TIM11_IRQHandler	8	static
stm32f7xx_it.c:275:6:TIM2_IRQHandler	8	static
stm32f7xx_it.c:289:6:TIM3_IRQHandler	8	static
stm32f7xx_it.c:303:6:TIM4_IRQHandler	8	static
stm32f7xx_it.c:317:6:I2C2_EV_IRQHandler	8	static
stm32f7xx_it.c:331:6:I2C2_ER_IRQHandler	8	static
stm32f7xx_it.c:345:6:SPI1_IRQHandler	8	static
stm32f7xx_it.c:359:6:TIM8_BRK_TIM12_IRQHandler	8	static
stm32f7xx_it.c:374:6:TIM8_UP_TIM13_IRQHandler	8	static
stm32f7xx_it.c:389:6:TIM5_IRQHandler	8	static
stm32f7xx_it.c:403:6:TIM6_DAC_IRQHandler	8	static
stm32f7xx_it.c:417:6:TIM7_IRQHandler	8	static
stm32f7xx_it.c:431:6:DMA2_Stream0_IRQHandler	8	static
stm32f7xx_it.c:445:6:DMA2_Stream3_IRQHandler	8	static
